Archive member included to satisfy reference by file (symbol)

/tmp/arduino/sketches/63141143C7B993DCAD91B964819F148A/libraries/EEPROM/EEPROM.a(EEPROM.cpp.o)
                              /tmp/arduino/sketches/63141143C7B993DCAD91B964819F148A/sketch/clear_eeprom.ino.cpp.o (_ZN11EEPROMClass5writeEih)
/tmp/arduino/sketches/63141143C7B993DCAD91B964819F148A/core/core.a(main.cpp.o)
                              /tmp/arduino/sketches/63141143C7B993DCAD91B964819F148A/libraries/EEPROM/EEPROM.a(EEPROM.cpp.o) (rp2040)
/tmp/arduino/sketches/63141143C7B993DCAD91B964819F148A/core/core.a(malloc-lock.cpp.o)
                              /tmp/arduino/sketches/63141143C7B993DCAD91B964819F148A/core/core.a(main.cpp.o) (__wrap_malloc)
/tmp/arduino/sketches/63141143C7B993DCAD91B964819F148A/core/core.a(wiring_digital.cpp.o)
                              /tmp/arduino/sketches/63141143C7B993DCAD91B964819F148A/sketch/clear_eeprom.ino.cpp.o (pinMode)
/tmp/arduino/sketches/63141143C7B993DCAD91B964819F148A/core/core.a(wiring_private.cpp.o)
                              /tmp/arduino/sketches/63141143C7B993DCAD91B964819F148A/libraries/EEPROM/EEPROM.a(EEPROM.cpp.o) (interrupts)
/tmp/arduino/sketches/63141143C7B993DCAD91B964819F148A/core/core.a(CoreMutex.cpp.o)
                              /tmp/arduino/sketches/63141143C7B993DCAD91B964819F148A/core/core.a(wiring_private.cpp.o) (_ZN9CoreMutexC1EP5mutexh)
/tmp/arduino/sketches/63141143C7B993DCAD91B964819F148A/core/core.a(PIOProgram.cpp.o)
                              /tmp/arduino/sketches/63141143C7B993DCAD91B964819F148A/core/core.a(main.cpp.o) (_ZN10PIOProgramC1EPK11pio_program)
/tmp/arduino/sketches/63141143C7B993DCAD91B964819F148A/core/core.a(RP2040USB.cpp.o)
                              /tmp/arduino/sketches/63141143C7B993DCAD91B964819F148A/core/core.a(main.cpp.o) (_Z10__USBStartv)
/tmp/arduino/sketches/63141143C7B993DCAD91B964819F148A/core/core.a(SerialUSB.cpp.o)
                              /tmp/arduino/sketches/63141143C7B993DCAD91B964819F148A/core/core.a(main.cpp.o) (_ZN9SerialUSB5beginEm)
/tmp/arduino/sketches/63141143C7B993DCAD91B964819F148A/core/core.a(_freertos.cpp.o)
                              /tmp/arduino/sketches/63141143C7B993DCAD91B964819F148A/core/core.a(CoreMutex.cpp.o) (_Z28__get_freertos_mutex_for_ptrP5mutexb)
/tmp/arduino/sketches/63141143C7B993DCAD91B964819F148A/core/core.a(String.cpp.o)
                              /tmp/arduino/sketches/63141143C7B993DCAD91B964819F148A/core/core.a(main.cpp.o) (_ZN7arduino6StringD1Ev)
/tmp/arduino/sketches/63141143C7B993DCAD91B964819F148A/core/core.a(delay.cpp.o)
                              /tmp/arduino/sketches/63141143C7B993DCAD91B964819F148A/core/core.a(main.cpp.o) (delay)
/tmp/arduino/sketches/63141143C7B993DCAD91B964819F148A/core/core.a(stdlib_noniso.cpp.o)
                              /tmp/arduino/sketches/63141143C7B993DCAD91B964819F148A/core/core.a(String.cpp.o) (ltoa)
/tmp/arduino/sketches/63141143C7B993DCAD91B964819F148A/core/core.a(wiring_analog.cpp.o)
                              /tmp/arduino/sketches/63141143C7B993DCAD91B964819F148A/core/core.a(wiring_digital.cpp.o) (_Z13__clearADCPinh)
/home/runner/.arduino15/packages/rp2040/hardware/rp2040/3.9.2/lib/libpico.a(adc.c.obj)
                              /tmp/arduino/sketches/63141143C7B993DCAD91B964819F148A/core/core.a(wiring_analog.cpp.o) (adc_init)
/home/runner/.arduino15/packages/rp2040/hardware/rp2040/3.9.2/lib/libpico.a(sync.c.obj)
                              /tmp/arduino/sketches/63141143C7B993DCAD91B964819F148A/core/core.a(main.cpp.o) (next_striped_spin_lock_num)
/home/runner/.arduino15/packages/rp2040/hardware/rp2040/3.9.2/lib/libpico.a(gpio.c.obj)
                              /tmp/arduino/sketches/63141143C7B993DCAD91B964819F148A/core/core.a(wiring_digital.cpp.o) (gpio_set_function)
/home/runner/.arduino15/packages/rp2040/hardware/rp2040/3.9.2/lib/libpico.a(irq.c.obj)
                              /tmp/arduino/sketches/63141143C7B993DCAD91B964819F148A/core/core.a(main.cpp.o) (irq_set_enabled)
/home/runner/.arduino15/packages/rp2040/hardware/rp2040/3.9.2/lib/libpico.a(irq_handler_chain.S.obj)
                              /home/runner/.arduino15/packages/rp2040/hardware/rp2040/3.9.2/lib/libpico.a(irq.c.obj) (irq_handler_chain_slots)
/home/runner/.arduino15/packages/rp2040/hardware/rp2040/3.9.2/lib/libpico.a(mutex.c.obj)
                              /tmp/arduino/sketches/63141143C7B993DCAD91B964819F148A/core/core.a(main.cpp.o) (mutex_init)
/home/runner/.arduino15/packages/rp2040/hardware/rp2040/3.9.2/lib/libpico.a(time.c.obj)
                              /tmp/arduino/sketches/63141143C7B993DCAD91B964819F148A/core/core.a(RP2040USB.cpp.o) (alarm_pool_get_default)
/home/runner/.arduino15/packages/rp2040/hardware/rp2040/3.9.2/lib/libpico.a(timer.c.obj)
                              /home/runner/.arduino15/packages/rp2040/hardware/rp2040/3.9.2/lib/libpico.a(time.c.obj) (hardware_alarm_claim)
[...]
Memory Configuration

Name             Origin             Length             Attributes
FLASH            0x10000000         0x001ff000         xr
RAM              0x20000000         0x00040000         xrw
SCRATCH_X        0x20040000         0x00001000         xrw
SCRATCH_Y        0x20041000         0x00001000         xrw
*default*        0x00000000         0xffffffff

Linker script and memory map

LOAD /home/runner/.arduino15/packages/rp2040/tools/pqt-gcc/2.2.0-d04e724/bin/../lib/gcc/arm-none-eabi/12.3.0/thumb/crti.o
LOAD /home/runner/.arduino15/packages/rp2040/tools/pqt-gcc/2.2.0-d04e724/bin/../lib/gcc/arm-none-eabi/12.3.0/thumb/crtbegin.o
LOAD /home/runner/.arduino15/packages/rp2040/tools/pqt-gcc/2.2.0-d04e724/bin/../lib/gcc/arm-none-eabi/12.3.0/../../../../arm-none-eabi/lib/thumb/crt0.o
                0x101ff000                        PROVIDE (_EEPROM_start = 0x101ff000)
                [!provide]                        PROVIDE (_FS_start = 0x101ff000)
                [!provide]                        PROVIDE (_FS_end = 0x101ff000)

.flash_begin    0x10000000        0x0
                0x10000000                        __flash_binary_start = .

.boot2          0x10000000      0x100
                0x10000000                        __boot2_start__ = .
 *(.boot2)
 .boot2         0x10000000      0x100 /tmp/arduino/sketches/63141143C7B993DCAD91B964819F148A/boot2.o
                0x10000100                        __boot2_end__ = .
                0x00000001                        ASSERT (((__boot2_end__ - __boot2_start__) == 0x100), ERROR: Pico second stage bootloader must be 256 bytes in size)

.ota            0x10000100     0x25f8
 *(.OTA)
 .OTA           0x10000100     0x25f8 /home/runner/.arduino15/packages/rp2040/hardware/rp2040/3.9.2/lib/ota.o
                0x10000100                _binary_ota_bin_start
                0x100026f8                _binary_ota_bin_end

.partition      0x100026f8      0x908
                0x10002ff0                        . = (__flash_binary_start + 0x2ff0)
 *fill*         0x100026f8      0x8f8 
                0x10002ff0        0x4 LONG 0x101ff000
                0x10002ff4        0x4 LONG 0x101ff000
                0x10002ff8        0x4 LONG 0x101ff000
                0x10002ffc        0x4 LONG 0x1ff000

.text           0x10003000     0xc258
                0x10003000                        __logical_binary_start = .
 *(.vectors)
 .vectors       0x10003000       0xd4 /home/runner/.arduino15/packages/rp2040/hardware/rp2040/3.9.2/lib/libpico.a(crt0.S.obj)
                0x10003000                __vectors
                0x10003000                __VECTOR_TABLE
                0x100030c0                isr_invalid
                0x100030c0                __default_isrs_start
                0x100030c2                isr_nmi
                0x100030c4                isr_hardfault
                0x100030c6                isr_svcall
                0x100030c8                isr_pendsv
                0x100030ca                isr_systick
                0x100030cc                isr_irq30
                0x100030cc                __unhandled_user_irq
                0x100030cc                isr_irq13
                0x100030cc                isr_irq27
                0x100030cc                isr_irq31
                0x100030cc                isr_irq5
                0x100030cc                isr_irq11
                0x100030cc                isr_irq23
                0x100030cc                isr_irq18
                0x100030cc                isr_irq28
                0x100030cc                isr_irq19
                0x100030cc                isr_irq0
                0x100030cc                isr_irq6
                0x100030cc                isr_irq22
                0x100030cc                isr_irq17
                0x100030cc                isr_irq14
                0x100030cc                isr_irq2
                0x100030cc                isr_irq10
                0x100030cc                isr_irq8
                0x100030cc                isr_irq24
                0x100030cc                isr_irq1
                0x100030cc                isr_irq7
                0x100030cc                isr_irq21
                0x100030cc                isr_irq20
                0x100030cc                isr_irq15
                0x100030cc                isr_irq25
                0x100030cc                isr_irq4
                0x100030cc                isr_irq16
                0x100030cc                isr_irq29
                0x100030cc                isr_irq26
                0x100030cc                __default_isrs_end
                0x100030cc                isr_irq3
                0x100030cc                isr_irq12
                0x100030cc                isr_irq9
                0x100030d2                unhandled_user_irq_num_in_r0
 *(.binary_info_header)
 .binary_info_header
                0x100030d4        0x0 /home/runner/.arduino15/packages/rp2040/hardware/rp2040/3.9.2/lib/libpico.a(crt0.S.obj)
                0x100030d4                        __binary_info_header_end = .
 *(.reset)
 .reset         0x100030d4       0xa0 /home/runner/.arduino15/packages/rp2040/hardware/rp2040/3.9.2/lib/libpico.a(crt0.S.obj)
                0x100030d4                _entry_point
 *(.init)
 .init          0x10003174        0x4 /home/runner/.arduino15/packages/rp2040/tools/pqt-gcc/2.2.0-d04e724/bin/../lib/gcc/arm-none-eabi/12.3.0/thumb/crti.o
                0x10003174                _init
 *(EXCLUDE_FILE(*dvi.c.o *PicoDVI.cpp.o *divider.S.obj *interp.c.obj *libm.a: *libc.a:*lib_a-mem*.o *libgcc.a:) .text*)
 .text          0x10003178       0x98 /home/runner/.arduino15/packages/rp2040/tools/pqt-gcc/2.2.0-d04e724/bin/../lib/gcc/arm-none-eabi/12.3.0/thumb/crtbegin.o
 .text.setup    0x10003210       0x38 /tmp/arduino/sketches/63141143C7B993DCAD91B964819F148A/sketch/clear_eeprom.ino.cpp.o
                0x10003210                setup
 .text.loop     0x10003248        0x2 /tmp/arduino/sketches/63141143C7B993DCAD91B964819F148A/sketch/clear_eeprom.ino.cpp.o
                0x10003248                loop
 .text._ZN11EEPROMClass5writeEih
                0x1000324a       0x22 /tmp/arduino/sketches/63141143C7B993DCAD91B964819F148A/libraries/EEPROM/EEPROM.a(EEPROM.cpp.o)
                0x1000324a                _ZN11EEPROMClass5writeEih
 .text.startup._GLOBAL__sub_I__ZN11EEPROMClassC2Ev
                0x1000326c       0x18 /tmp/arduino/sketches/63141143C7B993DCAD91B964819F148A/libraries/EEPROM/EEPROM.a(EEPROM.cpp.o)
 .text._ZN6RP204015_SystickHandlerEv
                0x10003284       0x1c /tmp/arduino/sketches/63141143C7B993DCAD91B964819F148A/core/core.a(main.cpp.o)
                0x10003284                _ZN6RP204015_SystickHandlerEv
 .text._ZN6_MFIFO12registerCoreEv.part.0
                0x100032a0       0x24 /tmp/arduino/sketches/63141143C7B993DCAD91B964819F148A/core/core.a(main.cpp.o)
 .text.main1    0x100032c4       0x30 /tmp/arduino/sketches/63141143C7B993DCAD91B964819F148A/core/core.a(main.cpp.o)
                0x100032c4                main1
 .text._ZN6_MFIFO5beginEi.part.0.constprop.0
                0x100032f4       0x44 /tmp/arduino/sketches/63141143C7B993DCAD91B964819F148A/core/core.a(main.cpp.o)
 .text._ZN6RP20405beginEv
                0x10003338       0xb8 /tmp/arduino/sketches/63141143C7B993DCAD91B964819F148A/core/core.a(main.cpp.o)
                0x10003338                _ZN6RP20405beginEv
 .text.initVariant
                0x100033f0        0x2 /tmp/arduino/sketches/63141143C7B993DCAD91B964819F148A/core/core.a(main.cpp.o)
                0x100033f0                initVariant
 *fill*         0x100033f2        0x2 
 .text._Z6__loopv
                0x100033f4       0x30 /tmp/arduino/sketches/63141143C7B993DCAD91B964819F148A/core/core.a(main.cpp.o)
                0x100033f4                _Z6__loopv
 .text.__wrap___getreent
                0x10003424       0x1c /tmp/arduino/sketches/63141143C7B993DCAD91B964819F148A/core/core.a(main.cpp.o)
                0x10003424                __wrap___getreent
 .text.startup._GLOBAL__sub_I_rp2040
                0x10003440       0x28 /tmp/arduino/sketches/63141143C7B993DCAD91B964819F148A/core/core.a(main.cpp.o)
 .text.startup.main
                0x10003468      0x14c /tmp/arduino/sketches/63141143C7B993DCAD91B964819F148A/core/core.a(main.cpp.o)
                0x10003468                main
 .text.__wrap_malloc
                0x100035b4       0x18 /tmp/arduino/sketches/63141143C7B993DCAD91B964819F148A/core/core.a(malloc-lock.cpp.o)
                0x100035b4                __wrap_malloc
 .text.__wrap_calloc
                0x100035cc       0x1c /tmp/arduino/sketches/63141143C7B993DCAD91B964819F148A/core/core.a(malloc-lock.cpp.o)
                0x100035cc                __wrap_calloc
 .text.__wrap_realloc
                0x100035e8       0x1c /tmp/arduino/sketches/63141143C7B993DCAD91B964819F148A/core/core.a(malloc-lock.cpp.o)
                0x100035e8                __wrap_realloc
 .text.__wrap_free
                0x10003604       0x14 /tmp/arduino/sketches/63141143C7B993DCAD91B964819F148A/core/core.a(malloc-lock.cpp.o)
                0x10003604                __wrap_free
 .text.__pinMode
                0x10003618       0xb0 /tmp/arduino/sketches/63141143C7B993DCAD91B964819F148A/core/core.a(wiring_digital.cpp.o)
                0x10003618                __pinMode
                0x10003618                pinMode
 .text.__digitalWrite
                0x100036c8       0x44 /tmp/arduino/sketches/63141143C7B993DCAD91B964819F148A/core/core.a(wiring_digital.cpp.o)
                0x100036c8                digitalWrite
                0x100036c8                __digitalWrite
 .text.interrupts
                0x1000370c       0x30 /tmp/arduino/sketches/63141143C7B993DCAD91B964819F148A/core/core.a(wiring_private.cpp.o)
                0x1000370c                interrupts
 .text.noInterrupts
                0x1000373c       0x3c /tmp/arduino/sketches/63141143C7B993DCAD91B964819F148A/core/core.a(wiring_private.cpp.o)
                0x1000373c                noInterrupts
 .text.startup._GLOBAL__sub_I_interrupts
                0x10003778       0x1c /tmp/arduino/sketches/63141143C7B993DCAD91B964819F148A/core/core.a(wiring_private.cpp.o)
 .text._ZN9CoreMutexC2EP5mutexh
                0x10003794       0x68 /tmp/arduino/sketches/63141143C7B993DCAD91B964819F148A/core/core.a(CoreMutex.cpp.o)
                0x10003794                _ZN9CoreMutexC2EP5mutexh
                0x10003794                _ZN9CoreMutexC1EP5mutexh
 .text._ZN9CoreMutexD2Ev
                0x100037fc       0x44 /tmp/arduino/sketches/63141143C7B993DCAD91B964819F148A/core/core.a(CoreMutex.cpp.o)
                0x100037fc                _ZN9CoreMutexD2Ev
                0x100037fc                _ZN9CoreMutexD1Ev
 .text._ZN10PIOProgramC2EPK11pio_program
                0x10003840        0xc /tmp/arduino/sketches/63141143C7B993DCAD91B964819F148A/core/core.a(PIOProgram.cpp.o)
                0x10003840                _ZN10PIOProgramC1EPK11pio_program
                0x10003840                _ZN10PIOProgramC2EPK11pio_program
 .text._ZN10PIOProgram7prepareEPP8pio_hw_tPiS3_
                0x1000384c      0x198 /tmp/arduino/sketches/63141143C7B993DCAD91B964819F148A/core/core.a(PIOProgram.cpp.o)
                0x1000384c                _ZN10PIOProgram7prepareEPP8pio_hw_tPiS3_
 .text.startup._GLOBAL__sub_I__ZN10PIOProgramC2EPK11pio_program
                0x100039e4       0x2c /tmp/arduino/sketches/63141143C7B993DCAD91B964819F148A/core/core.a(PIOProgram.cpp.o)
 .text._ZL10timer_tasklPv
                0x10003a10       0x18 /tmp/arduino/sketches/63141143C7B993DCAD91B964819F148A/core/core.a(RP2040USB.cpp.o)
 .text._ZL7usb_irqv
                0x10003a28       0x28 /tmp/arduino/sketches/63141143C7B993DCAD91B964819F148A/core/core.a(RP2040USB.cpp.o)
 .text.tud_descriptor_device_cb
                0x10003a50       0xb8 /tmp/arduino/sketches/63141143C7B993DCAD91B964819F148A/core/core.a(RP2040USB.cpp.o)
                0x10003a50                tud_descriptor_device_cb
 .text._Z20__SetupDescHIDReportv
                0x10003b08      0x1cc /tmp/arduino/sketches/63141143C7B993DCAD91B964819F148A/core/core.a(RP2040USB.cpp.o)
                0x10003b08                _Z20__SetupDescHIDReportv
 .text.tud_hid_descriptor_report_cb
                0x10003cd4        0xc /tmp/arduino/sketches/63141143C7B993DCAD91B964819F148A/core/core.a(RP2040USB.cpp.o)
                0x10003cd4                tud_hid_descriptor_report_cb
 .text.tud_descriptor_configuration_cb
                0x10003ce0        0xc /tmp/arduino/sketches/63141143C7B993DCAD91B964819F148A/core/core.a(RP2040USB.cpp.o)
                0x10003ce0                tud_descriptor_configuration_cb
 .text._Z20__SetupUSBDescriptorv
                0x10003cec      0x1c0 /tmp/arduino/sketches/63141143C7B993DCAD91B964819F148A/core/core.a(RP2040USB.cpp.o)
                0x10003cec                _Z20__SetupUSBDescriptorv
 .text.tud_descriptor_string_cb
                0x10003eac       0x68 /tmp/arduino/sketches/63141143C7B993DCAD91B964819F148A/core/core.a(RP2040USB.cpp.o)
                0x10003eac                tud_descriptor_string_cb
 .text._Z10__USBStartv
                0x10003f14       0x9c /tmp/arduino/sketches/63141143C7B993DCAD91B964819F148A/core/core.a(RP2040USB.cpp.o)
                0x10003f14                _Z10__USBStartv
 .text.tud_hid_get_report_cb
                0x10003fb0        0x4 /tmp/arduino/sketches/63141143C7B993DCAD91B964819F148A/core/core.a(RP2040USB.cpp.o)
                0x10003fb0                tud_hid_get_report_cb
 .text.tud_hid_set_report_cb
                0x10003fb4        0x2 /tmp/arduino/sketches/63141143C7B993DCAD91B964819F148A/core/core.a(RP2040USB.cpp.o)
                0x10003fb4                tud_hid_set_report_cb
 .text.tud_msc_read10_cb
                0x10003fb6        0x6 /tmp/arduino/sketches/63141143C7B993DCAD91B964819F148A/core/core.a(RP2040USB.cpp.o)
                0x10003fb6                tud_msc_read10_cb
 .text.tud_msc_test_unit_ready_cb
                0x10003fbc        0x4 /tmp/arduino/sketches/63141143C7B993DCAD91B964819F148A/core/core.a(RP2040USB.cpp.o)
                0x10003fbc                tud_msc_test_unit_ready_cb
 .text.tud_msc_write10_cb
                0x10003fc0        0x6 /tmp/arduino/sketches/63141143C7B993DCAD91B964819F148A/core/core.a(RP2040USB.cpp.o)
                0x10003fc0                tud_msc_write10_cb
 .text.tud_msc_scsi_cb
                0x10003fc6        0x4 /tmp/arduino/sketches/63141143C7B993DCAD91B964819F148A/core/core.a(RP2040USB.cpp.o)
                0x10003fc6                tud_msc_scsi_cb
 .text.tud_msc_capacity_cb
                0x10003fca        0x8 /tmp/arduino/sketches/63141143C7B993DCAD91B964819F148A/core/core.a(RP2040USB.cpp.o)
                0x10003fca                tud_msc_capacity_cb
 .text.tud_msc_inquiry_cb
                0x10003fd2        0xa /tmp/arduino/sketches/63141143C7B993DCAD91B964819F148A/core/core.a(RP2040USB.cpp.o)
                0x10003fd2                tud_msc_inquiry_cb
 .text._ZN9SerialUSB5beginEmt
                0x10003fdc        0xa /tmp/arduino/sketches/63141143C7B993DCAD91B964819F148A/core/core.a(SerialUSB.cpp.o)
                0x10003fdc                _ZN9SerialUSB5beginEmt
 .text._ZN9SerialUSB5beginEm
                0x10003fe6        0xc /tmp/arduino/sketches/63141143C7B993DCAD91B964819F148A/core/core.a(SerialUSB.cpp.o)
                0x10003fe6                _ZN9SerialUSB5beginEm
 .text._ZN9SerialUSB3endEv
                0x10003ff2        0x2 /tmp/arduino/sketches/63141143C7B993DCAD91B964819F148A/core/core.a(SerialUSB.cpp.o)
                0x10003ff2                _ZN9SerialUSB3endEv
 .text._ZN9SerialUSB5writeEh
                0x10003ff4       0x14 /tmp/arduino/sketches/63141143C7B993DCAD91B964819F148A/core/core.a(SerialUSB.cpp.o)
                0x10003ff4                _ZN9SerialUSB5writeEh
 .text._ZN9SerialUSB4peekEv
                0x10004008       0x50 /tmp/arduino/sketches/63141143C7B993DCAD91B964819F148A/core/core.a(SerialUSB.cpp.o)
                0x10004008                _ZN9SerialUSB4peekEv
 .text._ZN9SerialUSB9availableEv
                0x10004058       0x44 /tmp/arduino/sketches/63141143C7B993DCAD91B964819F148A/core/core.a(SerialUSB.cpp.o)
                0x10004058                _ZN9SerialUSB9availableEv
 .text._ZN9SerialUSB17availableForWriteEv
                0x1000409c       0x44 /tmp/arduino/sketches/63141143C7B993DCAD91B964819F148A/core/core.a(SerialUSB.cpp.o)
                0x1000409c                _ZN9SerialUSB17availableForWriteEv
 .text._ZL16CheckSerialResetv
                0x100040e0       0x74 /tmp/arduino/sketches/63141143C7B993DCAD91B964819F148A/core/core.a(SerialUSB.cpp.o)
 .text._ZN9SerialUSB4readEv
                0x10004154       0x5c /tmp/arduino/sketches/63141143C7B993DCAD91B964819F148A/core/core.a(SerialUSB.cpp.o)
                0x10004154                _ZN9SerialUSB4readEv
 .text._ZN9SerialUSB5flushEv
                0x100041b0       0x40 /tmp/arduino/sketches/63141143C7B993DCAD91B964819F148A/core/core.a(SerialUSB.cpp.o)
                0x100041b0                _ZN9SerialUSB5flushEv
 .text._ZN9SerialUSBcvbEv
                0x100041f0       0x40 /tmp/arduino/sketches/63141143C7B993DCAD91B964819F148A/core/core.a(SerialUSB.cpp.o)
                0x100041f0                _ZN9SerialUSBcvbEv
 .text._ZN9SerialUSB5writeEPKhj
                0x10004230       0xf4 /tmp/arduino/sketches/63141143C7B993DCAD91B964819F148A/core/core.a(SerialUSB.cpp.o)
                0x10004230                _ZN9SerialUSB5writeEPKhj
 .text._Z18__USBInstallSerialv
                0x10004324        0x2 /tmp/arduino/sketches/63141143C7B993DCAD91B964819F148A/core/core.a(SerialUSB.cpp.o)
                0x10004324                _Z18__USBInstallSerialv
 *fill*         0x10004326        0x2 
 .text.tud_cdc_line_state_cb
                0x10004328       0x18 /tmp/arduino/sketches/63141143C7B993DCAD91B964819F148A/core/core.a(SerialUSB.cpp.o)
                0x10004328                tud_cdc_line_state_cb
 .text.tud_cdc_line_coding_cb
                0x10004340       0x24 /tmp/arduino/sketches/63141143C7B993DCAD91B964819F148A/core/core.a(SerialUSB.cpp.o)
                0x10004340                tud_cdc_line_coding_cb
 .text._ZN7arduino14serialEventRunEv
                0x10004364       0x20 /tmp/arduino/sketches/63141143C7B993DCAD91B964819F148A/core/core.a(SerialUSB.cpp.o)
                0x10004364                _ZN7arduino14serialEventRunEv
 .text.startup._GLOBAL__sub_I__Z18__USBInstallSerialv
                0x10004384       0x1c /tmp/arduino/sketches/63141143C7B993DCAD91B964819F148A/core/core.a(SerialUSB.cpp.o)
 .text._Z28__get_freertos_mutex_for_ptrP5mutexb
                0x100043a0       0x64 /tmp/arduino/sketches/63141143C7B993DCAD91B964819F148A/core/core.a(_freertos.cpp.o)
                0x100043a0                _Z28__get_freertos_mutex_for_ptrP5mutexb
 .text._ZN7arduino6String10invalidateEv
                0x10004404       0x18 /tmp/arduino/sketches/63141143C7B993DCAD91B964819F148A/core/core.a(String.cpp.o)
                0x10004404                _ZN7arduino6String10invalidateEv
 .text._ZN7arduino6String12changeBufferEj
                0x1000441c       0x18 /tmp/arduino/sketches/63141143C7B993DCAD91B964819F148A/core/core.a(String.cpp.o)
                0x1000441c                _ZN7arduino6String12changeBufferEj
 .text._ZN7arduino6String7reserveEj
                0x10004434       0x28 /tmp/arduino/sketches/63141143C7B993DCAD91B964819F148A/core/core.a(String.cpp.o)
                0x10004434                _ZN7arduino6String7reserveEj
 .text._ZN7arduino6String4copyEPKcj
                0x1000445c       0x32 /tmp/arduino/sketches/63141143C7B993DCAD91B964819F148A/core/core.a(String.cpp.o)
                0x1000445c                _ZN7arduino6String4copyEPKcj
 .text._ZN7arduino6StringC2EPKc
                0x1000448e       0x26 /tmp/arduino/sketches/63141143C7B993DCAD91B964819F148A/core/core.a(String.cpp.o)
                0x1000448e                _ZN7arduino6StringC1EPKc
                0x1000448e                _ZN7arduino6StringC2EPKc
 .text.delay    0x100044b4        0xc /tmp/arduino/sketches/63141143C7B993DCAD91B964819F148A/core/core.a(delay.cpp.o)
                0x100044b4                delay
 .text._Z13__clearADCPinh
                0x100044c0       0x14 /tmp/arduino/sketches/63141143C7B993DCAD91B964819F148A/core/core.a(wiring_analog.cpp.o)
                0x100044c0                _Z13__clearADCPinh
 .text.spin_locks_reset
                0x100044d4       0x1c /home/runner/.arduino15/packages/rp2040/hardware/rp2040/3.9.2/lib/libpico.a(sync.c.obj)
                0x100044d4                spin_locks_reset
 .text.next_striped_spin_lock_num
                0x100044f0       0x18 /home/runner/.arduino15/packages/rp2040/hardware/rp2040/3.9.2/lib/libpico.a(sync.c.obj)
                0x100044f0                next_striped_spin_lock_num
 .text.spin_lock_claim_unused
                0x10004508       0x20 /home/runner/.arduino15/packages/rp2040/hardware/rp2040/3.9.2/lib/libpico.a(sync.c.obj)
                0x10004508                spin_lock_claim_unused
 .text.gpio_set_function
                0x10004528       0x2c /home/runner/.arduino15/packages/rp2040/hardware/rp2040/3.9.2/lib/libpico.a(gpio.c.obj)
                0x10004528                gpio_set_function
 .text.gpio_set_pulls
                0x10004554       0x24 /home/runner/.arduino15/packages/rp2040/hardware/rp2040/3.9.2/lib/libpico.a(gpio.c.obj)
                0x10004554                gpio_set_pulls
 .text.gpio_set_drive_strength
                0x10004578       0x20 /home/runner/.arduino15/packages/rp2040/hardware/rp2040/3.9.2/lib/libpico.a(gpio.c.obj)
                0x10004578                gpio_set_drive_strength
 .text.gpio_init
                0x10004598       0x16 /home/runner/.arduino15/packages/rp2040/hardware/rp2040/3.9.2/lib/libpico.a(gpio.c.obj)
                0x10004598                gpio_init
 *fill*         0x100045ae        0x2 
 .text.set_raw_irq_handler_and_unlock
                0x100045b0       0x28 /home/runner/.arduino15/packages/rp2040/hardware/rp2040/3.9.2/lib/libpico.a(irq.c.obj)
 .text.irq_is_enabled
                0x100045d8       0x18 /home/runner/.arduino15/packages/rp2040/hardware/rp2040/3.9.2/lib/libpico.a(irq.c.obj)
                0x100045d8                irq_is_enabled
 .text.irq_set_mask_enabled
                0x100045f0       0x20 /home/runner/.arduino15/packages/rp2040/hardware/rp2040/3.9.2/lib/libpico.a(irq.c.obj)
                0x100045f0                irq_set_mask_enabled
 .text.irq_set_enabled
                0x10004610        0xe /home/runner/.arduino15/packages/rp2040/hardware/rp2040/3.9.2/lib/libpico.a(irq.c.obj)
                0x10004610                irq_set_enabled
 *fill*         0x1000461e        0x2 
 .text.irq_set_pending
                0x10004620       0x10 /home/runner/.arduino15/packages/rp2040/hardware/rp2040/3.9.2/lib/libpico.a(irq.c.obj)
                0x10004620                irq_set_pending
 .text.irq_get_vtable_handler
                0x10004630       0x10 /home/runner/.arduino15/packages/rp2040/hardware/rp2040/3.9.2/lib/libpico.a(irq.c.obj)
                0x10004630                irq_get_vtable_handler
 .text.irq_set_exclusive_handler
                0x10004640       0x40 /home/runner/.arduino15/packages/rp2040/hardware/rp2040/3.9.2/lib/libpico.a(irq.c.obj)
                0x10004640                irq_set_exclusive_handler
 .text.irq_add_shared_handler
                0x10004680      0x1a0 /home/runner/.arduino15/packages/rp2040/hardware/rp2040/3.9.2/lib/libpico.a(irq.c.obj)
                0x10004680                irq_add_shared_handler
 .text.irq_remove_handler
                0x10004820      0x164 /home/runner/.arduino15/packages/rp2040/hardware/rp2040/3.9.2/lib/libpico.a(irq.c.obj)
                0x10004820                irq_remove_handler
 .text.irq_add_tail_to_free_list
                0x10004984       0xa0 /home/runner/.arduino15/packages/rp2040/hardware/rp2040/3.9.2/lib/libpico.a(irq.c.obj)
                0x10004984                irq_add_tail_to_free_list
 .text.irq_init_priorities
                0x10004a24       0x24 /home/runner/.arduino15/packages/rp2040/hardware/rp2040/3.9.2/lib/libpico.a(irq.c.obj)
                0x10004a24                irq_init_priorities
 .text.user_irq_claim_unused
                0x10004a48       0x28 /home/runner/.arduino15/packages/rp2040/hardware/rp2040/3.9.2/lib/libpico.a(irq.c.obj)
                0x10004a48                user_irq_claim_unused
 .text.mutex_init
                0x10004a70       0x1a /home/runner/.arduino15/packages/rp2040/hardware/rp2040/3.9.2/lib/libpico.a(mutex.c.obj)
                0x10004a70                mutex_init
 .text.recursive_mutex_init
                0x10004a8a       0x1a /home/runner/.arduino15/packages/rp2040/hardware/rp2040/3.9.2/lib/libpico.a(mutex.c.obj)
                0x10004a8a                recursive_mutex_init
 .text.time_reached
                0x10004aa4       0x28 /home/runner/.arduino15/packages/rp2040/hardware/rp2040/3.9.2/lib/libpico.a(time.c.obj)
 .text.timer_pool_entry_comparator
                0x10004acc       0x30 /home/runner/.arduino15/packages/rp2040/hardware/rp2040/3.9.2/lib/libpico.a(time.c.obj)
                0x10004acc                timer_pool_entry_comparator
 .text.alarm_pool_post_alloc_init
                0x10004afc       0x40 /home/runner/.arduino15/packages/rp2040/hardware/rp2040/3.9.2/lib/libpico.a(time.c.obj)
 .text.sleep_until_callback
                0x10004b3c       0x30 /home/runner/.arduino15/packages/rp2040/hardware/rp2040/3.9.2/lib/libpico.a(time.c.obj)
 .text.ph_add_child_node.isra.0
                0x10004b6c       0x20 /home/runner/.arduino15/packages/rp2040/hardware/rp2040/3.9.2/lib/libpico.a(time.c.obj)
 .text.add_alarm_under_lock
                0x10004b8c       0xcc /home/runner/.arduino15/packages/rp2040/hardware/rp2040/3.9.2/lib/libpico.a(time.c.obj)
 .text.alarm_pool_alarm_callback
                0x10004c58      0x18c /home/runner/.arduino15/packages/rp2040/hardware/rp2040/3.9.2/lib/libpico.a(time.c.obj)
 .text.alarm_pool_init_default
                0x10004de4       0x3c /home/runner/.arduino15/packages/rp2040/hardware/rp2040/3.9.2/lib/libpico.a(time.c.obj)
                0x10004de4                alarm_pool_init_default
 .text.alarm_pool_get_default
                0x10004e20        0x8 /home/runner/.arduino15/packages/rp2040/hardware/rp2040/3.9.2/lib/libpico.a(time.c.obj)
                0x10004e20                alarm_pool_get_default
 .text.alarm_pool_add_alarm_at
                0x10004e28       0xd4 /home/runner/.arduino15/packages/rp2040/hardware/rp2040/3.9.2/lib/libpico.a(time.c.obj)
                0x10004e28                alarm_pool_add_alarm_at
 .text.alarm_pool_cancel_alarm
                0x10004efc       0x6a /home/runner/.arduino15/packages/rp2040/hardware/rp2040/3.9.2/lib/libpico.a(time.c.obj)
                0x10004efc                alarm_pool_cancel_alarm
 *fill*         0x10004f66        0x2 
 .text.sleep_until
                0x10004f68       0x98 /home/runner/.arduino15/packages/rp2040/hardware/rp2040/3.9.2/lib/libpico.a(time.c.obj)
                0x10004f68                sleep_until
 .text.sleep_us
                0x10005000       0x28 /home/runner/.arduino15/packages/rp2040/hardware/rp2040/3.9.2/lib/libpico.a(time.c.obj)
                0x10005000                sleep_us
 .text.sleep_ms
                0x10005028       0x14 /home/runner/.arduino15/packages/rp2040/hardware/rp2040/3.9.2/lib/libpico.a(time.c.obj)
                0x10005028                sleep_ms
 .text.best_effort_wfe_or_timeout
                0x1000503c       0x44 /home/runner/.arduino15/packages/rp2040/hardware/rp2040/3.9.2/lib/libpico.a(time.c.obj)
                0x1000503c                best_effort_wfe_or_timeout
 .text.hardware_alarm_irq_handler
                0x10005080       0xac /home/runner/.arduino15/packages/rp2040/hardware/rp2040/3.9.2/lib/libpico.a(timer.c.obj)
 .text.hardware_alarm_claim
                0x1000512c       0x18 /home/runner/.arduino15/packages/rp2040/hardware/rp2040/3.9.2/lib/libpico.a(timer.c.obj)
                0x1000512c                hardware_alarm_claim
 .text.time_us_64
                0x10005144       0x14 /home/runner/.arduino15/packages/rp2040/hardware/rp2040/3.9.2/lib/libpico.a(timer.c.obj)
                0x10005144                time_us_64
 .text.busy_wait_until
                0x10005158       0x1c /home/runner/.arduino15/packages/rp2040/hardware/rp2040/3.9.2/lib/libpico.a(timer.c.obj)
                0x10005158                busy_wait_until
 .text.busy_wait_us
                0x10005174       0x2c /home/runner/.arduino15/packages/rp2040/hardware/rp2040/3.9.2/lib/libpico.a(timer.c.obj)
                0x10005174                busy_wait_us
 .text.busy_wait_us_32
                0x100051a0       0x20 /home/runner/.arduino15/packages/rp2040/hardware/rp2040/3.9.2/lib/libpico.a(timer.c.obj)
                0x100051a0                busy_wait_us_32
 .text.busy_wait_ms
                0x100051c0       0x2c /home/runner/.arduino15/packages/rp2040/hardware/rp2040/3.9.2/lib/libpico.a(timer.c.obj)
                0x100051c0                busy_wait_ms
 .text.hardware_alarm_set_callback
                0x100051ec       0x9c /home/runner/.arduino15/packages/rp2040/hardware/rp2040/3.9.2/lib/libpico.a(timer.c.obj)
                0x100051ec                hardware_alarm_set_callback
 .text.hardware_alarm_set_target
                0x10005288       0xc0 /home/runner/.arduino15/packages/rp2040/hardware/rp2040/3.9.2/lib/libpico.a(timer.c.obj)
                0x10005288                hardware_alarm_set_target
 .text.hardware_alarm_cancel
                0x10005348       0x40 /home/runner/.arduino15/packages/rp2040/hardware/rp2040/3.9.2/lib/libpico.a(timer.c.obj)
                0x10005348                hardware_alarm_cancel
 .text.ph_add_child_node.isra.0
                0x10005388       0x20 /home/runner/.arduino15/packages/rp2040/hardware/rp2040/3.9.2/lib/libpico.a(pheap.c.obj)
 .text.ph_merge_nodes
                0x100053a8       0x36 /home/runner/.arduino15/packages/rp2040/hardware/rp2040/3.9.2/lib/libpico.a(pheap.c.obj)
 .text.ph_clear
                0x100053de       0x34 /home/runner/.arduino15/packages/rp2040/hardware/rp2040/3.9.2/lib/libpico.a(pheap.c.obj)
                0x100053de                ph_clear
 .text.ph_post_alloc_init
                0x10005412        0xe /home/runner/.arduino15/packages/rp2040/hardware/rp2040/3.9.2/lib/libpico.a(pheap.c.obj)
                0x10005412                ph_post_alloc_init
 .text.ph_merge_two_pass
                0x10005420       0x48 /home/runner/.arduino15/packages/rp2040/hardware/rp2040/3.9.2/lib/libpico.a(pheap.c.obj)
                0x10005420                ph_merge_two_pass
 .text.ph_remove_any_head
                0x10005468       0x52 /home/runner/.arduino15/packages/rp2040/hardware/rp2040/3.9.2/lib/libpico.a(pheap.c.obj)
 .text.ph_remove_head
                0x100054ba       0x14 /home/runner/.arduino15/packages/rp2040/hardware/rp2040/3.9.2/lib/libpico.a(pheap.c.obj)
                0x100054ba                ph_remove_head
 .text.ph_remove_and_free_node
                0x100054ce       0x6e /home/runner/.arduino15/packages/rp2040/hardware/rp2040/3.9.2/lib/libpico.a(pheap.c.obj)
                0x100054ce                ph_remove_and_free_node
 .text.queue_init_with_spinlock
                0x1000553c       0x22 /home/runner/.arduino15/packages/rp2040/hardware/rp2040/3.9.2/lib/libpico.a(queue.c.obj)
                0x1000553c                queue_init_with_spinlock
 *fill*         0x1000555e        0x2 
 .text.clock_configure
                0x10005560       0xec /home/runner/.arduino15/packages/rp2040/hardware/rp2040/3.9.2/lib/libpico.a(clocks.c.obj)
                0x10005560                clock_configure
 .text.clocks_init
                0x1000564c       0xf4 /home/runner/.arduino15/packages/rp2040/hardware/rp2040/3.9.2/lib/libpico.a(clocks.c.obj)
                0x1000564c                clocks_init
 .text.pll_init
                0x10005740       0x9c /home/runner/.arduino15/packages/rp2040/hardware/rp2040/3.9.2/lib/libpico.a(pll.c.obj)
                0x10005740                pll_init
 .text.watchdog_start_tick
                0x100057dc       0x10 /home/runner/.arduino15/packages/rp2040/hardware/rp2040/3.9.2/lib/libpico.a(watchdog.c.obj)
                0x100057dc                watchdog_start_tick
 .text.xosc_init
                0x100057ec       0x28 /home/runner/.arduino15/packages/rp2040/hardware/rp2040/3.9.2/lib/libpico.a(xosc.c.obj)
                0x100057ec                xosc_init
 .text.exception_get_vtable_handler
                0x10005814       0x10 /home/runner/.arduino15/packages/rp2040/hardware/rp2040/3.9.2/lib/libpico.a(exception.c.obj)
                0x10005814                exception_get_vtable_handler
 .text.exception_set_exclusive_handler
                0x10005824       0x48 /home/runner/.arduino15/packages/rp2040/hardware/rp2040/3.9.2/lib/libpico.a(exception.c.obj)
                0x10005824                exception_set_exclusive_handler
 .text.flash_get_unique_id
                0x1000586c       0x42 /home/runner/.arduino15/packages/rp2040/hardware/rp2040/3.9.2/lib/libpico.a(flash.c.obj)
                0x1000586c                flash_get_unique_id
 .text.rom_func_lookup
                0x100058ae       0x10 /home/runner/.arduino15/packages/rp2040/hardware/rp2040/3.9.2/lib/libpico.a(bootrom.c.obj)
                0x100058ae                rom_func_lookup
 .text.rom_data_lookup
                0x100058be       0x10 /home/runner/.arduino15/packages/rp2040/hardware/rp2040/3.9.2/lib/libpico.a(bootrom.c.obj)
                0x100058be                rom_data_lookup
 .text.rom_funcs_lookup
                0x100058ce       0x26 /home/runner/.arduino15/packages/rp2040/hardware/rp2040/3.9.2/lib/libpico.a(bootrom.c.obj)
                0x100058ce                rom_funcs_lookup
 .text._pio_find_offset_for_program.isra.0
                0x100058f4       0x48 /home/runner/.arduino15/packages/rp2040/hardware/rp2040/3.9.2/lib/libpico.a(pio.c.obj)
 .text._pio_add_program_at_offset
                0x1000593c       0x84 /home/runner/.arduino15/packages/rp2040/hardware/rp2040/3.9.2/lib/libpico.a(pio.c.obj)
 .text.pio_claim_unused_sm
                0x100059c0       0x34 /home/runner/.arduino15/packages/rp2040/hardware/rp2040/3.9.2/lib/libpico.a(pio.c.obj)
                0x100059c0                pio_claim_unused_sm
 .text.pio_can_add_program
                0x100059f4       0x2a /home/runner/.arduino15/packages/rp2040/hardware/rp2040/3.9.2/lib/libpico.a(pio.c.obj)
                0x100059f4                pio_can_add_program
 *fill*         0x10005a1e        0x2 
 .text.pio_add_program
                0x10005a20       0x3c /home/runner/.arduino15/packages/rp2040/hardware/rp2040/3.9.2/lib/libpico.a(pio.c.obj)
                0x10005a20                pio_add_program
 .text.pio_sm_init
                0x10005a5c       0x8c /home/runner/.arduino15/packages/rp2040/hardware/rp2040/3.9.2/lib/libpico.a(pio.c.obj)
                0x10005a5c                pio_sm_init
 .text          0x10005ae8       0x10 /home/runner/.arduino15/packages/rp2040/hardware/rp2040/3.9.2/lib/libpico.a(bit_ops_aeabi.S.obj)
 .text.__wrap___aeabi_darithmetic
                0x10005af8       0x80 /home/runner/.arduino15/packages/rp2040/hardware/rp2040/3.9.2/lib/libpico.a(double_aeabi.S.obj)
                0x10005af8                __wrap___aeabi_drsub
                0x10005afe                __wrap___aeabi_dsub
                0x10005b10                __wrap___aeabi_dadd
                0x10005b22                __wrap___aeabi_ddiv
                0x10005b5e                __wrap___aeabi_dmul
 .text.__wrap___aeabi_cdcmple
                0x10005b78       0x6c /home/runner/.arduino15/packages/rp2040/hardware/rp2040/3.9.2/lib/libpico.a(double_aeabi.S.obj)
                0x10005b78                __wrap___aeabi_cdrcmple
                0x10005b88                __wrap___aeabi_cdcmple
                0x10005b88                __wrap___aeabi_cdcmpeq
 .text.__wrap___aeabi_dcmpeq
                0x10005be4       0x10 /home/runner/.arduino15/packages/rp2040/hardware/rp2040/3.9.2/lib/libpico.a(double_aeabi.S.obj)
                0x10005be4                __wrap___aeabi_dcmpeq
 .text.__wrap___aeabi_dcmplt
                0x10005bf4        0xc /home/runner/.arduino15/packages/rp2040/hardware/rp2040/3.9.2/lib/libpico.a(double_aeabi.S.obj)
                0x10005bf4                __wrap___aeabi_dcmplt
 .text.__wrap___aeabi_dcmple
                0x10005c00       0x10 /home/runner/.arduino15/packages/rp2040/hardware/rp2040/3.9.2/lib/libpico.a(double_aeabi.S.obj)
                0x10005c00                __wrap___aeabi_dcmple
 .text.__wrap___aeabi_dcmpge
                0x10005c10       0x10 /home/runner/.arduino15/packages/rp2040/hardware/rp2040/3.9.2/lib/libpico.a(double_aeabi.S.obj)
                0x10005c10                __wrap___aeabi_dcmpge
 .text.__wrap___aeabi_dcmpgt
                0x10005c20        0xa /home/runner/.arduino15/packages/rp2040/hardware/rp2040/3.9.2/lib/libpico.a(double_aeabi.S.obj)
                0x10005c20                __wrap___aeabi_dcmpgt
 .text.__wrap___aeabi_dcmpun
                0x10005c2a       0x1c /home/runner/.arduino15/packages/rp2040/hardware/rp2040/3.9.2/lib/libpico.a(double_aeabi.S.obj)
                0x10005c2a                __wrap___aeabi_dcmpun
 *fill*         0x10005c46        0x2 
 .text.__wrap___aeabi_i2d
                0x10005c48       0x38 /home/runner/.arduino15/packages/rp2040/hardware/rp2040/3.9.2/lib/libpico.a(double_aeabi.S.obj)
                0x10005c48                __wrap___aeabi_ui2d
                0x10005c50                __wrap___aeabi_i2d
 .text.__wrap___aeabi_d2iz
                0x10005c80       0x48 /home/runner/.arduino15/packages/rp2040/hardware/rp2040/3.9.2/lib/libpico.a(double_aeabi.S.obj)
                0x10005c80                __wrap___aeabi_d2iz
                0x10005c80                double2int_z
 .text.__wrap___aeabi_d2uiz
                0x10005cc8       0x18 /home/runner/.arduino15/packages/rp2040/hardware/rp2040/3.9.2/lib/libpico.a(double_aeabi.S.obj)
                0x10005cc8                double2uint
                0x10005cc8                __wrap___aeabi_d2uiz
 .text.__wrap___aeabi_l2d
                0x10005ce0       0x18 /home/runner/.arduino15/packages/rp2040/hardware/rp2040/3.9.2/lib/libpico.a(double_aeabi.S.obj)
                0x10005ce0                __wrap___aeabi_l2d
 .text.__wrap___aeabi_d2lz
                0x10005cf8       0x26 /home/runner/.arduino15/packages/rp2040/hardware/rp2040/3.9.2/lib/libpico.a(double_aeabi.S.obj)
                0x10005cf8                __wrap___aeabi_d2lz
                0x10005cf8                double2int64_z
 *fill*         0x10005d1e        0x2 
 .text.double2int64
                0x10005d20       0x18 /home/runner/.arduino15/packages/rp2040/hardware/rp2040/3.9.2/lib/libpico.a(double_aeabi.S.obj)
                0x10005d20                double2int64
 .text.double2ufix64
                0x10005d38       0x18 /home/runner/.arduino15/packages/rp2040/hardware/rp2040/3.9.2/lib/libpico.a(double_aeabi.S.obj)
                0x10005d38                double2ufix64
 .text.__wrap___aeabi_d2f
                0x10005d50       0x18 /home/runner/.arduino15/packages/rp2040/hardware/rp2040/3.9.2/lib/libpico.a(double_aeabi.S.obj)
                0x10005d50                __wrap___aeabi_d2f
 .text.__aeabi_double_init
                0x10005d68       0x58 /home/runner/.arduino15/packages/rp2040/hardware/rp2040/3.9.2/lib/libpico.a(double_init_rom.c.obj)
                0x10005d68                __aeabi_double_init
 .text.double_table_shim_on_use_helper
                0x10005dc0       0x2c /home/runner/.arduino15/packages/rp2040/hardware/rp2040/3.9.2/lib/libpico.a(double_v1_rom_shim.S.obj)
                0x10005dc0                double_table_shim_on_use_helper
 .text.__wrap___aeabi_dsub
                0x10005dec       0x10 /home/runner/.arduino15/packages/rp2040/hardware/rp2040/3.9.2/lib/libpico.a(double_v1_rom_shim.S.obj)
                0x10005dec                drsub_shim
                0x10005df2                dsub_shim
 .text.dadd_shim
                0x10005dfc      0x15c /home/runner/.arduino15/packages/rp2040/hardware/rp2040/3.9.2/lib/libpico.a(double_v1_rom_shim.S.obj)
                0x10005dfc                dadd_shim
 .text.dmul_shim
                0x10005f58      0x15c /home/runner/.arduino15/packages/rp2040/hardware/rp2040/3.9.2/lib/libpico.a(double_v1_rom_shim.S.obj)
                0x10005f58                dmul_shim
 .text.ddiv_shim
                0x100060b4      0x1b0 /home/runner/.arduino15/packages/rp2040/hardware/rp2040/3.9.2/lib/libpico.a(double_v1_rom_shim.S.obj)
                0x100060b4                ddiv_shim
 .text.double2uint_shim
                0x10006264        0xe /home/runner/.arduino15/packages/rp2040/hardware/rp2040/3.9.2/lib/libpico.a(double_v1_rom_shim.S.obj)
                0x10006264                double2uint_shim
                0x10006266                double2ufix_shim
 .text.double2int64_shim
                0x10006272       0x1a /home/runner/.arduino15/packages/rp2040/hardware/rp2040/3.9.2/lib/libpico.a(double_v1_rom_shim.S.obj)
                0x10006272                double2int64_shim
                0x10006274                double2fix64_shim
 .text.double2uint64_shim
                0x1000628c       0x70 /home/runner/.arduino15/packages/rp2040/hardware/rp2040/3.9.2/lib/libpico.a(double_v1_rom_shim.S.obj)
                0x1000628c                double2uint64_shim
                0x1000628e                double2ufix64_shim
                0x100062ae                d2fix_a
 .text.double2float_shim
                0x100062fc       0x5c /home/runner/.arduino15/packages/rp2040/hardware/rp2040/3.9.2/lib/libpico.a(double_v1_rom_shim.S.obj)
                0x100062fc                double2float_shim
 .text.x2double_shims
                0x10006358       0x90 /home/runner/.arduino15/packages/rp2040/hardware/rp2040/3.9.2/lib/libpico.a(double_v1_rom_shim.S.obj)
                0x10006358                uint2double_shim
                0x1000635a                ufix2double_shim
                0x10006360                int2double_shim
                0x10006362                fix2double_shim
                0x10006368                uint642double_shim
                0x1000636a                ufix642double_shim
                0x10006370                int642double_shim
                0x10006372                fix642double_shim
 .text.dunpacks
                0x100063e8       0x3c /home/runner/.arduino15/packages/rp2040/hardware/rp2040/3.9.2/lib/libpico.a(double_v1_rom_shim.S.obj)
                0x100063e8                dunpacks
 .text.__wrap___aeabi_cfcmple
                0x10006424       0x50 /home/runner/.arduino15/packages/rp2040/hardware/rp2040/3.9.2/lib/libpico.a(float_aeabi.S.obj)
                0x10006424                __wrap___aeabi_cfrcmple
                0x10006430                __wrap___aeabi_cfcmpeq
                0x10006430                __wrap___aeabi_cfcmple
 .text.__wrap___aeabi_fcmple
                0x10006474       0x10 /home/runner/.arduino15/packages/rp2040/hardware/rp2040/3.9.2/lib/libpico.a(float_aeabi.S.obj)
                0x10006474                __wrap___aeabi_fcmple
 .text.__wrap___aeabi_fcmpun
                0x10006484       0x18 /home/runner/.arduino15/packages/rp2040/hardware/rp2040/3.9.2/lib/libpico.a(float_aeabi.S.obj)
                0x10006484                __wrap___aeabi_fcmpun
 .text.__aeabi_float_init
                0x1000649c       0x5c /home/runner/.arduino15/packages/rp2040/hardware/rp2040/3.9.2/lib/libpico.a(float_init_rom.c.obj)
                0x1000649c                __aeabi_float_init
 .text.float_table_shim_on_use_helper
                0x100064f8       0x2c /home/runner/.arduino15/packages/rp2040/hardware/rp2040/3.9.2/lib/libpico.a(float_v1_rom_shim.S.obj)
                0x100064f8                float_table_shim_on_use_helper
 .text.__aeabi_lmul
                0x10006524       0x32 /home/runner/.arduino15/packages/rp2040/hardware/rp2040/3.9.2/lib/libpico.a(pico_int64_ops_aeabi.S.obj)
                0x10006524                __wrap___aeabi_lmul
 *fill*         0x10006556        0x2 
 .text          0x10006558       0x10 /home/runner/.arduino15/packages/rp2040/hardware/rp2040/3.9.2/lib/libpico.a(mem_ops_aeabi.S.obj)
                0x10006558                __aeabi_mem_init
 .text.memset   0x10006568        0xc /home/runner/.arduino15/packages/rp2040/hardware/rp2040/3.9.2/lib/libpico.a(mem_ops_aeabi.S.obj)
                0x10006568                __wrap_memset
 .text.memcpy   0x10006574        0xc /home/runner/.arduino15/packages/rp2040/hardware/rp2040/3.9.2/lib/libpico.a(mem_ops_aeabi.S.obj)
                0x10006574                __wrap___aeabi_memcpy
                0x10006574                __wrap_memcpy
 .text.multicore_fifo_pop_blocking_inline
                0x10006580       0x14 /home/runner/.arduino15/packages/rp2040/hardware/rp2040/3.9.2/lib/libpico.a(multicore.c.obj)
 .text.core1_trampoline
                0x10006594        0x2 /home/runner/.arduino15/packages/rp2040/hardware/rp2040/3.9.2/lib/libpico.a(multicore.c.obj)
 .text.core1_wrapper
                0x10006596        0xc /home/runner/.arduino15/packages/rp2040/hardware/rp2040/3.9.2/lib/libpico.a(multicore.c.obj)
                0x10006596                core1_wrapper
 .text.multicore_fifo_push_blocking_inline
                0x100065a2       0x12 /home/runner/.arduino15/packages/rp2040/hardware/rp2040/3.9.2/lib/libpico.a(multicore.c.obj)
 .text.multicore_fifo_pop_blocking
                0x100065b4        0x8 /home/runner/.arduino15/packages/rp2040/hardware/rp2040/3.9.2/lib/libpico.a(multicore.c.obj)
                0x100065b4                multicore_fifo_pop_blocking
 .text.multicore_launch_core1_raw
                0x100065bc       0x6a /home/runner/.arduino15/packages/rp2040/hardware/rp2040/3.9.2/lib/libpico.a(multicore.c.obj)
                0x100065bc                multicore_launch_core1_raw
 *fill*         0x10006626        0x2 
 .text.multicore_launch_core1_with_stack
                0x10006628       0x34 /home/runner/.arduino15/packages/rp2040/hardware/rp2040/3.9.2/lib/libpico.a(multicore.c.obj)
                0x10006628                multicore_launch_core1_with_stack
 .text.multicore_launch_core1
                0x1000665c       0x20 /home/runner/.arduino15/packages/rp2040/hardware/rp2040/3.9.2/lib/libpico.a(multicore.c.obj)
                0x1000665c                multicore_launch_core1
 .text.startup._retrieve_unique_id_on_boot
                0x1000667c       0x10 /home/runner/.arduino15/packages/rp2040/hardware/rp2040/3.9.2/lib/libpico.a(unique_id.c.obj)
 .text.pico_get_unique_board_id_string
                0x1000668c       0x3c /home/runner/.arduino15/packages/rp2040/hardware/rp2040/3.9.2/lib/libpico.a(unique_id.c.obj)
                0x1000668c                pico_get_unique_board_id_string
 .text.runtime_init
                0x100066c8       0xcc /home/runner/.arduino15/packages/rp2040/hardware/rp2040/3.9.2/lib/libpico.a(runtime.c.obj)
                0x100066c8                runtime_init
 .text._exit    0x10006794        0x4 /home/runner/.arduino15/packages/rp2040/hardware/rp2040/3.9.2/lib/libpico.a(runtime.c.obj)
                0x10006794                _exit
 .text._sbrk    0x10006798       0x30 /home/runner/.arduino15/packages/rp2040/hardware/rp2040/3.9.2/lib/libpico.a(runtime.c.obj)
                0x10006798                _sbrk
 .text.exit     0x100067c8        0x6 /home/runner/.arduino15/packages/rp2040/hardware/rp2040/3.9.2/lib/libpico.a(runtime.c.obj)
                0x100067c8                exit
 *fill*         0x100067ce        0x2 
 .text.__assert_func
                0x100067d0       0x34 /home/runner/.arduino15/packages/rp2040/hardware/rp2040/3.9.2/lib/libpico.a(runtime.c.obj)
                0x100067d0                __assert_func
 .text.panic    0x10006804       0x30 /home/runner/.arduino15/packages/rp2040/hardware/rp2040/3.9.2/lib/libpico.a(runtime.c.obj)
                0x10006804                panic
 .text.hard_assertion_failure
                0x10006834        0xc /home/runner/.arduino15/packages/rp2040/hardware/rp2040/3.9.2/lib/libpico.a(runtime.c.obj)
                0x10006834                hard_assertion_failure
 .text._Znwj    0x10006840        0x8 /home/runner/.arduino15/packages/rp2040/hardware/rp2040/3.9.2/lib/libpico.a(new_delete.cpp.obj)
                0x10006840                _Znwj
 .text.set_sys_clock_pll
                0x10006848       0x78 /home/runner/.arduino15/packages/rp2040/hardware/rp2040/3.9.2/lib/libpico.a(stdlib.c.obj)
                0x10006848                set_sys_clock_pll
 .text.check_sys_clock_khz
                0x100068c0       0x78 /home/runner/.arduino15/packages/rp2040/hardware/rp2040/3.9.2/lib/libpico.a(stdlib.c.obj)
                0x100068c0                check_sys_clock_khz
 .text.critical_section_exit
                0x10006938       0x10 /home/runner/.arduino15/packages/rp2040/hardware/rp2040/3.9.2/lib/libpico.a(usbd.c.obj)
 .text.get_driver
                0x10006948       0x40 /home/runner/.arduino15/packages/rp2040/hardware/rp2040/3.9.2/lib/libpico.a(usbd.c.obj)
 .text.critical_section_enter_blocking
                0x10006988       0x16 /home/runner/.arduino15/packages/rp2040/hardware/rp2040/3.9.2/lib/libpico.a(usbd.c.obj)
 .text.invoke_class_control
                0x1000699e       0x1a /home/runner/.arduino15/packages/rp2040/hardware/rp2040/3.9.2/lib/libpico.a(usbd.c.obj)
 .text.configuration_reset
                0x100069b8       0x54 /home/runner/.arduino15/packages/rp2040/hardware/rp2040/3.9.2/lib/libpico.a(usbd.c.obj)
 .text.tud_mounted
                0x10006a0c       0x10 /home/runner/.arduino15/packages/rp2040/hardware/rp2040/3.9.2/lib/libpico.a(usbd.c.obj)
                0x10006a0c                tud_mounted
 .text.tud_suspended
                0x10006a1c       0x10 /home/runner/.arduino15/packages/rp2040/hardware/rp2040/3.9.2/lib/libpico.a(usbd.c.obj)
                0x10006a1c                tud_suspended
 .text.tud_inited
                0x10006a2c       0x14 /home/runner/.arduino15/packages/rp2040/hardware/rp2040/3.9.2/lib/libpico.a(usbd.c.obj)
                0x10006a2c                tud_inited
 .text.tud_init
                0x10006a40       0x9c /home/runner/.arduino15/packages/rp2040/hardware/rp2040/3.9.2/lib/libpico.a(usbd.c.obj)
                0x10006a40                tud_init
 .text.usbd_edpt_open
                0x10006adc       0x34 /home/runner/.arduino15/packages/rp2040/hardware/rp2040/3.9.2/lib/libpico.a(usbd.c.obj)
                0x10006adc                usbd_edpt_open
 .text.usbd_open_edpt_pair
                0x10006b10       0x4c /home/runner/.arduino15/packages/rp2040/hardware/rp2040/3.9.2/lib/libpico.a(usbd.c.obj)
                0x10006b10                usbd_open_edpt_pair
 .text.usbd_edpt_claim
                0x10006b5c       0x24 /home/runner/.arduino15/packages/rp2040/hardware/rp2040/3.9.2/lib/libpico.a(usbd.c.obj)
                0x10006b5c                usbd_edpt_claim
 .text.usbd_edpt_release
                0x10006b80       0x24 /home/runner/.arduino15/packages/rp2040/hardware/rp2040/3.9.2/lib/libpico.a(usbd.c.obj)
                0x10006b80                usbd_edpt_release
 .text.usbd_edpt_xfer
                0x10006ba4       0x48 /home/runner/.arduino15/packages/rp2040/hardware/rp2040/3.9.2/lib/libpico.a(usbd.c.obj)
                0x10006ba4                usbd_edpt_xfer
 .text.usbd_edpt_busy
                0x10006bec       0x1c /home/runner/.arduino15/packages/rp2040/hardware/rp2040/3.9.2/lib/libpico.a(usbd.c.obj)
                0x10006bec                usbd_edpt_busy
 .text.usbd_edpt_stall
                0x10006c08       0x3c /home/runner/.arduino15/packages/rp2040/hardware/rp2040/3.9.2/lib/libpico.a(usbd.c.obj)
                0x10006c08                usbd_edpt_stall
 .text.usbd_edpt_clear_stall
                0x10006c44       0x3c /home/runner/.arduino15/packages/rp2040/hardware/rp2040/3.9.2/lib/libpico.a(usbd.c.obj)
                0x10006c44                usbd_edpt_clear_stall
 .text.usbd_edpt_stalled
                0x10006c80       0x1c /home/runner/.arduino15/packages/rp2040/hardware/rp2040/3.9.2/lib/libpico.a(usbd.c.obj)
                0x10006c80                usbd_edpt_stalled
 .text.tud_task_ext
                0x10006c9c      0x528 /home/runner/.arduino15/packages/rp2040/hardware/rp2040/3.9.2/lib/libpico.a(usbd.c.obj)
                0x10006c9c                tud_task_ext
 .text._data_stage_xact
                0x100071c4       0x58 /home/runner/.arduino15/packages/rp2040/hardware/rp2040/3.9.2/lib/libpico.a(usbd_control.c.obj)
 .text._status_stage_xact.isra.0
                0x1000721c       0x12 /home/runner/.arduino15/packages/rp2040/hardware/rp2040/3.9.2/lib/libpico.a(usbd_control.c.obj)
 *fill*         0x1000722e        0x2 
 .text.tud_control_status
                0x10007230       0x24 /home/runner/.arduino15/packages/rp2040/hardware/rp2040/3.9.2/lib/libpico.a(usbd_control.c.obj)
                0x10007230                tud_control_status
 .text.tud_control_xfer
                0x10007254       0x50 /home/runner/.arduino15/packages/rp2040/hardware/rp2040/3.9.2/lib/libpico.a(usbd_control.c.obj)
                0x10007254                tud_control_xfer
 .text.usbd_control_reset
                0x100072a4       0x14 /home/runner/.arduino15/packages/rp2040/hardware/rp2040/3.9.2/lib/libpico.a(usbd_control.c.obj)
                0x100072a4                usbd_control_reset
 .text.usbd_control_set_complete_callback
                0x100072b8        0xc /home/runner/.arduino15/packages/rp2040/hardware/rp2040/3.9.2/lib/libpico.a(usbd_control.c.obj)
                0x100072b8                usbd_control_set_complete_callback
 .text.usbd_control_set_request
                0x100072c4       0x1c /home/runner/.arduino15/packages/rp2040/hardware/rp2040/3.9.2/lib/libpico.a(usbd_control.c.obj)
                0x100072c4                usbd_control_set_request
 .text.usbd_control_xfer_cb
                0x100072e0       0xa4 /home/runner/.arduino15/packages/rp2040/hardware/rp2040/3.9.2/lib/libpico.a(usbd_control.c.obj)
                0x100072e0                usbd_control_xfer_cb
 .text._prep_out_transaction.isra.0
                0x10007384       0x42 /home/runner/.arduino15/packages/rp2040/hardware/rp2040/3.9.2/lib/libpico.a(cdc_device.c.obj)
 *fill*         0x100073c6        0x2 
 .text.tud_cdc_n_connected
                0x100073c8       0x30 /home/runner/.arduino15/packages/rp2040/hardware/rp2040/3.9.2/lib/libpico.a(cdc_device.c.obj)
                0x100073c8                tud_cdc_n_connected
 .text.tud_cdc_n_available
                0x100073f8       0x18 /home/runner/.arduino15/packages/rp2040/hardware/rp2040/3.9.2/lib/libpico.a(cdc_device.c.obj)
                0x100073f8                tud_cdc_n_available
 .text.tud_cdc_n_read
                0x10007410       0x28 /home/runner/.arduino15/packages/rp2040/hardware/rp2040/3.9.2/lib/libpico.a(cdc_device.c.obj)
                0x10007410                tud_cdc_n_read
 .text.tud_cdc_n_peek
                0x10007438       0x18 /home/runner/.arduino15/packages/rp2040/hardware/rp2040/3.9.2/lib/libpico.a(cdc_device.c.obj)
                0x10007438                tud_cdc_n_peek
 .text.tud_cdc_n_write_flush
                0x10007450       0x78 /home/runner/.arduino15/packages/rp2040/hardware/rp2040/3.9.2/lib/libpico.a(cdc_device.c.obj)
                0x10007450                tud_cdc_n_write_flush
 .text.tud_cdc_n_write
                0x100074c8       0x30 /home/runner/.arduino15/packages/rp2040/hardware/rp2040/3.9.2/lib/libpico.a(cdc_device.c.obj)
                0x100074c8                tud_cdc_n_write
 .text.tud_cdc_n_write_available
                0x100074f8       0x18 /home/runner/.arduino15/packages/rp2040/hardware/rp2040/3.9.2/lib/libpico.a(cdc_device.c.obj)
                0x100074f8                tud_cdc_n_write_available
 .text.cdcd_init
                0x10007510       0x7c /home/runner/.arduino15/packages/rp2040/hardware/rp2040/3.9.2/lib/libpico.a(cdc_device.c.obj)
                0x10007510                cdcd_init
 .text.cdcd_reset
                0x1000758c       0x30 /home/runner/.arduino15/packages/rp2040/hardware/rp2040/3.9.2/lib/libpico.a(cdc_device.c.obj)
                0x1000758c                cdcd_reset
 .text.cdcd_open
                0x100075bc       0xa0 /home/runner/.arduino15/packages/rp2040/hardware/rp2040/3.9.2/lib/libpico.a(cdc_device.c.obj)
                0x100075bc                cdcd_open
 .text.cdcd_control_xfer_cb
                0x1000765c       0xd8 /home/runner/.arduino15/packages/rp2040/hardware/rp2040/3.9.2/lib/libpico.a(cdc_device.c.obj)
                0x1000765c                cdcd_control_xfer_cb
 .text.cdcd_xfer_cb
                0x10007734       0xec /home/runner/.arduino15/packages/rp2040/hardware/rp2040/3.9.2/lib/libpico.a(cdc_device.c.obj)
                0x10007734                cdcd_xfer_cb
 .text.hidd_reset
                0x10007820       0x14 /home/runner/.arduino15/packages/rp2040/hardware/rp2040/3.9.2/lib/libpico.a(hid_device.c.obj)
                0x10007820                hidd_reset
 .text.hidd_init
                0x10007834        0xa /home/runner/.arduino15/packages/rp2040/hardware/rp2040/3.9.2/lib/libpico.a(hid_device.c.obj)
                0x10007834                hidd_init
 *fill*         0x1000783e        0x2 
 .text.hidd_open
                0x10007840       0xb4 /home/runner/.arduino15/packages/rp2040/hardware/rp2040/3.9.2/lib/libpico.a(hid_device.c.obj)
                0x10007840                hidd_open
 .text.hidd_control_xfer_cb
                0x100078f4      0x1e0 /home/runner/.arduino15/packages/rp2040/hardware/rp2040/3.9.2/lib/libpico.a(hid_device.c.obj)
                0x100078f4                hidd_control_xfer_cb
 .text.hidd_xfer_cb
                0x10007ad4       0x7c /home/runner/.arduino15/packages/rp2040/hardware/rp2040/3.9.2/lib/libpico.a(hid_device.c.obj)
                0x10007ad4                hidd_xfer_cb
 .text.fail_scsi_op.constprop.0
                0x10007b50       0x54 /home/runner/.arduino15/packages/rp2040/hardware/rp2040/3.9.2/lib/libpico.a(msc_device.c.obj)
 .text.proc_write10_cmd.constprop.0
                0x10007ba4       0x54 /home/runner/.arduino15/packages/rp2040/hardware/rp2040/3.9.2/lib/libpico.a(msc_device.c.obj)
 .text.proc_read10_cmd.constprop.0
                0x10007bf8       0xb0 /home/runner/.arduino15/packages/rp2040/hardware/rp2040/3.9.2/lib/libpico.a(msc_device.c.obj)
 .text.rdwr10_validate_cmd
                0x10007ca8       0x58 /home/runner/.arduino15/packages/rp2040/hardware/rp2040/3.9.2/lib/libpico.a(msc_device.c.obj)
                0x10007ca8                rdwr10_validate_cmd
 .text.mscd_init
                0x10007d00       0x14 /home/runner/.arduino15/packages/rp2040/hardware/rp2040/3.9.2/lib/libpico.a(msc_device.c.obj)
                0x10007d00                mscd_init
 .text.mscd_reset
                0x10007d14       0x14 /home/runner/.arduino15/packages/rp2040/hardware/rp2040/3.9.2/lib/libpico.a(msc_device.c.obj)
                0x10007d14                mscd_reset
 .text.mscd_open
                0x10007d28       0x68 /home/runner/.arduino15/packages/rp2040/hardware/rp2040/3.9.2/lib/libpico.a(msc_device.c.obj)
                0x10007d28                mscd_open
 .text.mscd_control_xfer_cb
                0x10007d90      0x130 /home/runner/.arduino15/packages/rp2040/hardware/rp2040/3.9.2/lib/libpico.a(msc_device.c.obj)
                0x10007d90                mscd_control_xfer_cb
 .text.mscd_xfer_cb
                0x10007ec0      0x4e8 /home/runner/.arduino15/packages/rp2040/hardware/rp2040/3.9.2/lib/libpico.a(msc_device.c.obj)
                0x10007ec0                mscd_xfer_cb
 .text.tusb_init
                0x100083a8        0xa /home/runner/.arduino15/packages/rp2040/hardware/rp2040/3.9.2/lib/libpico.a(tusb.c.obj)
                0x100083a8                tusb_init
 .text.tusb_inited
                0x100083b2        0x8 /home/runner/.arduino15/packages/rp2040/hardware/rp2040/3.9.2/lib/libpico.a(tusb.c.obj)
                0x100083b2                tusb_inited
 .text.tu_edpt_claim
                0x100083ba       0x50 /home/runner/.arduino15/packages/rp2040/hardware/rp2040/3.9.2/lib/libpico.a(tusb.c.obj)
                0x100083ba                tu_edpt_claim
 .text.tu_edpt_release
                0x1000840a       0x36 /home/runner/.arduino15/packages/rp2040/hardware/rp2040/3.9.2/lib/libpico.a(tusb.c.obj)
                0x1000840a                tu_edpt_release
 .text.tu_edpt_validate
                0x10008440       0x60 /home/runner/.arduino15/packages/rp2040/hardware/rp2040/3.9.2/lib/libpico.a(tusb.c.obj)
                0x10008440                tu_edpt_validate
 .text.tu_edpt_bind_driver
                0x100084a0       0x26 /home/runner/.arduino15/packages/rp2040/hardware/rp2040/3.9.2/lib/libpico.a(tusb.c.obj)
                0x100084a0                tu_edpt_bind_driver
 .text.advance_index
                0x100084c6       0x16 /home/runner/.arduino15/packages/rp2040/hardware/rp2040/3.9.2/lib/libpico.a(tusb_fifo.c.obj)
 .text._tu_fifo_peek
                0x100084dc       0x4c /home/runner/.arduino15/packages/rp2040/hardware/rp2040/3.9.2/lib/libpico.a(tusb_fifo.c.obj)
 .text._ff_pull_const_addr
                0x10008528       0x58 /home/runner/.arduino15/packages/rp2040/hardware/rp2040/3.9.2/lib/libpico.a(tusb_fifo.c.obj)
 .text._tu_fifo_peek_n
                0x10008580      0x11e /home/runner/.arduino15/packages/rp2040/hardware/rp2040/3.9.2/lib/libpico.a(tusb_fifo.c.obj)
 .text._tu_fifo_read_n
                0x1000869e       0x4a /home/runner/.arduino15/packages/rp2040/hardware/rp2040/3.9.2/lib/libpico.a(tusb_fifo.c.obj)
 .text._ff_push_const_addr
                0x100086e8       0x48 /home/runner/.arduino15/packages/rp2040/hardware/rp2040/3.9.2/lib/libpico.a(tusb_fifo.c.obj)
 .text._tu_fifo_write_n.part.0
                0x10008730      0x1a0 /home/runner/.arduino15/packages/rp2040/hardware/rp2040/3.9.2/lib/libpico.a(tusb_fifo.c.obj)
 .text.tu_fifo_config
                0x100088d0       0x64 /home/runner/.arduino15/packages/rp2040/hardware/rp2040/3.9.2/lib/libpico.a(tusb_fifo.c.obj)
                0x100088d0                tu_fifo_config
 .text.tu_fifo_count
                0x10008934       0x28 /home/runner/.arduino15/packages/rp2040/hardware/rp2040/3.9.2/lib/libpico.a(tusb_fifo.c.obj)
                0x10008934                tu_fifo_count
 .text.tu_fifo_empty
                0x1000895c        0xe /home/runner/.arduino15/packages/rp2040/hardware/rp2040/3.9.2/lib/libpico.a(tusb_fifo.c.obj)
                0x1000895c                tu_fifo_empty
 .text.tu_fifo_full
                0x1000896a       0x26 /home/runner/.arduino15/packages/rp2040/hardware/rp2040/3.9.2/lib/libpico.a(tusb_fifo.c.obj)
                0x1000896a                tu_fifo_full
 .text.tu_fifo_remaining
                0x10008990       0x28 /home/runner/.arduino15/packages/rp2040/hardware/rp2040/3.9.2/lib/libpico.a(tusb_fifo.c.obj)
                0x10008990                tu_fifo_remaining
 .text.tu_fifo_read
                0x100089b8       0x42 /home/runner/.arduino15/packages/rp2040/hardware/rp2040/3.9.2/lib/libpico.a(tusb_fifo.c.obj)
                0x100089b8                tu_fifo_read
 .text.tu_fifo_read_n
                0x100089fa        0xa /home/runner/.arduino15/packages/rp2040/hardware/rp2040/3.9.2/lib/libpico.a(tusb_fifo.c.obj)
                0x100089fa                tu_fifo_read_n
 .text.tu_fifo_peek
                0x10008a04       0x34 /home/runner/.arduino15/packages/rp2040/hardware/rp2040/3.9.2/lib/libpico.a(tusb_fifo.c.obj)
                0x10008a04                tu_fifo_peek
 .text.tu_fifo_write
                0x10008a38       0x64 /home/runner/.arduino15/packages/rp2040/hardware/rp2040/3.9.2/lib/libpico.a(tusb_fifo.c.obj)
                0x10008a38                tu_fifo_write
 .text.tu_fifo_write_n
                0x10008a9c       0x12 /home/runner/.arduino15/packages/rp2040/hardware/rp2040/3.9.2/lib/libpico.a(tusb_fifo.c.obj)
                0x10008a9c                tu_fifo_write_n
 .text.tu_fifo_clear
                0x10008aae       0x3e /home/runner/.arduino15/packages/rp2040/hardware/rp2040/3.9.2/lib/libpico.a(tusb_fifo.c.obj)
                0x10008aae                tu_fifo_clear
 .text.tu_fifo_set_overwritable
                0x10008aec       0x46 /home/runner/.arduino15/packages/rp2040/hardware/rp2040/3.9.2/lib/libpico.a(tusb_fifo.c.obj)
                0x10008aec                tu_fifo_set_overwritable
 *fill*         0x10008b32        0x2 
 .text.running_on_fpga
                0x10008b34       0x10 /home/runner/.arduino15/packages/rp2040/hardware/rp2040/3.9.2/lib/libpico.a(platform.c.obj)
                0x10008b34                running_on_fpga
 .text.hw_claim_lock
                0x10008b44       0x18 /home/runner/.arduino15/packages/rp2040/hardware/rp2040/3.9.2/lib/libpico.a(claim.c.obj)
                0x10008b44                hw_claim_lock
 .text.hw_claim_unlock
                0x10008b5c       0x14 /home/runner/.arduino15/packages/rp2040/hardware/rp2040/3.9.2/lib/libpico.a(claim.c.obj)
                0x10008b5c                hw_claim_unlock
 .text.hw_is_claimed
                0x10008b70       0x16 /home/runner/.arduino15/packages/rp2040/hardware/rp2040/3.9.2/lib/libpico.a(claim.c.obj)
                0x10008b70                hw_is_claimed
 .text.hw_claim_or_assert
                0x10008b86       0x3a /home/runner/.arduino15/packages/rp2040/hardware/rp2040/3.9.2/lib/libpico.a(claim.c.obj)
                0x10008b86                hw_claim_or_assert
 .text.hw_claim_unused_from_range
                0x10008bc0       0x52 /home/runner/.arduino15/packages/rp2040/hardware/rp2040/3.9.2/lib/libpico.a(claim.c.obj)
                0x10008bc0                hw_claim_unused_from_range
 *fill*         0x10008c12        0x2 
 .text.lock_init
                0x10008c14       0x10 /home/runner/.arduino15/packages/rp2040/hardware/rp2040/3.9.2/lib/libpico.a(lock_core.c.obj)
                0x10008c14                lock_init
 .text.critical_section_init_with_lock_num
                0x10008c24       0x14 /home/runner/.arduino15/packages/rp2040/hardware/rp2040/3.9.2/lib/libpico.a(critical_section.c.obj)
                0x10008c24                critical_section_init_with_lock_num
 .text.critical_section_init
                0x10008c38       0x14 /home/runner/.arduino15/packages/rp2040/hardware/rp2040/3.9.2/lib/libpico.a(critical_section.c.obj)
                0x10008c38                critical_section_init
 .text.hw_endpoint_init
                0x10008c4c       0xd8 /home/runner/.arduino15/packages/rp2040/hardware/rp2040/3.9.2/lib/libpico.a(dcd_rp2040.c.obj)
 .text.dcd_int_enable
                0x10008d24        0xc /home/runner/.arduino15/packages/rp2040/hardware/rp2040/3.9.2/lib/libpico.a(dcd_rp2040.c.obj)
                0x10008d24                dcd_int_enable
 .text.dcd_set_address
                0x10008d30       0x14 /home/runner/.arduino15/packages/rp2040/hardware/rp2040/3.9.2/lib/libpico.a(dcd_rp2040.c.obj)
                0x10008d30                dcd_set_address
 .text.dcd_connect
                0x10008d44       0x10 /home/runner/.arduino15/packages/rp2040/hardware/rp2040/3.9.2/lib/libpico.a(dcd_rp2040.c.obj)
                0x10008d44                dcd_connect
 .text.dcd_init
                0x10008d54       0x64 /home/runner/.arduino15/packages/rp2040/hardware/rp2040/3.9.2/lib/libpico.a(dcd_rp2040.c.obj)
                0x10008d54                dcd_init
 .text.dcd_edpt0_status_complete
                0x10008db8       0x18 /home/runner/.arduino15/packages/rp2040/hardware/rp2040/3.9.2/lib/libpico.a(dcd_rp2040.c.obj)
                0x10008db8                dcd_edpt0_status_complete
 .text.dcd_edpt_open
                0x10008dd0       0x20 /home/runner/.arduino15/packages/rp2040/hardware/rp2040/3.9.2/lib/libpico.a(dcd_rp2040.c.obj)
                0x10008dd0                dcd_edpt_open
 .text.dcd_edpt_close_all
                0x10008df0        0x8 /home/runner/.arduino15/packages/rp2040/hardware/rp2040/3.9.2/lib/libpico.a(dcd_rp2040.c.obj)
                0x10008df0                dcd_edpt_close_all
 .text.dcd_edpt_xfer
                0x10008df8       0x24 /home/runner/.arduino15/packages/rp2040/hardware/rp2040/3.9.2/lib/libpico.a(dcd_rp2040.c.obj)
                0x10008df8                dcd_edpt_xfer
 .text.dcd_edpt_stall
                0x10008e1c       0x34 /home/runner/.arduino15/packages/rp2040/hardware/rp2040/3.9.2/lib/libpico.a(dcd_rp2040.c.obj)
                0x10008e1c                dcd_edpt_stall
 .text.dcd_edpt_clear_stall
                0x10008e50       0x2c /home/runner/.arduino15/packages/rp2040/hardware/rp2040/3.9.2/lib/libpico.a(dcd_rp2040.c.obj)
                0x10008e50                dcd_edpt_clear_stall
 .text.rp2040_usb_init
                0x10008e7c       0x4c /home/runner/.arduino15/packages/rp2040/hardware/rp2040/3.9.2/lib/libpico.a(rp2040_usb.c.obj)
                0x10008e7c                rp2040_usb_init
 .text.hw_endpoint_xfer_start
                0x10008ec8       0x3c /home/runner/.arduino15/packages/rp2040/hardware/rp2040/3.9.2/lib/libpico.a(rp2040_usb.c.obj)
                0x10008ec8                hw_endpoint_xfer_start
 .text._ZStL23local_Rb_tree_decrementPSt18_Rb_tree_node_base
                0x10008f04       0x32 /home/runner/.arduino15/packages/rp2040/tools/pqt-gcc/2.2.0-d04e724/bin/../lib/gcc/arm-none-eabi/12.3.0/../../../../arm-none-eabi/lib/thumb/libstdc++.a(tree.o)
 .text._ZStL25local_Rb_tree_rotate_leftPSt18_Rb_tree_node_baseRS0_
                0x10008f36       0x2e /home/runner/.arduino15/packages/rp2040/tools/pqt-gcc/2.2.0-d04e724/bin/../lib/gcc/arm-none-eabi/12.3.0/../../../../arm-none-eabi/lib/thumb/libstdc++.a(tree.o)
 .text._ZStL26local_Rb_tree_rotate_rightPSt18_Rb_tree_node_baseRS0_
                0x10008f64       0x2e /home/runner/.arduino15/packages/rp2040/tools/pqt-gcc/2.2.0-d04e724/bin/../lib/gcc/arm-none-eabi/12.3.0/../../../../arm-none-eabi/lib/thumb/libstdc++.a(tree.o)
 .text._ZSt18_Rb_tree_decrementPSt18_Rb_tree_node_base
                0x10008f92        0x8 /home/runner/.arduino15/packages/rp2040/tools/pqt-gcc/2.2.0-d04e724/bin/../lib/gcc/arm-none-eabi/12.3.0/../../../../arm-none-eabi/lib/thumb/libstdc++.a(tree.o)
                0x10008f92                _ZSt18_Rb_tree_decrementPSt18_Rb_tree_node_base
 .text._ZSt29_Rb_tree_insert_and_rebalancebPSt18_Rb_tree_node_baseS0_RS_
                0x10008f9a       0xc6 /home/runner/.arduino15/packages/rp2040/tools/pqt-gcc/2.2.0-d04e724/bin/../lib/gcc/arm-none-eabi/12.3.0/../../../../arm-none-eabi/lib/thumb/libstdc++.a(tree.o)
                0x10008f9a                _ZSt29_Rb_tree_insert_and_rebalancebPSt18_Rb_tree_node_baseS0_RS_
 .text          0x10009060       0x14 /home/runner/.arduino15/packages/rp2040/tools/pqt-gcc/2.2.0-d04e724/bin/../lib/gcc/arm-none-eabi/12.3.0/../../../../arm-none-eabi/lib/thumb/libc.a(lib_a-calloc.o)
                0x10009060                calloc
 .text          0x10009074       0x9a /home/runner/.arduino15/packages/rp2040/tools/pqt-gcc/2.2.0-d04e724/bin/../lib/gcc/arm-none-eabi/12.3.0/../../../../arm-none-eabi/lib/thumb/libc.a(lib_a-callocr.o)
                0x10009074                _calloc_r
 .text          0x1000910e        0x8 /home/runner/.arduino15/packages/rp2040/tools/pqt-gcc/2.2.0-d04e724/bin/../lib/gcc/arm-none-eabi/12.3.0/../../../../arm-none-eabi/lib/thumb/libc.a(lib_a-errno.o)
                0x1000910e                __errno
 *fill*         0x10009116        0x2 
 .text          0x10009118      0x238 /home/runner/.arduino15/packages/rp2040/tools/pqt-gcc/2.2.0-d04e724/bin/../lib/gcc/arm-none-eabi/12.3.0/../../../../arm-none-eabi/lib/thumb/libc.a(lib_a-findfp.o)
                0x10009160                _cleanup_r
                0x100091a0                __sfmoreglue
                0x100091cc                _cleanup
                0x100091dc                __sfp_lock_acquire
                0x100091ec                __sfp_lock_release
                0x100091fc                __sinit_lock_acquire
                0x1000920c                __sinit_lock_release
                0x1000921c                __sinit
                0x10009290                __sfp
                0x10009320                __fp_lock_all
                0x10009338                __fp_unlock_all
 .text          0x10009350       0x70 /home/runner/.arduino15/packages/rp2040/tools/pqt-gcc/2.2.0-d04e724/bin/../lib/gcc/arm-none-eabi/12.3.0/../../../../arm-none-eabi/lib/thumb/libc.a(lib_a-fwalk.o)
                0x10009350                _fwalk
                0x10009386                _fwalk_reent
 .text          0x100093c0       0x20 /home/runner/.arduino15/packages/rp2040/tools/pqt-gcc/2.2.0-d04e724/bin/../lib/gcc/arm-none-eabi/12.3.0/../../../../arm-none-eabi/lib/thumb/libc.a(lib_a-malloc.o)
                0x100093c0                malloc
                0x100093d0                free
 .text          0x100093e0      0x430 /home/runner/.arduino15/packages/rp2040/tools/pqt-gcc/2.2.0-d04e724/bin/../lib/gcc/arm-none-eabi/12.3.0/../../../../arm-none-eabi/lib/thumb/libc.a(lib_a-mallocr.o)
                0x100093e0                _malloc_r
 .text          0x10009810       0x20 /home/runner/.arduino15/packages/rp2040/tools/pqt-gcc/2.2.0-d04e724/bin/../lib/gcc/arm-none-eabi/12.3.0/../../../../arm-none-eabi/lib/thumb/libc.a(lib_a-mlock.o)
                0x10009810                __malloc_lock
                0x10009820                __malloc_unlock
 .text          0x10009830      0x5c4 /home/runner/.arduino15/packages/rp2040/tools/pqt-gcc/2.2.0-d04e724/bin/../lib/gcc/arm-none-eabi/12.3.0/../../../../arm-none-eabi/lib/thumb/libc.a(lib_a-nano-vfprintf_float.o)
                0x10009830                __cvt
                0x10009904                __exponent
                0x10009984                _printf_float
 .text          0x10009df4      0x428 /home/runner/.arduino15/packages/rp2040/tools/pqt-gcc/2.2.0-d04e724/bin/../lib/gcc/arm-none-eabi/12.3.0/../../../../arm-none-eabi/lib/thumb/libc.a(lib_a-nano-vfprintf_i.o)
                0x10009df4                _printf_common
                0x10009ed2                _printf_i
 .text          0x1000a21c      0x41c /home/runner/.arduino15/packages/rp2040/tools/pqt-gcc/2.2.0-d04e724/bin/../lib/gcc/arm-none-eabi/12.3.0/../../../../arm-none-eabi/lib/thumb/libc.a(lib_a-nano-vfscanf_float.o)
                0x1000a21c                _scanf_float
 .text          0x1000a638       0x54 /home/runner/.arduino15/packages/rp2040/tools/pqt-gcc/2.2.0-d04e724/bin/../lib/gcc/arm-none-eabi/12.3.0/../../../../arm-none-eabi/lib/thumb/libc.a(lib_a-printf.o)
                0x1000a638                _printf_r
                0x1000a638                _iprintf_r
                0x1000a660                printf
                0x1000a660                iprintf
 .text          0x1000a68c       0xe8 /home/runner/.arduino15/packages/rp2040/tools/pqt-gcc/2.2.0-d04e724/bin/../lib/gcc/arm-none-eabi/12.3.0/../../../../arm-none-eabi/lib/thumb/libc.a(lib_a-puts.o)
                0x1000a68c                _puts_r
                0x1000a764                puts
 .text          0x1000a774       0x14 /home/runner/.arduino15/packages/rp2040/tools/pqt-gcc/2.2.0-d04e724/bin/../lib/gcc/arm-none-eabi/12.3.0/../../../../arm-none-eabi/lib/thumb/libc.a(lib_a-realloc.o)
                0x1000a774                realloc
 .text          0x1000a788      0x354 /home/runner/.arduino15/packages/rp2040/tools/pqt-gcc/2.2.0-d04e724/bin/../lib/gcc/arm-none-eabi/12.3.0/../../../../arm-none-eabi/lib/thumb/libc.a(lib_a-reallocr.o)
                0x1000a788                _realloc_r
 .text          0x1000aadc       0x24 /home/runner/.arduino15/packages/rp2040/tools/pqt-gcc/2.2.0-d04e724/bin/../lib/gcc/arm-none-eabi/12.3.0/../../../../arm-none-eabi/lib/thumb/libc.a(lib_a-sbrkr.o)
                0x1000aadc                _sbrk_r
 .text          0x1000ab00        0x8 /home/runner/.arduino15/packages/rp2040/tools/pqt-gcc/2.2.0-d04e724/bin/../lib/gcc/arm-none-eabi/12.3.0/../../../../arm-none-eabi/lib/thumb/libc.a(lib_a-sf_nan.o)
                0x1000ab00                nanf
 .text          0x1000ab08       0x78 /home/runner/.arduino15/packages/rp2040/tools/pqt-gcc/2.2.0-d04e724/bin/../lib/gcc/arm-none-eabi/12.3.0/../../../../arm-none-eabi/lib/thumb/libc.a(lib_a-sprintf.o)
                0x1000ab08                _siprintf_r
                0x1000ab08                _sprintf_r
                0x1000ab40                sprintf
                0x1000ab40                siprintf
 .text          0x1000ab80       0x9c /home/runner/.arduino15/packages/rp2040/tools/pqt-gcc/2.2.0-d04e724/bin/../lib/gcc/arm-none-eabi/12.3.0/../../../../arm-none-eabi/lib/thumb/libc.a(lib_a-stdio.o)
                0x1000ab80                __sread
                0x1000aba8                __seofread
                0x1000abac                __swrite
                0x1000abe4                __sseek
                0x1000ac10                __sclose
 .text          0x1000ac1c       0x14 /home/runner/.arduino15/packages/rp2040/tools/pqt-gcc/2.2.0-d04e724/bin/../lib/gcc/arm-none-eabi/12.3.0/../../../../arm-none-eabi/lib/thumb/libc.a(lib_a-strcmp.o)
                0x1000ac1c                strcmp
 .text          0x1000ac30        0xe /home/runner/.arduino15/packages/rp2040/tools/pqt-gcc/2.2.0-d04e724/bin/../lib/gcc/arm-none-eabi/12.3.0/../../../../arm-none-eabi/lib/thumb/libc.a(lib_a-strlen.o)
                0x1000ac30                strlen
 .text          0x1000ac3e       0x22 /home/runner/.arduino15/packages/rp2040/tools/pqt-gcc/2.2.0-d04e724/bin/../lib/gcc/arm-none-eabi/12.3.0/../../../../arm-none-eabi/lib/thumb/libc.a(lib_a-strncmp.o)
                0x1000ac3e                strncmp
 .text          0x1000ac60      0xe34 /home/runner/.arduino15/packages/rp2040/tools/pqt-gcc/2.2.0-d04e724/bin/../lib/gcc/arm-none-eabi/12.3.0/../../../../arm-none-eabi/lib/thumb/libc.a(lib_a-strtod.o)
                0x1000ac90                _strtod_l
                0x1000b8f8                _strtod_r
                0x1000b908                strtod_l
                0x1000b920                strtod
                0x1000b93c                strtof_l
                0x1000b9e8                strtof
 .text          0x1000ba94      0x150 /home/runner/.arduino15/packages/rp2040/tools/pqt-gcc/2.2.0-d04e724/bin/../lib/gcc/arm-none-eabi/12.3.0/../../../../arm-none-eabi/lib/thumb/libc.a(lib_a-strtol.o)
                0x1000bbac                _strtol_r
                0x1000bbb4                strtol_l
                0x1000bbcc                strtol
 .text          0x1000bbe4       0x4a /home/runner/.arduino15/packages/rp2040/tools/pqt-gcc/2.2.0-d04e724/bin/../lib/gcc/arm-none-eabi/12.3.0/../../../../arm-none-eabi/lib/thumb/libc.a(lib_a-vprintf.o)
                0x1000bbe4                vprintf
                0x1000bbe4                viprintf
                0x1000bc0a                _viprintf_r
                0x1000bc0a                _vprintf_r
 *fill*         0x1000bc2e        0x2 
 .text          0x1000bc30       0xdc /home/runner/.arduino15/packages/rp2040/tools/pqt-gcc/2.2.0-d04e724/bin/../lib/gcc/arm-none-eabi/12.3.0/../../../../arm-none-eabi/lib/thumb/libc.a(lib_a-wbuf.o)
                0x1000bc30                __swbuf_r
                0x1000bcf8                __swbuf
 .text          0x1000bd0c       0x28 /home/runner/.arduino15/packages/rp2040/tools/pqt-gcc/2.2.0-d04e724/bin/../lib/gcc/arm-none-eabi/12.3.0/../../../../arm-none-eabi/lib/thumb/libc.a(lib_a-writer.o)
                0x1000bd0c                _write_r
 .text          0x1000bd34       0xe0 /home/runner/.arduino15/packages/rp2040/tools/pqt-gcc/2.2.0-d04e724/bin/../lib/gcc/arm-none-eabi/12.3.0/../../../../arm-none-eabi/lib/thumb/libc.a(lib_a-wsetup.o)
                0x1000bd34                __swsetup_r
 .text          0x1000be14       0x24 /home/runner/.arduino15/packages/rp2040/tools/pqt-gcc/2.2.0-d04e724/bin/../lib/gcc/arm-none-eabi/12.3.0/../../../../arm-none-eabi/lib/thumb/libc.a(lib_a-closer.o)
                0x1000be14                _close_r
 .text          0x1000be38      0xdc8 /home/runner/.arduino15/packages/rp2040/tools/pqt-gcc/2.2.0-d04e724/bin/../lib/gcc/arm-none-eabi/12.3.0/../../../../arm-none-eabi/lib/thumb/libc.a(lib_a-dtoa.o)
                0x1000bf54                _dtoa_r
 .text          0x1000cc00       0xf8 /home/runner/.arduino15/packages/rp2040/tools/pqt-gcc/2.2.0-d04e724/bin/../lib/gcc/arm-none-eabi/12.3.0/../../../../arm-none-eabi/lib/thumb/libc.a(lib_a-fclose.o)
                0x1000cc00                _fclose_r
                0x1000cce8                fclose
 .text          0x1000ccf8      0x1cc /home/runner/.arduino15/packages/rp2040/tools/pqt-gcc/2.2.0-d04e724/bin/../lib/gcc/arm-none-eabi/12.3.0/../../../../arm-none-eabi/lib/thumb/libc.a(lib_a-fflush.o)
                0x1000ccf8                __sflush_r
                0x1000ce18                _fflush_r
                0x1000ce9c                fflush
 .text          0x1000cec4      0x20c /home/runner/.arduino15/packages/rp2040/tools/pqt-gcc/2.2.0-d04e724/bin/../lib/gcc/arm-none-eabi/12.3.0/../../../../arm-none-eabi/lib/thumb/libc.a(lib_a-freer.o)
                0x1000cec4                _malloc_trim_r
                0x1000cf60                _free_r
 .text          0x1000d0d0      0x2bc /home/runner/.arduino15/packages/rp2040/tools/pqt-gcc/2.2.0-d04e724/bin/../lib/gcc/arm-none-eabi/12.3.0/../../../../arm-none-eabi/lib/thumb/libc.a(lib_a-fvwrite.o)
                0x1000d0d0                __sfvwrite_r
 .text          0x1000d38c      0x54c /home/runner/.arduino15/packages/rp2040/tools/pqt-gcc/2.2.0-d04e724/bin/../lib/gcc/arm-none-eabi/12.3.0/../../../../arm-none-eabi/lib/thumb/libc.a(lib_a-gdtoa-gethex.o)
                0x1000d438                __hexdig_fun
                0x1000d462                __gethex
 .text          0x1000d8d8      0x19c /home/runner/.arduino15/packages/rp2040/tools/pqt-gcc/2.2.0-d04e724/bin/../lib/gcc/arm-none-eabi/12.3.0/../../../../arm-none-eabi/lib/thumb/libc.a(lib_a-gdtoa-hexnan.o)
                0x1000d8fc                __match
                0x1000d924                __hexnan
 .text          0x1000da74       0x64 /home/runner/.arduino15/packages/rp2040/tools/pqt-gcc/2.2.0-d04e724/bin/../lib/gcc/arm-none-eabi/12.3.0/../../../../arm-none-eabi/lib/thumb/libc.a(lib_a-locale.o)
                0x1000da74                _setlocale_r
                0x1000dab4                __locale_mb_cur_max
                0x1000dac4                setlocale
 .text          0x1000dad8       0x14 /home/runner/.arduino15/packages/rp2040/tools/pqt-gcc/2.2.0-d04e724/bin/../lib/gcc/arm-none-eabi/12.3.0/../../../../arm-none-eabi/lib/thumb/libc.a(lib_a-localeconv.o)
                0x1000dad8                __localeconv_l
                0x1000dadc                _localeconv_r
                0x1000dae4                localeconv
 .text          0x1000daec       0x28 /home/runner/.arduino15/packages/rp2040/tools/pqt-gcc/2.2.0-d04e724/bin/../lib/gcc/arm-none-eabi/12.3.0/../../../../arm-none-eabi/lib/thumb/libc.a(lib_a-lseekr.o)
                0x1000daec                _lseek_r
 .text          0x1000db14       0xe8 /home/runner/.arduino15/packages/rp2040/tools/pqt-gcc/2.2.0-d04e724/bin/../lib/gcc/arm-none-eabi/12.3.0/../../../../arm-none-eabi/lib/thumb/libc.a(lib_a-makebuf.o)
                0x1000db14                __swhatbuf_r
                0x1000db70                __smakebuf_r
 .text          0x1000dbfc       0x38 /home/runner/.arduino15/packages/rp2040/tools/pqt-gcc/2.2.0-d04e724/bin/../lib/gcc/arm-none-eabi/12.3.0/../../../../arm-none-eabi/lib/thumb/libc.a(lib_a-mbtowc_r.o)
                0x1000dbfc                _mbtowc_r
                0x1000dc10                __ascii_mbtowc
 .text          0x1000dc34      0x9cc /home/runner/.arduino15/packages/rp2040/tools/pqt-gcc/2.2.0-d04e724/bin/../lib/gcc/arm-none-eabi/12.3.0/../../../../arm-none-eabi/lib/thumb/libc.a(lib_a-mprec.o)
                0x1000dc34                _Balloc
                0x1000dcbc                _Bfree
                0x1000dd04                __multadd
                0x1000dd8c                __s2b
                0x1000de24                __hi0bits
                0x1000de70                __lo0bits
                0x1000decc                __i2b
                0x1000defc                __multiply
                0x1000e060                __pow5mult
                0x1000e118                __lshift
                0x1000e1f0                __mcmp
                0x1000e226                __mdiff
                0x1000e358                __ulp
                0x1000e398                __b2d
                0x1000e430                __d2b
                0x1000e4f0                __ratio
                0x1000e544                _mprec_log10
                0x1000e578                __copybits
                0x1000e5ba                __any_on
 .text          0x1000e600      0x3f8 /home/runner/.arduino15/packages/rp2040/tools/pqt-gcc/2.2.0-d04e724/bin/../lib/gcc/arm-none-eabi/12.3.0/../../../../arm-none-eabi/lib/thumb/libc.a(lib_a-nano-svfprintf.o)
                0x1000e600                __ssputs_r
                0x1000e6c0                __ssprint_r
                0x1000e7c0                _svfprintf_r
                0x1000e7c0                _svfiprintf_r
 .text          0x1000e9f8      0x3a8 /home/runner/.arduino15/packages/rp2040/tools/pqt-gcc/2.2.0-d04e724/bin/../lib/gcc/arm-none-eabi/12.3.0/../../../../arm-none-eabi/lib/thumb/libc.a(lib_a-nano-vfprintf.o)
                0x1000ea22                __sfputs_r
                0x1000ea6a                __sprint_r
                0x1000ead8                _vfiprintf_r
                0x1000ead8                _vfprintf_r
                0x1000ed88                vfiprintf
                0x1000ed88                vfprintf
 .text          0x1000eda0       0x28 /home/runner/.arduino15/packages/rp2040/tools/pqt-gcc/2.2.0-d04e724/bin/../lib/gcc/arm-none-eabi/12.3.0/../../../../arm-none-eabi/lib/thumb/libc.a(lib_a-readr.o)
                0x1000eda0                _read_r
 .text          0x1000edc8        0xc /home/runner/.arduino15/packages/rp2040/tools/pqt-gcc/2.2.0-d04e724/bin/../lib/gcc/arm-none-eabi/12.3.0/../../../../arm-none-eabi/lib/thumb/libc.a(lib_a-s_nan.o)
                0x1000edc8                nan
 .text          0x1000edd4       0x2c /home/runner/.arduino15/packages/rp2040/tools/pqt-gcc/2.2.0-d04e724/bin/../lib/gcc/arm-none-eabi/12.3.0/../../../../arm-none-eabi/lib/thumb/libc.a(lib_a-wctomb_r.o)
                0x1000edd4                _wctomb_r
                0x1000ede4                __ascii_wctomb
 .text          0x1000ee00      0x120 /home/runner/.arduino15/packages/rp2040/tools/pqt-gcc/2.2.0-d04e724/bin/../lib/gcc/arm-none-eabi/12.3.0/../../../../arm-none-eabi/lib/thumb/libc.a(lib_a-fputwc.o)
                0x1000ee00                __fputwc
                0x1000ee7c                _fputwc_r
                0x1000eed2                fputwc
 .text          0x1000ef20       0x24 /home/runner/.arduino15/packages/rp2040/tools/pqt-gcc/2.2.0-d04e724/bin/../lib/gcc/arm-none-eabi/12.3.0/../../../../arm-none-eabi/lib/thumb/libc.a(lib_a-fstatr.o)
                0x1000ef20                _fstat_r
 .text          0x1000ef44       0x24 /home/runner/.arduino15/packages/rp2040/tools/pqt-gcc/2.2.0-d04e724/bin/../lib/gcc/arm-none-eabi/12.3.0/../../../../arm-none-eabi/lib/thumb/libc.a(lib_a-isattyr.o)
                0x1000ef44                _isatty_r
 .text          0x1000ef68       0x44 /home/runner/.arduino15/packages/rp2040/tools/pqt-gcc/2.2.0-d04e724/bin/../lib/gcc/arm-none-eabi/12.3.0/../../../../arm-none-eabi/lib/thumb/libc.a(lib_a-wcrtomb.o)
                0x1000ef68                _wcrtomb_r
                0x1000ef94                wcrtomb
 .text._ZL27__getFreeRTOSRecursiveMutexP6__lock
                0x1000efac       0x68 /tmp/arduino/sketches/63141143C7B993DCAD91B964819F148A/core/core.a(lock.cpp.o)
 .text.__retarget_lock_init_recursive
                0x1000f014       0x50 /tmp/arduino/sketches/63141143C7B993DCAD91B964819F148A/core/core.a(lock.cpp.o)
                0x1000f014                __retarget_lock_init_recursive
 .text.__retarget_lock_close_recursive
                0x1000f064        0x2 /tmp/arduino/sketches/63141143C7B993DCAD91B964819F148A/core/core.a(lock.cpp.o)
                0x1000f064                __retarget_lock_close_recursive
 *fill*         0x1000f066        0x2 
 .text.__retarget_lock_acquire_recursive
                0x1000f068       0x20 /tmp/arduino/sketches/63141143C7B993DCAD91B964819F148A/core/core.a(lock.cpp.o)
                0x1000f068                __retarget_lock_acquire_recursive
 .text.__retarget_lock_release_recursive
                0x1000f088       0x20 /tmp/arduino/sketches/63141143C7B993DCAD91B964819F148A/core/core.a(lock.cpp.o)
                0x1000f088                __retarget_lock_release_recursive
 .text._write   0x1000f0a8        0x4 /tmp/arduino/sketches/63141143C7B993DCAD91B964819F148A/core/core.a(posix.cpp.o)
                0x1000f0a8                _write
 .text._close   0x1000f0ac       0x10 /tmp/arduino/sketches/63141143C7B993DCAD91B964819F148A/core/core.a(posix.cpp.o)
                0x1000f0ac                _close
 .text._fstat   0x1000f0bc       0x10 /tmp/arduino/sketches/63141143C7B993DCAD91B964819F148A/core/core.a(posix.cpp.o)
                0x1000f0bc                _fstat
 .text._isatty  0x1000f0cc       0x10 /tmp/arduino/sketches/63141143C7B993DCAD91B964819F148A/core/core.a(posix.cpp.o)
                0x1000f0cc                _isatty
 .text._lseek   0x1000f0dc       0x10 /tmp/arduino/sketches/63141143C7B993DCAD91B964819F148A/core/core.a(posix.cpp.o)
                0x1000f0dc                _lseek
 .text._read    0x1000f0ec        0x6 /tmp/arduino/sketches/63141143C7B993DCAD91B964819F148A/core/core.a(posix.cpp.o)
                0x1000f0ec                _read
 *(.fini)
 *fill*         0x1000f0f2        0x2 
 .fini          0x1000f0f4        0x4 /home/runner/.arduino15/packages/rp2040/tools/pqt-gcc/2.2.0-d04e724/bin/../lib/gcc/arm-none-eabi/12.3.0/thumb/crti.o
                0x1000f0f4                _fini
 .fini.__stub   0x1000f0f8      0x160 linker stubs
 *crtbegin.o(.ctors)
 *crtbegin?.o(.ctors)
 *(EXCLUDE_FILE(*crtend.o *crtend?.o) .ctors)
 *(SORT_BY_NAME(.ctors.*))
 *(.ctors)
 *crtbegin.o(.dtors)
 *crtbegin?.o(.dtors)
 *(EXCLUDE_FILE(*crtend.o *crtend?.o) .dtors)
 *(SORT_BY_NAME(.dtors.*))
 *(.dtors)
 *(.eh_frame*)
 .eh_frame      0x1000f258        0x0 /home/runner/.arduino15/packages/rp2040/tools/pqt-gcc/2.2.0-d04e724/bin/../lib/gcc/arm-none-eabi/12.3.0/thumb/crtbegin.o
                0x1000f258                        . = ALIGN (0x4)

.glue_7         0x1000f258        0x0
 .glue_7        0x1000f258        0x0 linker stubs

.glue_7t        0x1000f258        0x0
 .glue_7t       0x1000f258        0x0 linker stubs

.vfp11_veneer   0x1000f258        0x0
 .vfp11_veneer  0x1000f258        0x0 linker stubs

.v4_bx          0x1000f258        0x0
 .v4_bx         0x1000f258        0x0 linker stubs

.iplt           0x1000f258        0x0
 .iplt          0x1000f258        0x0 /home/runner/.arduino15/packages/rp2040/tools/pqt-gcc/2.2.0-d04e724/bin/../lib/gcc/arm-none-eabi/12.3.0/thumb/crtbegin.o

.rodata         0x1000f258      0x8fc
 *(EXCLUDE_FILE(*libm.a: *libc.a:*lib_a-mem*.o *libgcc.a:) .rodata* .big_const*)
 .rodata._GLOBAL__sub_I_rp2040.str1.1
                0x1000f258        0x0 /tmp/arduino/sketches/63141143C7B993DCAD91B964819F148A/core/core.a(main.cpp.o)
                                  0x1 (size before relaxing)
 .rodata.main.str1.1
                0x1000f258       0x32 /tmp/arduino/sketches/63141143C7B993DCAD91B964819F148A/core/core.a(main.cpp.o)
 .rodata._ZL14ccount_program
                0x1000f28a        0x6 /tmp/arduino/sketches/63141143C7B993DCAD91B964819F148A/core/core.a(main.cpp.o)
 .rodata._ZL27ccount_program_instructions
                0x1000f290        0x4 /tmp/arduino/sketches/63141143C7B993DCAD91B964819F148A/core/core.a(main.cpp.o)
 .rodata.noInterrupts.str1.1
                0x1000f294       0x13 /tmp/arduino/sketches/63141143C7B993DCAD91B964819F148A/core/core.a(wiring_private.cpp.o)
 .rodata._Z10__USBStartv.str1.1
                0x1000f2a7       0xc3 /tmp/arduino/sketches/63141143C7B993DCAD91B964819F148A/core/core.a(RP2040USB.cpp.o)
 .rodata.str1.1
                0x1000f36a       0x1c /tmp/arduino/sketches/63141143C7B993DCAD91B964819F148A/core/core.a(RP2040USB.cpp.o)
                                 0x1d (size before relaxing)
 *fill*         0x1000f386        0x2 
 .rodata._ZZ24tud_descriptor_string_cbE13usbd_desc_str
                0x1000f388       0x14 /tmp/arduino/sketches/63141143C7B993DCAD91B964819F148A/core/core.a(RP2040USB.cpp.o)
 .rodata        0x1000f39c      0x1dc /tmp/arduino/sketches/63141143C7B993DCAD91B964819F148A/core/core.a(RP2040USB.cpp.o)
 .rodata._ZTV9SerialUSB
                0x1000f578       0x34 /tmp/arduino/sketches/63141143C7B993DCAD91B964819F148A/core/core.a(SerialUSB.cpp.o)
                0x1000f578                _ZTV9SerialUSB
 .rodata.spin_lock_claim_unused.str1.1
                0x1000f5ac       0x1b /home/runner/.arduino15/packages/rp2040/hardware/rp2040/3.9.2/lib/libpico.a(sync.c.obj)
 .rodata.user_irq_claim_unused.str1.1
                0x1000f5c7       0x1b /home/runner/.arduino15/packages/rp2040/hardware/rp2040/3.9.2/lib/libpico.a(irq.c.obj)
 .rodata.hardware_alarm_claim.str1.1
                0x1000f5e2       0x22 /home/runner/.arduino15/packages/rp2040/hardware/rp2040/3.9.2/lib/libpico.a(timer.c.obj)
 .rodata._pio_add_program_at_offset.str1.1
                0x1000f604       0x11 /home/runner/.arduino15/packages/rp2040/hardware/rp2040/3.9.2/lib/libpico.a(pio.c.obj)
 .rodata.pio_claim_unused_sm.str1.1
                0x1000f615       0x24 /home/runner/.arduino15/packages/rp2040/hardware/rp2040/3.9.2/lib/libpico.a(pio.c.obj)