Archive member included to satisfy reference by file (symbol)

/tmp/arduino/sketches/63141143C7B993DCAD91B964819F148A/libraries/EEPROM/EEPROM.a(EEPROM.cpp.o)
                              /tmp/arduino/sketches/63141143C7B993DCAD91B964819F148A/sketch/clear_eeprom.ino.cpp.o (_ZN11EEPROMClass5beginEj)
/tmp/arduino/sketches/63141143C7B993DCAD91B964819F148A/core/core.a(delay.cpp.o)
                              /tmp/arduino/sketches/63141143C7B993DCAD91B964819F148A/sketch/clear_eeprom.ino.cpp.o (delay)
/tmp/arduino/sketches/63141143C7B993DCAD91B964819F148A/core/core.a(main.cpp.o)
                              /tmp/arduino/sketches/63141143C7B993DCAD91B964819F148A/libraries/EEPROM/EEPROM.a(EEPROM.cpp.o) (rp2040)
/tmp/arduino/sketches/63141143C7B993DCAD91B964819F148A/core/core.a(malloc-lock.cpp.o)
                              /tmp/arduino/sketches/63141143C7B993DCAD91B964819F148A/core/core.a(main.cpp.o) (__wrap_malloc)
/tmp/arduino/sketches/63141143C7B993DCAD91B964819F148A/core/core.a(wiring_digital.cpp.o)
                              /tmp/arduino/sketches/63141143C7B993DCAD91B964819F148A/sketch/clear_eeprom.ino.cpp.o (pinMode)
/tmp/arduino/sketches/63141143C7B993DCAD91B964819F148A/core/core.a(wiring_private.cpp.o)
                              /tmp/arduino/sketches/63141143C7B993DCAD91B964819F148A/libraries/EEPROM/EEPROM.a(EEPROM.cpp.o) (interrupts)
/tmp/arduino/sketches/63141143C7B993DCAD91B964819F148A/core/core.a(CoreMutex.cpp.o)
                              /tmp/arduino/sketches/63141143C7B993DCAD91B964819F148A/core/core.a(wiring_private.cpp.o) (_ZN9CoreMutexC1EP5mutexh)
/tmp/arduino/sketches/63141143C7B993DCAD91B964819F148A/core/core.a(PIOProgram.cpp.o)
                              /tmp/arduino/sketches/63141143C7B993DCAD91B964819F148A/core/core.a(main.cpp.o) (_ZN10PIOProgramC1EPK11pio_program)
/tmp/arduino/sketches/63141143C7B993DCAD91B964819F148A/core/core.a(RP2040USB.cpp.o)
                              /tmp/arduino/sketches/63141143C7B993DCAD91B964819F148A/core/core.a(main.cpp.o) (_Z10__USBStartv)
/tmp/arduino/sketches/63141143C7B993DCAD91B964819F148A/core/core.a(SerialUSB.cpp.o)
                              /tmp/arduino/sketches/63141143C7B993DCAD91B964819F148A/core/core.a(main.cpp.o) (_ZN9SerialUSB5beginEm)
/tmp/arduino/sketches/63141143C7B993DCAD91B964819F148A/core/core.a(_freertos.cpp.o)
                              /tmp/arduino/sketches/63141143C7B993DCAD91B964819F148A/core/core.a(CoreMutex.cpp.o) (_Z28__get_freertos_mutex_for_ptrP5mutexb)
/tmp/arduino/sketches/63141143C7B993DCAD91B964819F148A/core/core.a(String.cpp.o)
                              /tmp/arduino/sketches/63141143C7B993DCAD91B964819F148A/core/core.a(main.cpp.o) (_ZN7arduino6StringD1Ev)
/tmp/arduino/sketches/63141143C7B993DCAD91B964819F148A/core/core.a(stdlib_noniso.cpp.o)
                              /tmp/arduino/sketches/63141143C7B993DCAD91B964819F148A/core/core.a(String.cpp.o) (ltoa)
/tmp/arduino/sketches/63141143C7B993DCAD91B964819F148A/core/core.a(wiring_analog.cpp.o)
                              /tmp/arduino/sketches/63141143C7B993DCAD91B964819F148A/core/core.a(wiring_digital.cpp.o) (_Z13__clearADCPinh)
/home/runner/.arduino15/packages/rp2040/hardware/rp2040/3.9.3/lib/libpico.a(adc.c.obj)
                              /tmp/arduino/sketches/63141143C7B993DCAD91B964819F148A/core/core.a(wiring_analog.cpp.o) (adc_init)
/home/runner/.arduino15/packages/rp2040/hardware/rp2040/3.9.3/lib/libpico.a(sync.c.obj)
                              /tmp/arduino/sketches/63141143C7B993DCAD91B964819F148A/core/core.a(main.cpp.o) (next_striped_spin_lock_num)
/home/runner/.arduino15/packages/rp2040/hardware/rp2040/3.9.3/lib/libpico.a(gpio.c.obj)
                              /tmp/arduino/sketches/63141143C7B993DCAD91B964819F148A/core/core.a(wiring_digital.cpp.o) (gpio_set_function)
/home/runner/.arduino15/packages/rp2040/hardware/rp2040/3.9.3/lib/libpico.a(irq.c.obj)
                              /tmp/arduino/sketches/63141143C7B993DCAD91B964819F148A/core/core.a(main.cpp.o) (irq_set_enabled)
/home/runner/.arduino15/packages/rp2040/hardware/rp2040/3.9.3/lib/libpico.a(irq_handler_chain.S.obj)
                              /home/runner/.arduino15/packages/rp2040/hardware/rp2040/3.9.3/lib/libpico.a(irq.c.obj) (irq_handler_chain_slots)
/home/runner/.arduino15/packages/rp2040/hardware/rp2040/3.9.3/lib/libpico.a(mutex.c.obj)
                              /tmp/arduino/sketches/63141143C7B993DCAD91B964819F148A/core/core.a(main.cpp.o) (mutex_init)
/home/runner/.arduino15/packages/rp2040/hardware/rp2040/3.9.3/lib/libpico.a(time.c.obj)
                              /tmp/arduino/sketches/63141143C7B993DCAD91B964819F148A/core/core.a(RP2040USB.cpp.o) (alarm_pool_get_default)
/home/runner/.arduino15/packages/rp2040/hardware/rp2040/3.9.3/lib/libpico.a(timer.c.obj)
                              /home/runner/.arduino15/packages/rp2040/hardware/rp2040/3.9.3/lib/libpico.a(time.c.obj) (hardware_alarm_claim)
[...]
Memory Configuration

Name             Origin             Length             Attributes
FLASH            0x10000000         0x001ff000         xr
RAM              0x20000000         0x00040000         xrw
SCRATCH_X        0x20040000         0x00001000         xrw
SCRATCH_Y        0x20041000         0x00001000         xrw
*default*        0x00000000         0xffffffff

Linker script and memory map

LOAD /home/runner/.arduino15/packages/rp2040/tools/pqt-gcc/2.2.0-d04e724/bin/../lib/gcc/arm-none-eabi/12.3.0/thumb/crti.o
LOAD /home/runner/.arduino15/packages/rp2040/tools/pqt-gcc/2.2.0-d04e724/bin/../lib/gcc/arm-none-eabi/12.3.0/thumb/crtbegin.o
LOAD /home/runner/.arduino15/packages/rp2040/tools/pqt-gcc/2.2.0-d04e724/bin/../lib/gcc/arm-none-eabi/12.3.0/../../../../arm-none-eabi/lib/thumb/crt0.o
                0x101ff000                        PROVIDE (_EEPROM_start = 0x101ff000)
                [!provide]                        PROVIDE (_FS_start = 0x101ff000)
                [!provide]                        PROVIDE (_FS_end = 0x101ff000)

.flash_begin    0x10000000        0x0
                0x10000000                        __flash_binary_start = .

.boot2          0x10000000      0x100
                0x10000000                        __boot2_start__ = .
 *(.boot2)
 .boot2         0x10000000      0x100 /tmp/arduino/sketches/63141143C7B993DCAD91B964819F148A/boot2.o
                0x10000100                        __boot2_end__ = .
                0x00000001                        ASSERT (((__boot2_end__ - __boot2_start__) == 0x100), ERROR: Pico second stage bootloader must be 256 bytes in size)

.ota            0x10000100     0x25f8
 *(.OTA)
 .OTA           0x10000100     0x25f8 /home/runner/.arduino15/packages/rp2040/hardware/rp2040/3.9.3/lib/ota.o
                0x10000100                _binary_ota_bin_start
                0x100026f8                _binary_ota_bin_end

.partition      0x100026f8      0x908
                0x10002ff0                        . = (__flash_binary_start + 0x2ff0)
 *fill*         0x100026f8      0x8f8 
                0x10002ff0        0x4 LONG 0x101ff000
                0x10002ff4        0x4 LONG 0x101ff000
                0x10002ff8        0x4 LONG 0x101ff000
                0x10002ffc        0x4 LONG 0x1ff000

.text           0x10003000     0xc390
                0x10003000                        __logical_binary_start = .
 *(.vectors)
 .vectors       0x10003000       0xd4 /home/runner/.arduino15/packages/rp2040/hardware/rp2040/3.9.3/lib/libpico.a(crt0.S.obj)
                0x10003000                __vectors
                0x10003000                __VECTOR_TABLE
                0x100030c0                isr_invalid
                0x100030c0                __default_isrs_start
                0x100030c2                isr_nmi
                0x100030c4                isr_hardfault
                0x100030c6                isr_svcall
                0x100030c8                isr_pendsv
                0x100030ca                isr_systick
                0x100030cc                isr_irq30
                0x100030cc                __unhandled_user_irq
                0x100030cc                isr_irq13
                0x100030cc                isr_irq27
                0x100030cc                isr_irq31
                0x100030cc                isr_irq5
                0x100030cc                isr_irq11
                0x100030cc                isr_irq23
                0x100030cc                isr_irq18
                0x100030cc                isr_irq28
                0x100030cc                isr_irq19
                0x100030cc                isr_irq0
                0x100030cc                isr_irq6
                0x100030cc                isr_irq22
                0x100030cc                isr_irq17
                0x100030cc                isr_irq14
                0x100030cc                isr_irq2
                0x100030cc                isr_irq10
                0x100030cc                isr_irq8
                0x100030cc                isr_irq24
                0x100030cc                isr_irq1
                0x100030cc                isr_irq7
                0x100030cc                isr_irq21
                0x100030cc                isr_irq20
                0x100030cc                isr_irq15
                0x100030cc                isr_irq25
                0x100030cc                isr_irq4
                0x100030cc                isr_irq16
                0x100030cc                isr_irq29
                0x100030cc                isr_irq26
                0x100030cc                __default_isrs_end
                0x100030cc                isr_irq3
                0x100030cc                isr_irq12
                0x100030cc                isr_irq9
                0x100030d2                unhandled_user_irq_num_in_r0
 *(.binary_info_header)
 .binary_info_header
                0x100030d4        0x0 /home/runner/.arduino15/packages/rp2040/hardware/rp2040/3.9.3/lib/libpico.a(crt0.S.obj)
                0x100030d4                        __binary_info_header_end = .
 *(.reset)
 .reset         0x100030d4       0xa0 /home/runner/.arduino15/packages/rp2040/hardware/rp2040/3.9.3/lib/libpico.a(crt0.S.obj)
                0x100030d4                _entry_point
 *(.init)
 .init          0x10003174        0x4 /home/runner/.arduino15/packages/rp2040/tools/pqt-gcc/2.2.0-d04e724/bin/../lib/gcc/arm-none-eabi/12.3.0/thumb/crti.o
                0x10003174                _init
 *(EXCLUDE_FILE(*dvi.c.o *PicoDVI.cpp.o *divider.S.obj *interp.c.obj *libm.a: *libc.a:*lib_a-mem*.o *libgcc.a:) .text*)
 .text          0x10003178       0x98 /home/runner/.arduino15/packages/rp2040/tools/pqt-gcc/2.2.0-d04e724/bin/../lib/gcc/arm-none-eabi/12.3.0/thumb/crtbegin.o
 .text.setup    0x10003210       0x50 /tmp/arduino/sketches/63141143C7B993DCAD91B964819F148A/sketch/clear_eeprom.ino.cpp.o
                0x10003210                setup
 .text.loop     0x10003260        0x2 /tmp/arduino/sketches/63141143C7B993DCAD91B964819F148A/sketch/clear_eeprom.ino.cpp.o
                0x10003260                loop
 .text._ZN11EEPROMClass5beginEj
                0x10003262       0x42 /tmp/arduino/sketches/63141143C7B993DCAD91B964819F148A/libraries/EEPROM/EEPROM.a(EEPROM.cpp.o)
                0x10003262                _ZN11EEPROMClass5beginEj
 .text._ZN11EEPROMClass5writeEih
                0x100032a4       0x22 /tmp/arduino/sketches/63141143C7B993DCAD91B964819F148A/libraries/EEPROM/EEPROM.a(EEPROM.cpp.o)
                0x100032a4                _ZN11EEPROMClass5writeEih
 *fill*         0x100032c6        0x2 
 .text._ZN11EEPROMClass6commitEv
                0x100032c8       0xa4 /tmp/arduino/sketches/63141143C7B993DCAD91B964819F148A/libraries/EEPROM/EEPROM.a(EEPROM.cpp.o)
                0x100032c8                _ZN11EEPROMClass6commitEv
 .text.startup._GLOBAL__sub_I__ZN11EEPROMClassC2Ev
                0x1000336c       0x18 /tmp/arduino/sketches/63141143C7B993DCAD91B964819F148A/libraries/EEPROM/EEPROM.a(EEPROM.cpp.o)
 .text.delay    0x10003384        0xc /tmp/arduino/sketches/63141143C7B993DCAD91B964819F148A/core/core.a(delay.cpp.o)
                0x10003384                delay
 .text._ZN6RP204015_SystickHandlerEv
                0x10003390       0x1c /tmp/arduino/sketches/63141143C7B993DCAD91B964819F148A/core/core.a(main.cpp.o)
                0x10003390                _ZN6RP204015_SystickHandlerEv
 .text._ZN6_MFIFO12registerCoreEv.part.0
                0x100033ac       0x24 /tmp/arduino/sketches/63141143C7B993DCAD91B964819F148A/core/core.a(main.cpp.o)
 .text.main1    0x100033d0       0x30 /tmp/arduino/sketches/63141143C7B993DCAD91B964819F148A/core/core.a(main.cpp.o)
                0x100033d0                main1
 .text._ZN6_MFIFO5beginEi.part.0.constprop.0
                0x10003400       0x44 /tmp/arduino/sketches/63141143C7B993DCAD91B964819F148A/core/core.a(main.cpp.o)
 .text._ZN6RP20405beginEv
                0x10003444       0xb8 /tmp/arduino/sketches/63141143C7B993DCAD91B964819F148A/core/core.a(main.cpp.o)
                0x10003444                _ZN6RP20405beginEv
 .text.initVariant
                0x100034fc        0x2 /tmp/arduino/sketches/63141143C7B993DCAD91B964819F148A/core/core.a(main.cpp.o)
                0x100034fc                initVariant
 *fill*         0x100034fe        0x2 
 .text._Z6__loopv
                0x10003500       0x30 /tmp/arduino/sketches/63141143C7B993DCAD91B964819F148A/core/core.a(main.cpp.o)
                0x10003500                _Z6__loopv
 .text.__wrap___getreent
                0x10003530       0x1c /tmp/arduino/sketches/63141143C7B993DCAD91B964819F148A/core/core.a(main.cpp.o)
                0x10003530                __wrap___getreent
 .text.startup._GLOBAL__sub_I_rp2040
                0x1000354c       0x28 /tmp/arduino/sketches/63141143C7B993DCAD91B964819F148A/core/core.a(main.cpp.o)
 .text.startup.main
                0x10003574      0x14c /tmp/arduino/sketches/63141143C7B993DCAD91B964819F148A/core/core.a(main.cpp.o)
                0x10003574                main
 .text.__wrap_malloc
                0x100036c0       0x18 /tmp/arduino/sketches/63141143C7B993DCAD91B964819F148A/core/core.a(malloc-lock.cpp.o)
                0x100036c0                __wrap_malloc
 .text.__wrap_calloc
                0x100036d8       0x1c /tmp/arduino/sketches/63141143C7B993DCAD91B964819F148A/core/core.a(malloc-lock.cpp.o)
                0x100036d8                __wrap_calloc
 .text.__wrap_realloc
                0x100036f4       0x1c /tmp/arduino/sketches/63141143C7B993DCAD91B964819F148A/core/core.a(malloc-lock.cpp.o)
                0x100036f4                __wrap_realloc
 .text.__wrap_free
                0x10003710       0x14 /tmp/arduino/sketches/63141143C7B993DCAD91B964819F148A/core/core.a(malloc-lock.cpp.o)
                0x10003710                __wrap_free
 .text.__pinMode
                0x10003724       0xb0 /tmp/arduino/sketches/63141143C7B993DCAD91B964819F148A/core/core.a(wiring_digital.cpp.o)
                0x10003724                __pinMode
                0x10003724                pinMode
 .text.__digitalWrite
                0x100037d4       0x44 /tmp/arduino/sketches/63141143C7B993DCAD91B964819F148A/core/core.a(wiring_digital.cpp.o)
                0x100037d4                digitalWrite
                0x100037d4                __digitalWrite
 .text.interrupts
                0x10003818       0x30 /tmp/arduino/sketches/63141143C7B993DCAD91B964819F148A/core/core.a(wiring_private.cpp.o)
                0x10003818                interrupts
 .text.noInterrupts
                0x10003848       0x3c /tmp/arduino/sketches/63141143C7B993DCAD91B964819F148A/core/core.a(wiring_private.cpp.o)
                0x10003848                noInterrupts
 .text.startup._GLOBAL__sub_I_interrupts
                0x10003884       0x1c /tmp/arduino/sketches/63141143C7B993DCAD91B964819F148A/core/core.a(wiring_private.cpp.o)
 .text._ZN9CoreMutexC2EP5mutexh
                0x100038a0       0x68 /tmp/arduino/sketches/63141143C7B993DCAD91B964819F148A/core/core.a(CoreMutex.cpp.o)
                0x100038a0                _ZN9CoreMutexC2EP5mutexh
                0x100038a0                _ZN9CoreMutexC1EP5mutexh
 .text._ZN9CoreMutexD2Ev
                0x10003908       0x44 /tmp/arduino/sketches/63141143C7B993DCAD91B964819F148A/core/core.a(CoreMutex.cpp.o)
                0x10003908                _ZN9CoreMutexD2Ev
                0x10003908                _ZN9CoreMutexD1Ev
 .text._ZN10PIOProgramC2EPK11pio_program
                0x1000394c        0xc /tmp/arduino/sketches/63141143C7B993DCAD91B964819F148A/core/core.a(PIOProgram.cpp.o)
                0x1000394c                _ZN10PIOProgramC1EPK11pio_program
                0x1000394c                _ZN10PIOProgramC2EPK11pio_program
 .text._ZN10PIOProgram7prepareEPP8pio_hw_tPiS3_
                0x10003958      0x198 /tmp/arduino/sketches/63141143C7B993DCAD91B964819F148A/core/core.a(PIOProgram.cpp.o)
                0x10003958                _ZN10PIOProgram7prepareEPP8pio_hw_tPiS3_
 .text.startup._GLOBAL__sub_I__ZN10PIOProgramC2EPK11pio_program
                0x10003af0       0x2c /tmp/arduino/sketches/63141143C7B993DCAD91B964819F148A/core/core.a(PIOProgram.cpp.o)
 .text._ZL10timer_tasklPv
                0x10003b1c       0x18 /tmp/arduino/sketches/63141143C7B993DCAD91B964819F148A/core/core.a(RP2040USB.cpp.o)
 .text._ZL7usb_irqv
                0x10003b34       0x28 /tmp/arduino/sketches/63141143C7B993DCAD91B964819F148A/core/core.a(RP2040USB.cpp.o)
 .text.tud_descriptor_device_cb
                0x10003b5c       0xb8 /tmp/arduino/sketches/63141143C7B993DCAD91B964819F148A/core/core.a(RP2040USB.cpp.o)
                0x10003b5c                tud_descriptor_device_cb
 .text._Z20__SetupDescHIDReportv
                0x10003c14      0x1cc /tmp/arduino/sketches/63141143C7B993DCAD91B964819F148A/core/core.a(RP2040USB.cpp.o)
                0x10003c14                _Z20__SetupDescHIDReportv
 .text.tud_hid_descriptor_report_cb
                0x10003de0        0xc /tmp/arduino/sketches/63141143C7B993DCAD91B964819F148A/core/core.a(RP2040USB.cpp.o)
                0x10003de0                tud_hid_descriptor_report_cb
 .text.tud_descriptor_configuration_cb
                0x10003dec        0xc /tmp/arduino/sketches/63141143C7B993DCAD91B964819F148A/core/core.a(RP2040USB.cpp.o)
                0x10003dec                tud_descriptor_configuration_cb
 .text._Z20__SetupUSBDescriptorv
                0x10003df8      0x1c0 /tmp/arduino/sketches/63141143C7B993DCAD91B964819F148A/core/core.a(RP2040USB.cpp.o)
                0x10003df8                _Z20__SetupUSBDescriptorv
 .text.tud_descriptor_string_cb
                0x10003fb8       0x68 /tmp/arduino/sketches/63141143C7B993DCAD91B964819F148A/core/core.a(RP2040USB.cpp.o)
                0x10003fb8                tud_descriptor_string_cb
 .text._Z10__USBStartv
                0x10004020       0x9c /tmp/arduino/sketches/63141143C7B993DCAD91B964819F148A/core/core.a(RP2040USB.cpp.o)
                0x10004020                _Z10__USBStartv
 .text.tud_hid_get_report_cb
                0x100040bc        0x4 /tmp/arduino/sketches/63141143C7B993DCAD91B964819F148A/core/core.a(RP2040USB.cpp.o)
                0x100040bc                tud_hid_get_report_cb
 .text.tud_hid_set_report_cb
                0x100040c0        0x2 /tmp/arduino/sketches/63141143C7B993DCAD91B964819F148A/core/core.a(RP2040USB.cpp.o)
                0x100040c0                tud_hid_set_report_cb
 .text.tud_msc_read10_cb
                0x100040c2        0x6 /tmp/arduino/sketches/63141143C7B993DCAD91B964819F148A/core/core.a(RP2040USB.cpp.o)
                0x100040c2                tud_msc_read10_cb
 .text.tud_msc_test_unit_ready_cb
                0x100040c8        0x4 /tmp/arduino/sketches/63141143C7B993DCAD91B964819F148A/core/core.a(RP2040USB.cpp.o)
                0x100040c8                tud_msc_test_unit_ready_cb
 .text.tud_msc_write10_cb
                0x100040cc        0x6 /tmp/arduino/sketches/63141143C7B993DCAD91B964819F148A/core/core.a(RP2040USB.cpp.o)
                0x100040cc                tud_msc_write10_cb
 .text.tud_msc_scsi_cb
                0x100040d2        0x4 /tmp/arduino/sketches/63141143C7B993DCAD91B964819F148A/core/core.a(RP2040USB.cpp.o)
                0x100040d2                tud_msc_scsi_cb
 .text.tud_msc_capacity_cb
                0x100040d6        0x8 /tmp/arduino/sketches/63141143C7B993DCAD91B964819F148A/core/core.a(RP2040USB.cpp.o)
                0x100040d6                tud_msc_capacity_cb
 .text.tud_msc_inquiry_cb
                0x100040de        0xa /tmp/arduino/sketches/63141143C7B993DCAD91B964819F148A/core/core.a(RP2040USB.cpp.o)
                0x100040de                tud_msc_inquiry_cb
 .text._ZN9SerialUSB5beginEmt
                0x100040e8        0xa /tmp/arduino/sketches/63141143C7B993DCAD91B964819F148A/core/core.a(SerialUSB.cpp.o)
                0x100040e8                _ZN9SerialUSB5beginEmt
 .text._ZN9SerialUSB5beginEm
                0x100040f2        0xc /tmp/arduino/sketches/63141143C7B993DCAD91B964819F148A/core/core.a(SerialUSB.cpp.o)
                0x100040f2                _ZN9SerialUSB5beginEm
 .text._ZN9SerialUSB3endEv
                0x100040fe        0x2 /tmp/arduino/sketches/63141143C7B993DCAD91B964819F148A/core/core.a(SerialUSB.cpp.o)
                0x100040fe                _ZN9SerialUSB3endEv
 .text._ZN9SerialUSB5writeEh
                0x10004100       0x14 /tmp/arduino/sketches/63141143C7B993DCAD91B964819F148A/core/core.a(SerialUSB.cpp.o)
                0x10004100                _ZN9SerialUSB5writeEh
 .text._ZN9SerialUSB4peekEv
                0x10004114       0x50 /tmp/arduino/sketches/63141143C7B993DCAD91B964819F148A/core/core.a(SerialUSB.cpp.o)
                0x10004114                _ZN9SerialUSB4peekEv
 .text._ZN9SerialUSB9availableEv
                0x10004164       0x44 /tmp/arduino/sketches/63141143C7B993DCAD91B964819F148A/core/core.a(SerialUSB.cpp.o)
                0x10004164                _ZN9SerialUSB9availableEv
 .text._ZN9SerialUSB17availableForWriteEv
                0x100041a8       0x44 /tmp/arduino/sketches/63141143C7B993DCAD91B964819F148A/core/core.a(SerialUSB.cpp.o)
                0x100041a8                _ZN9SerialUSB17availableForWriteEv
 .text._ZL16CheckSerialResetv
                0x100041ec       0x74 /tmp/arduino/sketches/63141143C7B993DCAD91B964819F148A/core/core.a(SerialUSB.cpp.o)
 .text._ZN9SerialUSB4readEv
                0x10004260       0x5c /tmp/arduino/sketches/63141143C7B993DCAD91B964819F148A/core/core.a(SerialUSB.cpp.o)
                0x10004260                _ZN9SerialUSB4readEv
 .text._ZN9SerialUSB5flushEv
                0x100042bc       0x40 /tmp/arduino/sketches/63141143C7B993DCAD91B964819F148A/core/core.a(SerialUSB.cpp.o)
                0x100042bc                _ZN9SerialUSB5flushEv
 .text._ZN9SerialUSBcvbEv
                0x100042fc       0x40 /tmp/arduino/sketches/63141143C7B993DCAD91B964819F148A/core/core.a(SerialUSB.cpp.o)
                0x100042fc                _ZN9SerialUSBcvbEv
 .text._ZN9SerialUSB5writeEPKhj
                0x1000433c       0xf4 /tmp/arduino/sketches/63141143C7B993DCAD91B964819F148A/core/core.a(SerialUSB.cpp.o)
                0x1000433c                _ZN9SerialUSB5writeEPKhj
 .text._Z18__USBInstallSerialv
                0x10004430        0x2 /tmp/arduino/sketches/63141143C7B993DCAD91B964819F148A/core/core.a(SerialUSB.cpp.o)
                0x10004430                _Z18__USBInstallSerialv
 *fill*         0x10004432        0x2 
 .text.tud_cdc_line_state_cb
                0x10004434       0x18 /tmp/arduino/sketches/63141143C7B993DCAD91B964819F148A/core/core.a(SerialUSB.cpp.o)
                0x10004434                tud_cdc_line_state_cb
 .text.tud_cdc_line_coding_cb
                0x1000444c       0x24 /tmp/arduino/sketches/63141143C7B993DCAD91B964819F148A/core/core.a(SerialUSB.cpp.o)
                0x1000444c                tud_cdc_line_coding_cb
 .text._ZN7arduino14serialEventRunEv
                0x10004470       0x20 /tmp/arduino/sketches/63141143C7B993DCAD91B964819F148A/core/core.a(SerialUSB.cpp.o)
                0x10004470                _ZN7arduino14serialEventRunEv
 .text.startup._GLOBAL__sub_I__Z18__USBInstallSerialv
                0x10004490       0x1c /tmp/arduino/sketches/63141143C7B993DCAD91B964819F148A/core/core.a(SerialUSB.cpp.o)
 .text._Z28__get_freertos_mutex_for_ptrP5mutexb
                0x100044ac       0x64 /tmp/arduino/sketches/63141143C7B993DCAD91B964819F148A/core/core.a(_freertos.cpp.o)
                0x100044ac                _Z28__get_freertos_mutex_for_ptrP5mutexb
 .text._ZN7arduino6String10invalidateEv
                0x10004510       0x18 /tmp/arduino/sketches/63141143C7B993DCAD91B964819F148A/core/core.a(String.cpp.o)
                0x10004510                _ZN7arduino6String10invalidateEv
 .text._ZN7arduino6String12changeBufferEj
                0x10004528       0x18 /tmp/arduino/sketches/63141143C7B993DCAD91B964819F148A/core/core.a(String.cpp.o)
                0x10004528                _ZN7arduino6String12changeBufferEj
 .text._ZN7arduino6String7reserveEj
                0x10004540       0x28 /tmp/arduino/sketches/63141143C7B993DCAD91B964819F148A/core/core.a(String.cpp.o)
                0x10004540                _ZN7arduino6String7reserveEj
 .text._ZN7arduino6String4copyEPKcj
                0x10004568       0x32 /tmp/arduino/sketches/63141143C7B993DCAD91B964819F148A/core/core.a(String.cpp.o)
                0x10004568                _ZN7arduino6String4copyEPKcj
 .text._ZN7arduino6StringC2EPKc
                0x1000459a       0x26 /tmp/arduino/sketches/63141143C7B993DCAD91B964819F148A/core/core.a(String.cpp.o)
                0x1000459a                _ZN7arduino6StringC1EPKc
                0x1000459a                _ZN7arduino6StringC2EPKc
 .text._Z13__clearADCPinh
                0x100045c0       0x14 /tmp/arduino/sketches/63141143C7B993DCAD91B964819F148A/core/core.a(wiring_analog.cpp.o)
                0x100045c0                _Z13__clearADCPinh
 .text.spin_locks_reset
                0x100045d4       0x1c /home/runner/.arduino15/packages/rp2040/hardware/rp2040/3.9.3/lib/libpico.a(sync.c.obj)
                0x100045d4                spin_locks_reset
 .text.next_striped_spin_lock_num
                0x100045f0       0x18 /home/runner/.arduino15/packages/rp2040/hardware/rp2040/3.9.3/lib/libpico.a(sync.c.obj)
                0x100045f0                next_striped_spin_lock_num
 .text.spin_lock_claim_unused
                0x10004608       0x20 /home/runner/.arduino15/packages/rp2040/hardware/rp2040/3.9.3/lib/libpico.a(sync.c.obj)
                0x10004608                spin_lock_claim_unused
 .text.gpio_set_function
                0x10004628       0x2c /home/runner/.arduino15/packages/rp2040/hardware/rp2040/3.9.3/lib/libpico.a(gpio.c.obj)
                0x10004628                gpio_set_function
 .text.gpio_set_pulls
                0x10004654       0x24 /home/runner/.arduino15/packages/rp2040/hardware/rp2040/3.9.3/lib/libpico.a(gpio.c.obj)
                0x10004654                gpio_set_pulls
 .text.gpio_set_drive_strength
                0x10004678       0x20 /home/runner/.arduino15/packages/rp2040/hardware/rp2040/3.9.3/lib/libpico.a(gpio.c.obj)
                0x10004678                gpio_set_drive_strength
 .text.gpio_init
                0x10004698       0x16 /home/runner/.arduino15/packages/rp2040/hardware/rp2040/3.9.3/lib/libpico.a(gpio.c.obj)
                0x10004698                gpio_init
 *fill*         0x100046ae        0x2 
 .text.set_raw_irq_handler_and_unlock
                0x100046b0       0x28 /home/runner/.arduino15/packages/rp2040/hardware/rp2040/3.9.3/lib/libpico.a(irq.c.obj)
 .text.irq_is_enabled
                0x100046d8       0x18 /home/runner/.arduino15/packages/rp2040/hardware/rp2040/3.9.3/lib/libpico.a(irq.c.obj)
                0x100046d8                irq_is_enabled
 .text.irq_set_mask_enabled
                0x100046f0       0x20 /home/runner/.arduino15/packages/rp2040/hardware/rp2040/3.9.3/lib/libpico.a(irq.c.obj)
                0x100046f0                irq_set_mask_enabled
 .text.irq_set_enabled
                0x10004710        0xe /home/runner/.arduino15/packages/rp2040/hardware/rp2040/3.9.3/lib/libpico.a(irq.c.obj)
                0x10004710                irq_set_enabled
 *fill*         0x1000471e        0x2 
 .text.irq_set_pending
                0x10004720       0x10 /home/runner/.arduino15/packages/rp2040/hardware/rp2040/3.9.3/lib/libpico.a(irq.c.obj)
                0x10004720                irq_set_pending
 .text.irq_get_vtable_handler
                0x10004730       0x10 /home/runner/.arduino15/packages/rp2040/hardware/rp2040/3.9.3/lib/libpico.a(irq.c.obj)
                0x10004730                irq_get_vtable_handler
 .text.irq_set_exclusive_handler
                0x10004740       0x40 /home/runner/.arduino15/packages/rp2040/hardware/rp2040/3.9.3/lib/libpico.a(irq.c.obj)
                0x10004740                irq_set_exclusive_handler
 .text.irq_add_shared_handler
                0x10004780      0x1a0 /home/runner/.arduino15/packages/rp2040/hardware/rp2040/3.9.3/lib/libpico.a(irq.c.obj)
                0x10004780                irq_add_shared_handler
 .text.irq_remove_handler
                0x10004920      0x164 /home/runner/.arduino15/packages/rp2040/hardware/rp2040/3.9.3/lib/libpico.a(irq.c.obj)
                0x10004920                irq_remove_handler
 .text.irq_add_tail_to_free_list
                0x10004a84       0xa0 /home/runner/.arduino15/packages/rp2040/hardware/rp2040/3.9.3/lib/libpico.a(irq.c.obj)
                0x10004a84                irq_add_tail_to_free_list
 .text.irq_init_priorities
                0x10004b24       0x24 /home/runner/.arduino15/packages/rp2040/hardware/rp2040/3.9.3/lib/libpico.a(irq.c.obj)
                0x10004b24                irq_init_priorities
 .text.user_irq_claim_unused
                0x10004b48       0x28 /home/runner/.arduino15/packages/rp2040/hardware/rp2040/3.9.3/lib/libpico.a(irq.c.obj)
                0x10004b48                user_irq_claim_unused
 .text.mutex_init
                0x10004b70       0x1a /home/runner/.arduino15/packages/rp2040/hardware/rp2040/3.9.3/lib/libpico.a(mutex.c.obj)
                0x10004b70                mutex_init
 .text.recursive_mutex_init
                0x10004b8a       0x1a /home/runner/.arduino15/packages/rp2040/hardware/rp2040/3.9.3/lib/libpico.a(mutex.c.obj)
                0x10004b8a                recursive_mutex_init
 .text.time_reached
                0x10004ba4       0x28 /home/runner/.arduino15/packages/rp2040/hardware/rp2040/3.9.3/lib/libpico.a(time.c.obj)
 .text.timer_pool_entry_comparator
                0x10004bcc       0x30 /home/runner/.arduino15/packages/rp2040/hardware/rp2040/3.9.3/lib/libpico.a(time.c.obj)
                0x10004bcc                timer_pool_entry_comparator
 .text.alarm_pool_post_alloc_init
                0x10004bfc       0x40 /home/runner/.arduino15/packages/rp2040/hardware/rp2040/3.9.3/lib/libpico.a(time.c.obj)
 .text.sleep_until_callback
                0x10004c3c       0x30 /home/runner/.arduino15/packages/rp2040/hardware/rp2040/3.9.3/lib/libpico.a(time.c.obj)
 .text.ph_add_child_node.isra.0
                0x10004c6c       0x20 /home/runner/.arduino15/packages/rp2040/hardware/rp2040/3.9.3/lib/libpico.a(time.c.obj)
 .text.add_alarm_under_lock
                0x10004c8c       0xcc /home/runner/.arduino15/packages/rp2040/hardware/rp2040/3.9.3/lib/libpico.a(time.c.obj)
 .text.alarm_pool_alarm_callback
                0x10004d58      0x18c /home/runner/.arduino15/packages/rp2040/hardware/rp2040/3.9.3/lib/libpico.a(time.c.obj)
 .text.alarm_pool_init_default
                0x10004ee4       0x3c /home/runner/.arduino15/packages/rp2040/hardware/rp2040/3.9.3/lib/libpico.a(time.c.obj)
                0x10004ee4                alarm_pool_init_default
 .text.alarm_pool_get_default
                0x10004f20        0x8 /home/runner/.arduino15/packages/rp2040/hardware/rp2040/3.9.3/lib/libpico.a(time.c.obj)
                0x10004f20                alarm_pool_get_default
 .text.alarm_pool_add_alarm_at
                0x10004f28       0xd4 /home/runner/.arduino15/packages/rp2040/hardware/rp2040/3.9.3/lib/libpico.a(time.c.obj)
                0x10004f28                alarm_pool_add_alarm_at
 .text.alarm_pool_cancel_alarm
                0x10004ffc       0x6a /home/runner/.arduino15/packages/rp2040/hardware/rp2040/3.9.3/lib/libpico.a(time.c.obj)
                0x10004ffc                alarm_pool_cancel_alarm
 *fill*         0x10005066        0x2 
 .text.sleep_until
                0x10005068       0x98 /home/runner/.arduino15/packages/rp2040/hardware/rp2040/3.9.3/lib/libpico.a(time.c.obj)
                0x10005068                sleep_until
 .text.sleep_us
                0x10005100       0x28 /home/runner/.arduino15/packages/rp2040/hardware/rp2040/3.9.3/lib/libpico.a(time.c.obj)
                0x10005100                sleep_us
 .text.sleep_ms
                0x10005128       0x14 /home/runner/.arduino15/packages/rp2040/hardware/rp2040/3.9.3/lib/libpico.a(time.c.obj)
                0x10005128                sleep_ms
 .text.best_effort_wfe_or_timeout
                0x1000513c       0x44 /home/runner/.arduino15/packages/rp2040/hardware/rp2040/3.9.3/lib/libpico.a(time.c.obj)
                0x1000513c                best_effort_wfe_or_timeout
 .text.hardware_alarm_irq_handler
                0x10005180       0xac /home/runner/.arduino15/packages/rp2040/hardware/rp2040/3.9.3/lib/libpico.a(timer.c.obj)
 .text.hardware_alarm_claim
                0x1000522c       0x18 /home/runner/.arduino15/packages/rp2040/hardware/rp2040/3.9.3/lib/libpico.a(timer.c.obj)
                0x1000522c                hardware_alarm_claim
 .text.time_us_64
                0x10005244       0x14 /home/runner/.arduino15/packages/rp2040/hardware/rp2040/3.9.3/lib/libpico.a(timer.c.obj)
                0x10005244                time_us_64
 .text.busy_wait_until
                0x10005258       0x1c /home/runner/.arduino15/packages/rp2040/hardware/rp2040/3.9.3/lib/libpico.a(timer.c.obj)
                0x10005258                busy_wait_until
 .text.busy_wait_us
                0x10005274       0x2c /home/runner/.arduino15/packages/rp2040/hardware/rp2040/3.9.3/lib/libpico.a(timer.c.obj)
                0x10005274                busy_wait_us
 .text.busy_wait_us_32
                0x100052a0       0x20 /home/runner/.arduino15/packages/rp2040/hardware/rp2040/3.9.3/lib/libpico.a(timer.c.obj)
                0x100052a0                busy_wait_us_32
 .text.busy_wait_ms
                0x100052c0       0x2c /home/runner/.arduino15/packages/rp2040/hardware/rp2040/3.9.3/lib/libpico.a(timer.c.obj)
                0x100052c0                busy_wait_ms
 .text.hardware_alarm_set_callback
                0x100052ec       0x9c /home/runner/.arduino15/packages/rp2040/hardware/rp2040/3.9.3/lib/libpico.a(timer.c.obj)
                0x100052ec                hardware_alarm_set_callback
 .text.hardware_alarm_set_target
                0x10005388       0xc0 /home/runner/.arduino15/packages/rp2040/hardware/rp2040/3.9.3/lib/libpico.a(timer.c.obj)
                0x10005388                hardware_alarm_set_target
 .text.hardware_alarm_cancel
                0x10005448       0x40 /home/runner/.arduino15/packages/rp2040/hardware/rp2040/3.9.3/lib/libpico.a(timer.c.obj)
                0x10005448                hardware_alarm_cancel
 .text.ph_add_child_node.isra.0
                0x10005488       0x20 /home/runner/.arduino15/packages/rp2040/hardware/rp2040/3.9.3/lib/libpico.a(pheap.c.obj)
 .text.ph_merge_nodes
                0x100054a8       0x36 /home/runner/.arduino15/packages/rp2040/hardware/rp2040/3.9.3/lib/libpico.a(pheap.c.obj)
 .text.ph_clear
                0x100054de       0x34 /home/runner/.arduino15/packages/rp2040/hardware/rp2040/3.9.3/lib/libpico.a(pheap.c.obj)
                0x100054de                ph_clear
 .text.ph_post_alloc_init
                0x10005512        0xe /home/runner/.arduino15/packages/rp2040/hardware/rp2040/3.9.3/lib/libpico.a(pheap.c.obj)
                0x10005512                ph_post_alloc_init
 .text.ph_merge_two_pass
                0x10005520       0x48 /home/runner/.arduino15/packages/rp2040/hardware/rp2040/3.9.3/lib/libpico.a(pheap.c.obj)
                0x10005520                ph_merge_two_pass
 .text.ph_remove_any_head
                0x10005568       0x52 /home/runner/.arduino15/packages/rp2040/hardware/rp2040/3.9.3/lib/libpico.a(pheap.c.obj)
 .text.ph_remove_head
                0x100055ba       0x14 /home/runner/.arduino15/packages/rp2040/hardware/rp2040/3.9.3/lib/libpico.a(pheap.c.obj)
                0x100055ba                ph_remove_head
 .text.ph_remove_and_free_node
                0x100055ce       0x6e /home/runner/.arduino15/packages/rp2040/hardware/rp2040/3.9.3/lib/libpico.a(pheap.c.obj)
                0x100055ce                ph_remove_and_free_node
 .text.queue_init_with_spinlock
                0x1000563c       0x22 /home/runner/.arduino15/packages/rp2040/hardware/rp2040/3.9.3/lib/libpico.a(queue.c.obj)
                0x1000563c                queue_init_with_spinlock
 *fill*         0x1000565e        0x2 
 .text.clock_configure
                0x10005660       0xec /home/runner/.arduino15/packages/rp2040/hardware/rp2040/3.9.3/lib/libpico.a(clocks.c.obj)
                0x10005660                clock_configure
 .text.clocks_init
                0x1000574c       0xf4 /home/runner/.arduino15/packages/rp2040/hardware/rp2040/3.9.3/lib/libpico.a(clocks.c.obj)
                0x1000574c                clocks_init
 .text.pll_init
                0x10005840       0x9c /home/runner/.arduino15/packages/rp2040/hardware/rp2040/3.9.3/lib/libpico.a(pll.c.obj)
                0x10005840                pll_init
 .text.watchdog_start_tick
                0x100058dc       0x10 /home/runner/.arduino15/packages/rp2040/hardware/rp2040/3.9.3/lib/libpico.a(watchdog.c.obj)
                0x100058dc                watchdog_start_tick
 .text.xosc_init
                0x100058ec       0x28 /home/runner/.arduino15/packages/rp2040/hardware/rp2040/3.9.3/lib/libpico.a(xosc.c.obj)
                0x100058ec                xosc_init
 .text.exception_get_vtable_handler
                0x10005914       0x10 /home/runner/.arduino15/packages/rp2040/hardware/rp2040/3.9.3/lib/libpico.a(exception.c.obj)
                0x10005914                exception_get_vtable_handler
 .text.exception_set_exclusive_handler
                0x10005924       0x48 /home/runner/.arduino15/packages/rp2040/hardware/rp2040/3.9.3/lib/libpico.a(exception.c.obj)
                0x10005924                exception_set_exclusive_handler
 .text.flash_get_unique_id
                0x1000596c       0x42 /home/runner/.arduino15/packages/rp2040/hardware/rp2040/3.9.3/lib/libpico.a(flash.c.obj)
                0x1000596c                flash_get_unique_id
 .text.rom_func_lookup
                0x100059ae       0x10 /home/runner/.arduino15/packages/rp2040/hardware/rp2040/3.9.3/lib/libpico.a(bootrom.c.obj)
                0x100059ae                rom_func_lookup
 .text.rom_data_lookup
                0x100059be       0x10 /home/runner/.arduino15/packages/rp2040/hardware/rp2040/3.9.3/lib/libpico.a(bootrom.c.obj)
                0x100059be                rom_data_lookup
 .text.rom_funcs_lookup
                0x100059ce       0x26 /home/runner/.arduino15/packages/rp2040/hardware/rp2040/3.9.3/lib/libpico.a(bootrom.c.obj)
                0x100059ce                rom_funcs_lookup
 .text._pio_find_offset_for_program.isra.0
                0x100059f4       0x48 /home/runner/.arduino15/packages/rp2040/hardware/rp2040/3.9.3/lib/libpico.a(pio.c.obj)
 .text._pio_add_program_at_offset
                0x10005a3c       0x84 /home/runner/.arduino15/packages/rp2040/hardware/rp2040/3.9.3/lib/libpico.a(pio.c.obj)
 .text.pio_claim_unused_sm
                0x10005ac0       0x34 /home/runner/.arduino15/packages/rp2040/hardware/rp2040/3.9.3/lib/libpico.a(pio.c.obj)
                0x10005ac0                pio_claim_unused_sm
 .text.pio_can_add_program
                0x10005af4       0x2a /home/runner/.arduino15/packages/rp2040/hardware/rp2040/3.9.3/lib/libpico.a(pio.c.obj)
                0x10005af4                pio_can_add_program
 *fill*         0x10005b1e        0x2 
 .text.pio_add_program
                0x10005b20       0x3c /home/runner/.arduino15/packages/rp2040/hardware/rp2040/3.9.3/lib/libpico.a(pio.c.obj)
                0x10005b20                pio_add_program
 .text.pio_sm_init
                0x10005b5c       0x8c /home/runner/.arduino15/packages/rp2040/hardware/rp2040/3.9.3/lib/libpico.a(pio.c.obj)
                0x10005b5c                pio_sm_init
 .text          0x10005be8       0x10 /home/runner/.arduino15/packages/rp2040/hardware/rp2040/3.9.3/lib/libpico.a(bit_ops_aeabi.S.obj)
 .text.__wrap___aeabi_darithmetic
                0x10005bf8       0x80 /home/runner/.arduino15/packages/rp2040/hardware/rp2040/3.9.3/lib/libpico.a(double_aeabi.S.obj)
                0x10005bf8                __wrap___aeabi_drsub
                0x10005bfe                __wrap___aeabi_dsub
                0x10005c10                __wrap___aeabi_dadd
                0x10005c22                __wrap___aeabi_ddiv
                0x10005c5e                __wrap___aeabi_dmul
 .text.__wrap___aeabi_cdcmple
                0x10005c78       0x6c /home/runner/.arduino15/packages/rp2040/hardware/rp2040/3.9.3/lib/libpico.a(double_aeabi.S.obj)
                0x10005c78                __wrap___aeabi_cdrcmple
                0x10005c88                __wrap___aeabi_cdcmple
                0x10005c88                __wrap___aeabi_cdcmpeq
 .text.__wrap___aeabi_dcmpeq
                0x10005ce4       0x10 /home/runner/.arduino15/packages/rp2040/hardware/rp2040/3.9.3/lib/libpico.a(double_aeabi.S.obj)
                0x10005ce4                __wrap___aeabi_dcmpeq
 .text.__wrap___aeabi_dcmplt
                0x10005cf4        0xc /home/runner/.arduino15/packages/rp2040/hardware/rp2040/3.9.3/lib/libpico.a(double_aeabi.S.obj)
                0x10005cf4                __wrap___aeabi_dcmplt
 .text.__wrap___aeabi_dcmple
                0x10005d00       0x10 /home/runner/.arduino15/packages/rp2040/hardware/rp2040/3.9.3/lib/libpico.a(double_aeabi.S.obj)
                0x10005d00                __wrap___aeabi_dcmple
 .text.__wrap___aeabi_dcmpge
                0x10005d10       0x10 /home/runner/.arduino15/packages/rp2040/hardware/rp2040/3.9.3/lib/libpico.a(double_aeabi.S.obj)
                0x10005d10                __wrap___aeabi_dcmpge
 .text.__wrap___aeabi_dcmpgt
                0x10005d20        0xa /home/runner/.arduino15/packages/rp2040/hardware/rp2040/3.9.3/lib/libpico.a(double_aeabi.S.obj)
                0x10005d20                __wrap___aeabi_dcmpgt
 .text.__wrap___aeabi_dcmpun
                0x10005d2a       0x1c /home/runner/.arduino15/packages/rp2040/hardware/rp2040/3.9.3/lib/libpico.a(double_aeabi.S.obj)
                0x10005d2a                __wrap___aeabi_dcmpun
 *fill*         0x10005d46        0x2 
 .text.__wrap___aeabi_i2d
                0x10005d48       0x38 /home/runner/.arduino15/packages/rp2040/hardware/rp2040/3.9.3/lib/libpico.a(double_aeabi.S.obj)
                0x10005d48                __wrap___aeabi_ui2d
                0x10005d50                __wrap___aeabi_i2d
 .text.__wrap___aeabi_d2iz
                0x10005d80       0x48 /home/runner/.arduino15/packages/rp2040/hardware/rp2040/3.9.3/lib/libpico.a(double_aeabi.S.obj)
                0x10005d80                __wrap___aeabi_d2iz
                0x10005d80                double2int_z
 .text.__wrap___aeabi_d2uiz
                0x10005dc8       0x18 /home/runner/.arduino15/packages/rp2040/hardware/rp2040/3.9.3/lib/libpico.a(double_aeabi.S.obj)
                0x10005dc8                double2uint
                0x10005dc8                __wrap___aeabi_d2uiz
 .text.__wrap___aeabi_l2d
                0x10005de0       0x18 /home/runner/.arduino15/packages/rp2040/hardware/rp2040/3.9.3/lib/libpico.a(double_aeabi.S.obj)
                0x10005de0                __wrap___aeabi_l2d
 .text.__wrap___aeabi_d2lz
                0x10005df8       0x26 /home/runner/.arduino15/packages/rp2040/hardware/rp2040/3.9.3/lib/libpico.a(double_aeabi.S.obj)
                0x10005df8                __wrap___aeabi_d2lz
                0x10005df8                double2int64_z
 *fill*         0x10005e1e        0x2 
 .text.double2int64
                0x10005e20       0x18 /home/runner/.arduino15/packages/rp2040/hardware/rp2040/3.9.3/lib/libpico.a(double_aeabi.S.obj)
                0x10005e20                double2int64
 .text.double2ufix64
                0x10005e38       0x18 /home/runner/.arduino15/packages/rp2040/hardware/rp2040/3.9.3/lib/libpico.a(double_aeabi.S.obj)
                0x10005e38                double2ufix64
 .text.__wrap___aeabi_d2f
                0x10005e50       0x18 /home/runner/.arduino15/packages/rp2040/hardware/rp2040/3.9.3/lib/libpico.a(double_aeabi.S.obj)
                0x10005e50                __wrap___aeabi_d2f
 .text.__aeabi_double_init
                0x10005e68       0x58 /home/runner/.arduino15/packages/rp2040/hardware/rp2040/3.9.3/lib/libpico.a(double_init_rom.c.obj)
                0x10005e68                __aeabi_double_init
 .text.double_table_shim_on_use_helper
                0x10005ec0       0x2c /home/runner/.arduino15/packages/rp2040/hardware/rp2040/3.9.3/lib/libpico.a(double_v1_rom_shim.S.obj)
                0x10005ec0                double_table_shim_on_use_helper
 .text.__wrap___aeabi_dsub
                0x10005eec       0x10 /home/runner/.arduino15/packages/rp2040/hardware/rp2040/3.9.3/lib/libpico.a(double_v1_rom_shim.S.obj)
                0x10005eec                drsub_shim
                0x10005ef2                dsub_shim
 .text.dadd_shim
                0x10005efc      0x15c /home/runner/.arduino15/packages/rp2040/hardware/rp2040/3.9.3/lib/libpico.a(double_v1_rom_shim.S.obj)
                0x10005efc                dadd_shim
 .text.dmul_shim
                0x10006058      0x15c /home/runner/.arduino15/packages/rp2040/hardware/rp2040/3.9.3/lib/libpico.a(double_v1_rom_shim.S.obj)
                0x10006058                dmul_shim
 .text.ddiv_shim
                0x100061b4      0x1b0 /home/runner/.arduino15/packages/rp2040/hardware/rp2040/3.9.3/lib/libpico.a(double_v1_rom_shim.S.obj)
                0x100061b4                ddiv_shim
 .text.double2uint_shim
                0x10006364        0xe /home/runner/.arduino15/packages/rp2040/hardware/rp2040/3.9.3/lib/libpico.a(double_v1_rom_shim.S.obj)
                0x10006364                double2uint_shim
                0x10006366                double2ufix_shim
 .text.double2int64_shim
                0x10006372       0x1a /home/runner/.arduino15/packages/rp2040/hardware/rp2040/3.9.3/lib/libpico.a(double_v1_rom_shim.S.obj)
                0x10006372                double2int64_shim
                0x10006374                double2fix64_shim
 .text.double2uint64_shim
                0x1000638c       0x70 /home/runner/.arduino15/packages/rp2040/hardware/rp2040/3.9.3/lib/libpico.a(double_v1_rom_shim.S.obj)
                0x1000638c                double2uint64_shim
                0x1000638e                double2ufix64_shim
                0x100063ae                d2fix_a
 .text.double2float_shim
                0x100063fc       0x5c /home/runner/.arduino15/packages/rp2040/hardware/rp2040/3.9.3/lib/libpico.a(double_v1_rom_shim.S.obj)
                0x100063fc                double2float_shim
 .text.x2double_shims
                0x10006458       0x90 /home/runner/.arduino15/packages/rp2040/hardware/rp2040/3.9.3/lib/libpico.a(double_v1_rom_shim.S.obj)
                0x10006458                uint2double_shim
                0x1000645a                ufix2double_shim
                0x10006460                int2double_shim
                0x10006462                fix2double_shim
                0x10006468                uint642double_shim
                0x1000646a                ufix642double_shim
                0x10006470                int642double_shim
                0x10006472                fix642double_shim
 .text.dunpacks
                0x100064e8       0x3c /home/runner/.arduino15/packages/rp2040/hardware/rp2040/3.9.3/lib/libpico.a(double_v1_rom_shim.S.obj)
                0x100064e8                dunpacks
 .text.__wrap___aeabi_cfcmple
                0x10006524       0x50 /home/runner/.arduino15/packages/rp2040/hardware/rp2040/3.9.3/lib/libpico.a(float_aeabi.S.obj)
                0x10006524                __wrap___aeabi_cfrcmple
                0x10006530                __wrap___aeabi_cfcmpeq
                0x10006530                __wrap___aeabi_cfcmple
 .text.__wrap___aeabi_fcmple
                0x10006574       0x10 /home/runner/.arduino15/packages/rp2040/hardware/rp2040/3.9.3/lib/libpico.a(float_aeabi.S.obj)
                0x10006574                __wrap___aeabi_fcmple
 .text.__wrap___aeabi_fcmpun
                0x10006584       0x18 /home/runner/.arduino15/packages/rp2040/hardware/rp2040/3.9.3/lib/libpico.a(float_aeabi.S.obj)
                0x10006584                __wrap___aeabi_fcmpun
 .text.__aeabi_float_init
                0x1000659c       0x5c /home/runner/.arduino15/packages/rp2040/hardware/rp2040/3.9.3/lib/libpico.a(float_init_rom.c.obj)
                0x1000659c                __aeabi_float_init
 .text.float_table_shim_on_use_helper
                0x100065f8       0x2c /home/runner/.arduino15/packages/rp2040/hardware/rp2040/3.9.3/lib/libpico.a(float_v1_rom_shim.S.obj)
                0x100065f8                float_table_shim_on_use_helper
 .text.__aeabi_lmul
                0x10006624       0x32 /home/runner/.arduino15/packages/rp2040/hardware/rp2040/3.9.3/lib/libpico.a(pico_int64_ops_aeabi.S.obj)
                0x10006624                __wrap___aeabi_lmul
 *fill*         0x10006656        0x2 
 .text          0x10006658       0x10 /home/runner/.arduino15/packages/rp2040/hardware/rp2040/3.9.3/lib/libpico.a(mem_ops_aeabi.S.obj)
                0x10006658                __aeabi_mem_init
 .text.memset   0x10006668        0xc /home/runner/.arduino15/packages/rp2040/hardware/rp2040/3.9.3/lib/libpico.a(mem_ops_aeabi.S.obj)
                0x10006668                __wrap_memset
 .text.memcpy   0x10006674        0xc /home/runner/.arduino15/packages/rp2040/hardware/rp2040/3.9.3/lib/libpico.a(mem_ops_aeabi.S.obj)
                0x10006674                __wrap___aeabi_memcpy
                0x10006674                __wrap_memcpy
 .text.multicore_fifo_pop_blocking_inline
                0x10006680       0x14 /home/runner/.arduino15/packages/rp2040/hardware/rp2040/3.9.3/lib/libpico.a(multicore.c.obj)
 .text.core1_trampoline
                0x10006694        0x2 /home/runner/.arduino15/packages/rp2040/hardware/rp2040/3.9.3/lib/libpico.a(multicore.c.obj)
 .text.core1_wrapper
                0x10006696        0xc /home/runner/.arduino15/packages/rp2040/hardware/rp2040/3.9.3/lib/libpico.a(multicore.c.obj)
                0x10006696                core1_wrapper
 .text.multicore_fifo_push_blocking_inline
                0x100066a2       0x12 /home/runner/.arduino15/packages/rp2040/hardware/rp2040/3.9.3/lib/libpico.a(multicore.c.obj)
 .text.multicore_fifo_push_blocking
                0x100066b4        0x8 /home/runner/.arduino15/packages/rp2040/hardware/rp2040/3.9.3/lib/libpico.a(multicore.c.obj)
                0x100066b4                multicore_fifo_push_blocking
 .text.multicore_fifo_pop_blocking
                0x100066bc        0x8 /home/runner/.arduino15/packages/rp2040/hardware/rp2040/3.9.3/lib/libpico.a(multicore.c.obj)
                0x100066bc                multicore_fifo_pop_blocking
 .text.multicore_launch_core1_raw
                0x100066c4       0x6a /home/runner/.arduino15/packages/rp2040/hardware/rp2040/3.9.3/lib/libpico.a(multicore.c.obj)
                0x100066c4                multicore_launch_core1_raw
 *fill*         0x1000672e        0x2 
 .text.multicore_launch_core1_with_stack
                0x10006730       0x34 /home/runner/.arduino15/packages/rp2040/hardware/rp2040/3.9.3/lib/libpico.a(multicore.c.obj)
                0x10006730                multicore_launch_core1_with_stack
 .text.multicore_launch_core1
                0x10006764       0x20 /home/runner/.arduino15/packages/rp2040/hardware/rp2040/3.9.3/lib/libpico.a(multicore.c.obj)
                0x10006764                multicore_launch_core1
 .text.startup._retrieve_unique_id_on_boot
                0x10006784       0x10 /home/runner/.arduino15/packages/rp2040/hardware/rp2040/3.9.3/lib/libpico.a(unique_id.c.obj)
 .text.pico_get_unique_board_id_string
                0x10006794       0x3c /home/runner/.arduino15/packages/rp2040/hardware/rp2040/3.9.3/lib/libpico.a(unique_id.c.obj)
                0x10006794                pico_get_unique_board_id_string
 .text.runtime_init
                0x100067d0       0xcc /home/runner/.arduino15/packages/rp2040/hardware/rp2040/3.9.3/lib/libpico.a(runtime.c.obj)
                0x100067d0                runtime_init
 .text._exit    0x1000689c        0x4 /home/runner/.arduino15/packages/rp2040/hardware/rp2040/3.9.3/lib/libpico.a(runtime.c.obj)
                0x1000689c                _exit
 .text._sbrk    0x100068a0       0x30 /home/runner/.arduino15/packages/rp2040/hardware/rp2040/3.9.3/lib/libpico.a(runtime.c.obj)
                0x100068a0                _sbrk
 .text.exit     0x100068d0        0x6 /home/runner/.arduino15/packages/rp2040/hardware/rp2040/3.9.3/lib/libpico.a(runtime.c.obj)
                0x100068d0                exit
 *fill*         0x100068d6        0x2 
 .text.__assert_func
                0x100068d8       0x34 /home/runner/.arduino15/packages/rp2040/hardware/rp2040/3.9.3/lib/libpico.a(runtime.c.obj)
                0x100068d8                __assert_func
 .text.panic    0x1000690c       0x30 /home/runner/.arduino15/packages/rp2040/hardware/rp2040/3.9.3/lib/libpico.a(runtime.c.obj)
                0x1000690c                panic
 .text.hard_assertion_failure
                0x1000693c        0xc /home/runner/.arduino15/packages/rp2040/hardware/rp2040/3.9.3/lib/libpico.a(runtime.c.obj)
                0x1000693c                hard_assertion_failure
 .text._Znwj    0x10006948        0x8 /home/runner/.arduino15/packages/rp2040/hardware/rp2040/3.9.3/lib/libpico.a(new_delete.cpp.obj)
                0x10006948                _Znwj
 .text._Znaj    0x10006950        0x8 /home/runner/.arduino15/packages/rp2040/hardware/rp2040/3.9.3/lib/libpico.a(new_delete.cpp.obj)
                0x10006950                _Znaj
 .text._ZdaPv   0x10006958        0x8 /home/runner/.arduino15/packages/rp2040/hardware/rp2040/3.9.3/lib/libpico.a(new_delete.cpp.obj)
                0x10006958                _ZdaPv
 .text.set_sys_clock_pll
                0x10006960       0x78 /home/runner/.arduino15/packages/rp2040/hardware/rp2040/3.9.3/lib/libpico.a(stdlib.c.obj)
                0x10006960                set_sys_clock_pll
 .text.check_sys_clock_khz
                0x100069d8       0x78 /home/runner/.arduino15/packages/rp2040/hardware/rp2040/3.9.3/lib/libpico.a(stdlib.c.obj)
                0x100069d8                check_sys_clock_khz
 .text.critical_section_exit
                0x10006a50       0x10 /home/runner/.arduino15/packages/rp2040/hardware/rp2040/3.9.3/lib/libpico.a(usbd.c.obj)
 .text.get_driver
                0x10006a60       0x40 /home/runner/.arduino15/packages/rp2040/hardware/rp2040/3.9.3/lib/libpico.a(usbd.c.obj)
 .text.critical_section_enter_blocking
                0x10006aa0       0x16 /home/runner/.arduino15/packages/rp2040/hardware/rp2040/3.9.3/lib/libpico.a(usbd.c.obj)
 .text.invoke_class_control
                0x10006ab6       0x1a /home/runner/.arduino15/packages/rp2040/hardware/rp2040/3.9.3/lib/libpico.a(usbd.c.obj)
 .text.configuration_reset
                0x10006ad0       0x54 /home/runner/.arduino15/packages/rp2040/hardware/rp2040/3.9.3/lib/libpico.a(usbd.c.obj)
 .text.tud_mounted
                0x10006b24       0x10 /home/runner/.arduino15/packages/rp2040/hardware/rp2040/3.9.3/lib/libpico.a(usbd.c.obj)
                0x10006b24                tud_mounted
 .text.tud_suspended
                0x10006b34       0x10 /home/runner/.arduino15/packages/rp2040/hardware/rp2040/3.9.3/lib/libpico.a(usbd.c.obj)
                0x10006b34                tud_suspended
 .text.tud_inited
                0x10006b44       0x14 /home/runner/.arduino15/packages/rp2040/hardware/rp2040/3.9.3/lib/libpico.a(usbd.c.obj)
                0x10006b44                tud_inited
 .text.tud_init
                0x10006b58       0x9c /home/runner/.arduino15/packages/rp2040/hardware/rp2040/3.9.3/lib/libpico.a(usbd.c.obj)
                0x10006b58                tud_init
 .text.usbd_edpt_open
                0x10006bf4       0x34 /home/runner/.arduino15/packages/rp2040/hardware/rp2040/3.9.3/lib/libpico.a(usbd.c.obj)
                0x10006bf4                usbd_edpt_open
 .text.usbd_open_edpt_pair
                0x10006c28       0x4c /home/runner/.arduino15/packages/rp2040/hardware/rp2040/3.9.3/lib/libpico.a(usbd.c.obj)
                0x10006c28                usbd_open_edpt_pair
 .text.usbd_edpt_claim
                0x10006c74       0x24 /home/runner/.arduino15/packages/rp2040/hardware/rp2040/3.9.3/lib/libpico.a(usbd.c.obj)
                0x10006c74                usbd_edpt_claim
 .text.usbd_edpt_release
                0x10006c98       0x24 /home/runner/.arduino15/packages/rp2040/hardware/rp2040/3.9.3/lib/libpico.a(usbd.c.obj)
                0x10006c98                usbd_edpt_release
 .text.usbd_edpt_xfer
                0x10006cbc       0x48 /home/runner/.arduino15/packages/rp2040/hardware/rp2040/3.9.3/lib/libpico.a(usbd.c.obj)
                0x10006cbc                usbd_edpt_xfer
 .text.usbd_edpt_busy
                0x10006d04       0x1c /home/runner/.arduino15/packages/rp2040/hardware/rp2040/3.9.3/lib/libpico.a(usbd.c.obj)
                0x10006d04                usbd_edpt_busy
 .text.usbd_edpt_stall
                0x10006d20       0x3c /home/runner/.arduino15/packages/rp2040/hardware/rp2040/3.9.3/lib/libpico.a(usbd.c.obj)
                0x10006d20                usbd_edpt_stall
 .text.usbd_edpt_clear_stall
                0x10006d5c       0x3c /home/runner/.arduino15/packages/rp2040/hardware/rp2040/3.9.3/lib/libpico.a(usbd.c.obj)
                0x10006d5c                usbd_edpt_clear_stall
 .text.usbd_edpt_stalled
                0x10006d98       0x1c /home/runner/.arduino15/packages/rp2040/hardware/rp2040/3.9.3/lib/libpico.a(usbd.c.obj)
                0x10006d98                usbd_edpt_stalled
 .text.tud_task_ext
                0x10006db4      0x528 /home/runner/.arduino15/packages/rp2040/hardware/rp2040/3.9.3/lib/libpico.a(usbd.c.obj)
                0x10006db4                tud_task_ext
 .text._data_stage_xact
                0x100072dc       0x58 /home/runner/.arduino15/packages/rp2040/hardware/rp2040/3.9.3/lib/libpico.a(usbd_control.c.obj)
 .text._status_stage_xact.isra.0
                0x10007334       0x12 /home/runner/.arduino15/packages/rp2040/hardware/rp2040/3.9.3/lib/libpico.a(usbd_control.c.obj)
 *fill*         0x10007346        0x2 
 .text.tud_control_status
                0x10007348       0x24 /home/runner/.arduino15/packages/rp2040/hardware/rp2040/3.9.3/lib/libpico.a(usbd_control.c.obj)
                0x10007348                tud_control_status
 .text.tud_control_xfer
                0x1000736c       0x50 /home/runner/.arduino15/packages/rp2040/hardware/rp2040/3.9.3/lib/libpico.a(usbd_control.c.obj)
                0x1000736c                tud_control_xfer
 .text.usbd_control_reset
                0x100073bc       0x14 /home/runner/.arduino15/packages/rp2040/hardware/rp2040/3.9.3/lib/libpico.a(usbd_control.c.obj)
                0x100073bc                usbd_control_reset
 .text.usbd_control_set_complete_callback
                0x100073d0        0xc /home/runner/.arduino15/packages/rp2040/hardware/rp2040/3.9.3/lib/libpico.a(usbd_control.c.obj)
                0x100073d0                usbd_control_set_complete_callback
 .text.usbd_control_set_request
                0x100073dc       0x1c /home/runner/.arduino15/packages/rp2040/hardware/rp2040/3.9.3/lib/libpico.a(usbd_control.c.obj)
                0x100073dc                usbd_control_set_request
 .text.usbd_control_xfer_cb
                0x100073f8       0xa4 /home/runner/.arduino15/packages/rp2040/hardware/rp2040/3.9.3/lib/libpico.a(usbd_control.c.obj)
                0x100073f8                usbd_control_xfer_cb
 .text._prep_out_transaction.isra.0
                0x1000749c       0x42 /home/runner/.arduino15/packages/rp2040/hardware/rp2040/3.9.3/lib/libpico.a(cdc_device.c.obj)
 *fill*         0x100074de        0x2 
 .text.tud_cdc_n_connected
                0x100074e0       0x30 /home/runner/.arduino15/packages/rp2040/hardware/rp2040/3.9.3/lib/libpico.a(cdc_device.c.obj)
                0x100074e0                tud_cdc_n_connected
 .text.tud_cdc_n_available
                0x10007510       0x18 /home/runner/.arduino15/packages/rp2040/hardware/rp2040/3.9.3/lib/libpico.a(cdc_device.c.obj)
                0x10007510                tud_cdc_n_available
 .text.tud_cdc_n_read
                0x10007528       0x28 /home/runner/.arduino15/packages/rp2040/hardware/rp2040/3.9.3/lib/libpico.a(cdc_device.c.obj)
                0x10007528                tud_cdc_n_read
 .text.tud_cdc_n_peek
                0x10007550       0x18 /home/runner/.arduino15/packages/rp2040/hardware/rp2040/3.9.3/lib/libpico.a(cdc_device.c.obj)
                0x10007550                tud_cdc_n_peek
 .text.tud_cdc_n_write_flush
                0x10007568       0x78 /home/runner/.arduino15/packages/rp2040/hardware/rp2040/3.9.3/lib/libpico.a(cdc_device.c.obj)
                0x10007568                tud_cdc_n_write_flush
 .text.tud_cdc_n_write
                0x100075e0       0x30 /home/runner/.arduino15/packages/rp2040/hardware/rp2040/3.9.3/lib/libpico.a(cdc_device.c.obj)
                0x100075e0                tud_cdc_n_write
 .text.tud_cdc_n_write_available
                0x10007610       0x18 /home/runner/.arduino15/packages/rp2040/hardware/rp2040/3.9.3/lib/libpico.a(cdc_device.c.obj)
                0x10007610                tud_cdc_n_write_available
 .text.cdcd_init
                0x10007628       0x7c /home/runner/.arduino15/packages/rp2040/hardware/rp2040/3.9.3/lib/libpico.a(cdc_device.c.obj)
                0x10007628                cdcd_init
 .text.cdcd_reset
                0x100076a4       0x30 /home/runner/.arduino15/packages/rp2040/hardware/rp2040/3.9.3/lib/libpico.a(cdc_device.c.obj)
                0x100076a4                cdcd_reset
 .text.cdcd_open
                0x100076d4       0xa0 /home/runner/.arduino15/packages/rp2040/hardware/rp2040/3.9.3/lib/libpico.a(cdc_device.c.obj)
                0x100076d4                cdcd_open
 .text.cdcd_control_xfer_cb
                0x10007774       0xd8 /home/runner/.arduino15/packages/rp2040/hardware/rp2040/3.9.3/lib/libpico.a(cdc_device.c.obj)
                0x10007774                cdcd_control_xfer_cb
 .text.cdcd_xfer_cb
                0x1000784c       0xec /home/runner/.arduino15/packages/rp2040/hardware/rp2040/3.9.3/lib/libpico.a(cdc_device.c.obj)
                0x1000784c                cdcd_xfer_cb
 .text.hidd_reset
                0x10007938       0x14 /home/runner/.arduino15/packages/rp2040/hardware/rp2040/3.9.3/lib/libpico.a(hid_device.c.obj)
                0x10007938                hidd_reset
 .text.hidd_init
                0x1000794c        0xa /home/runner/.arduino15/packages/rp2040/hardware/rp2040/3.9.3/lib/libpico.a(hid_device.c.obj)
                0x1000794c                hidd_init
 *fill*         0x10007956        0x2 
 .text.hidd_open
                0x10007958       0xb4 /home/runner/.arduino15/packages/rp2040/hardware/rp2040/3.9.3/lib/libpico.a(hid_device.c.obj)
                0x10007958                hidd_open
 .text.hidd_control_xfer_cb
                0x10007a0c      0x1e0 /home/runner/.arduino15/packages/rp2040/hardware/rp2040/3.9.3/lib/libpico.a(hid_device.c.obj)
                0x10007a0c                hidd_control_xfer_cb
 .text.hidd_xfer_cb
                0x10007bec       0x7c /home/runner/.arduino15/packages/rp2040/hardware/rp2040/3.9.3/lib/libpico.a(hid_device.c.obj)
                0x10007bec                hidd_xfer_cb
 .text.fail_scsi_op.constprop.0
                0x10007c68       0x54 /home/runner/.arduino15/packages/rp2040/hardware/rp2040/3.9.3/lib/libpico.a(msc_device.c.obj)
 .text.proc_write10_cmd.constprop.0
                0x10007cbc       0x54 /home/runner/.arduino15/packages/rp2040/hardware/rp2040/3.9.3/lib/libpico.a(msc_device.c.obj)
 .text.proc_read10_cmd.constprop.0
                0x10007d10       0xb0 /home/runner/.arduino15/packages/rp2040/hardware/rp2040/3.9.3/lib/libpico.a(msc_device.c.obj)
 .text.rdwr10_validate_cmd
                0x10007dc0       0x58 /home/runner/.arduino15/packages/rp2040/hardware/rp2040/3.9.3/lib/libpico.a(msc_device.c.obj)
                0x10007dc0                rdwr10_validate_cmd
 .text.mscd_init
                0x10007e18       0x14 /home/runner/.arduino15/packages/rp2040/hardware/rp2040/3.9.3/lib/libpico.a(msc_device.c.obj)
                0x10007e18                mscd_init
 .text.mscd_reset
                0x10007e2c       0x14 /home/runner/.arduino15/packages/rp2040/hardware/rp2040/3.9.3/lib/libpico.a(msc_device.c.obj)
                0x10007e2c                mscd_reset
 .text.mscd_open
                0x10007e40       0x68 /home/runner/.arduino15/packages/rp2040/hardware/rp2040/3.9.3/lib/libpico.a(msc_device.c.obj)
                0x10007e40                mscd_open
 .text.mscd_control_xfer_cb
                0x10007ea8      0x130 /home/runner/.arduino15/packages/rp2040/hardware/rp2040/3.9.3/lib/libpico.a(msc_device.c.obj)
                0x10007ea8                mscd_control_xfer_cb
 .text.mscd_xfer_cb
                0x10007fd8      0x4e8 /home/runner/.arduino15/packages/rp2040/hardware/rp2040/3.9.3/lib/libpico.a(msc_device.c.obj)
                0x10007fd8                mscd_xfer_cb
 .text.tusb_init
                0x100084c0        0xa /home/runner/.arduino15/packages/rp2040/hardware/rp2040/3.9.3/lib/libpico.a(tusb.c.obj)
                0x100084c0                tusb_init
 .text.tusb_inited
                0x100084ca        0x8 /home/runner/.arduino15/packages/rp2040/hardware/rp2040/3.9.3/lib/libpico.a(tusb.c.obj)
                0x100084ca                tusb_inited
 .text.tu_edpt_claim
                0x100084d2       0x50 /home/runner/.arduino15/packages/rp2040/hardware/rp2040/3.9.3/lib/libpico.a(tusb.c.obj)
                0x100084d2                tu_edpt_claim
 .text.tu_edpt_release
                0x10008522       0x36 /home/runner/.arduino15/packages/rp2040/hardware/rp2040/3.9.3/lib/libpico.a(tusb.c.obj)
                0x10008522                tu_edpt_release
 .text.tu_edpt_validate
                0x10008558       0x60 /home/runner/.arduino15/packages/rp2040/hardware/rp2040/3.9.3/lib/libpico.a(tusb.c.obj)
                0x10008558                tu_edpt_validate
 .text.tu_edpt_bind_driver
                0x100085b8       0x26 /home/runner/.arduino15/packages/rp2040/hardware/rp2040/3.9.3/lib/libpico.a(tusb.c.obj)
                0x100085b8                tu_edpt_bind_driver
 .text.advance_index
                0x100085de       0x16 /home/runner/.arduino15/packages/rp2040/hardware/rp2040/3.9.3/lib/libpico.a(tusb_fifo.c.obj)
 .text._tu_fifo_peek
                0x100085f4       0x4c /home/runner/.arduino15/packages/rp2040/hardware/rp2040/3.9.3/lib/libpico.a(tusb_fifo.c.obj)
 .text._ff_pull_const_addr
                0x10008640       0x58 /home/runner/.arduino15/packages/rp2040/hardware/rp2040/3.9.3/lib/libpico.a(tusb_fifo.c.obj)
 .text._tu_fifo_peek_n
                0x10008698      0x11e /home/runner/.arduino15/packages/rp2040/hardware/rp2040/3.9.3/lib/libpico.a(tusb_fifo.c.obj)
 .text._tu_fifo_read_n
                0x100087b6       0x4a /home/runner/.arduino15/packages/rp2040/hardware/rp2040/3.9.3/lib/libpico.a(tusb_fifo.c.obj)
 .text._ff_push_const_addr
                0x10008800       0x48 /home/runner/.arduino15/packages/rp2040/hardware/rp2040/3.9.3/lib/libpico.a(tusb_fifo.c.obj)
 .text._tu_fifo_write_n.part.0
                0x10008848      0x1a0 /home/runner/.arduino15/packages/rp2040/hardware/rp2040/3.9.3/lib/libpico.a(tusb_fifo.c.obj)
 .text.tu_fifo_config
                0x100089e8       0x64 /home/runner/.arduino15/packages/rp2040/hardware/rp2040/3.9.3/lib/libpico.a(tusb_fifo.c.obj)
                0x100089e8                tu_fifo_config
 .text.tu_fifo_count
                0x10008a4c       0x28 /home/runner/.arduino15/packages/rp2040/hardware/rp2040/3.9.3/lib/libpico.a(tusb_fifo.c.obj)
                0x10008a4c                tu_fifo_count
 .text.tu_fifo_empty
                0x10008a74        0xe /home/runner/.arduino15/packages/rp2040/hardware/rp2040/3.9.3/lib/libpico.a(tusb_fifo.c.obj)
                0x10008a74                tu_fifo_empty
 .text.tu_fifo_full
                0x10008a82       0x26 /home/runner/.arduino15/packages/rp2040/hardware/rp2040/3.9.3/lib/libpico.a(tusb_fifo.c.obj)
                0x10008a82                tu_fifo_full
 .text.tu_fifo_remaining
                0x10008aa8       0x28 /home/runner/.arduino15/packages/rp2040/hardware/rp2040/3.9.3/lib/libpico.a(tusb_fifo.c.obj)
                0x10008aa8                tu_fifo_remaining
 .text.tu_fifo_read
                0x10008ad0       0x42 /home/runner/.arduino15/packages/rp2040/hardware/rp2040/3.9.3/lib/libpico.a(tusb_fifo.c.obj)
                0x10008ad0                tu_fifo_read
 .text.tu_fifo_read_n
                0x10008b12        0xa /home/runner/.arduino15/packages/rp2040/hardware/rp2040/3.9.3/lib/libpico.a(tusb_fifo.c.obj)
                0x10008b12                tu_fifo_read_n
 .text.tu_fifo_peek
                0x10008b1c       0x34 /home/runner/.arduino15/packages/rp2040/hardware/rp2040/3.9.3/lib/libpico.a(tusb_fifo.c.obj)
                0x10008b1c                tu_fifo_peek
 .text.tu_fifo_write
                0x10008b50       0x64 /home/runner/.arduino15/packages/rp2040/hardware/rp2040/3.9.3/lib/libpico.a(tusb_fifo.c.obj)
                0x10008b50                tu_fifo_write
 .text.tu_fifo_write_n
                0x10008bb4       0x12 /home/runner/.arduino15/packages/rp2040/hardware/rp2040/3.9.3/lib/libpico.a(tusb_fifo.c.obj)
                0x10008bb4                tu_fifo_write_n
 .text.tu_fifo_clear
                0x10008bc6       0x3e /home/runner/.arduino15/packages/rp2040/hardware/rp2040/3.9.3/lib/libpico.a(tusb_fifo.c.obj)
                0x10008bc6                tu_fifo_clear
 .text.tu_fifo_set_overwritable
                0x10008c04       0x46 /home/runner/.arduino15/packages/rp2040/hardware/rp2040/3.9.3/lib/libpico.a(tusb_fifo.c.obj)
                0x10008c04                tu_fifo_set_overwritable
 *fill*         0x10008c4a        0x2 
 .text.running_on_fpga
                0x10008c4c       0x10 /home/runner/.arduino15/packages/rp2040/hardware/rp2040/3.9.3/lib/libpico.a(platform.c.obj)
                0x10008c4c                running_on_fpga
 .text.hw_claim_lock
                0x10008c5c       0x18 /home/runner/.arduino15/packages/rp2040/hardware/rp2040/3.9.3/lib/libpico.a(claim.c.obj)
                0x10008c5c                hw_claim_lock
 .text.hw_claim_unlock
                0x10008c74       0x14 /home/runner/.arduino15/packages/rp2040/hardware/rp2040/3.9.3/lib/libpico.a(claim.c.obj)
                0x10008c74                hw_claim_unlock
 .text.hw_is_claimed
                0x10008c88       0x16 /home/runner/.arduino15/packages/rp2040/hardware/rp2040/3.9.3/lib/libpico.a(claim.c.obj)
                0x10008c88                hw_is_claimed
 .text.hw_claim_or_assert
                0x10008c9e       0x3a /home/runner/.arduino15/packages/rp2040/hardware/rp2040/3.9.3/lib/libpico.a(claim.c.obj)
                0x10008c9e                hw_claim_or_assert
 .text.hw_claim_unused_from_range
                0x10008cd8       0x52 /home/runner/.arduino15/packages/rp2040/hardware/rp2040/3.9.3/lib/libpico.a(claim.c.obj)
                0x10008cd8                hw_claim_unused_from_range
 *fill*         0x10008d2a        0x2 
 .text.lock_init
                0x10008d2c       0x10 /home/runner/.arduino15/packages/rp2040/hardware/rp2040/3.9.3/lib/libpico.a(lock_core.c.obj)
                0x10008d2c                lock_init
 .text.critical_section_init_with_lock_num
                0x10008d3c       0x14 /home/runner/.arduino15/packages/rp2040/hardware/rp2040/3.9.3/lib/libpico.a(critical_section.c.obj)
                0x10008d3c                critical_section_init_with_lock_num
 .text.critical_section_init
                0x10008d50       0x14 /home/runner/.arduino15/packages/rp2040/hardware/rp2040/3.9.3/lib/libpico.a(critical_section.c.obj)
                0x10008d50                critical_section_init
 .text.hw_endpoint_init
                0x10008d64       0xd8 /home/runner/.arduino15/packages/rp2040/hardware/rp2040/3.9.3/lib/libpico.a(dcd_rp2040.c.obj)
 .text.dcd_int_enable
                0x10008e3c        0xc /home/runner/.arduino15/packages/rp2040/hardware/rp2040/3.9.3/lib/libpico.a(dcd_rp2040.c.obj)
                0x10008e3c                dcd_int_enable
 .text.dcd_set_address
                0x10008e48       0x14 /home/runner/.arduino15/packages/rp2040/hardware/rp2040/3.9.3/lib/libpico.a(dcd_rp2040.c.obj)
                0x10008e48                dcd_set_address
 .text.dcd_connect
                0x10008e5c       0x10 /home/runner/.arduino15/packages/rp2040/hardware/rp2040/3.9.3/lib/libpico.a(dcd_rp2040.c.obj)
                0x10008e5c                dcd_connect
 .text.dcd_init
                0x10008e6c       0x64 /home/runner/.arduino15/packages/rp2040/hardware/rp2040/3.9.3/lib/libpico.a(dcd_rp2040.c.obj)
                0x10008e6c                dcd_init
 .text.dcd_edpt0_status_complete
                0x10008ed0       0x18 /home/runner/.arduino15/packages/rp2040/hardware/rp2040/3.9.3/lib/libpico.a(dcd_rp2040.c.obj)
                0x10008ed0                dcd_edpt0_status_complete
 .text.dcd_edpt_open
                0x10008ee8       0x20 /home/runner/.arduino15/packages/rp2040/hardware/rp2040/3.9.3/lib/libpico.a(dcd_rp2040.c.obj)
                0x10008ee8                dcd_edpt_open
 .text.dcd_edpt_close_all
                0x10008f08        0x8 /home/runner/.arduino15/packages/rp2040/hardware/rp2040/3.9.3/lib/libpico.a(dcd_rp2040.c.obj)
                0x10008f08                dcd_edpt_close_all
 .text.dcd_edpt_xfer
                0x10008f10       0x24 /home/runner/.arduino15/packages/rp2040/hardware/rp2040/3.9.3/lib/libpico.a(dcd_rp2040.c.obj)
                0x10008f10                dcd_edpt_xfer
 .text.dcd_edpt_stall
                0x10008f34       0x34 /home/runner/.arduino15/packages/rp2040/hardware/rp2040/3.9.3/lib/libpico.a(dcd_rp2040.c.obj)
                0x10008f34                dcd_edpt_stall
 .text.dcd_edpt_clear_stall
                0x10008f68       0x2c /home/runner/.arduino15/packages/rp2040/hardware/rp2040/3.9.3/lib/libpico.a(dcd_rp2040.c.obj)
                0x10008f68                dcd_edpt_clear_stall
 .text.rp2040_usb_init
                0x10008f94       0x4c /home/runner/.arduino15/packages/rp2040/hardware/rp2040/3.9.3/lib/libpico.a(rp2040_usb.c.obj)
                0x10008f94                rp2040_usb_init
 .text.hw_endpoint_xfer_start
                0x10008fe0       0x3c /home/runner/.arduino15/packages/rp2040/hardware/rp2040/3.9.3/lib/libpico.a(rp2040_usb.c.obj)
                0x10008fe0                hw_endpoint_xfer_start
 .text._ZStL23local_Rb_tree_decrementPSt18_Rb_tree_node_base
                0x1000901c       0x32 /home/runner/.arduino15/packages/rp2040/tools/pqt-gcc/2.2.0-d04e724/bin/../lib/gcc/arm-none-eabi/12.3.0/../../../../arm-none-eabi/lib/thumb/libstdc++.a(tree.o)
 .text._ZStL25local_Rb_tree_rotate_leftPSt18_Rb_tree_node_baseRS0_
                0x1000904e       0x2e /home/runner/.arduino15/packages/rp2040/tools/pqt-gcc/2.2.0-d04e724/bin/../lib/gcc/arm-none-eabi/12.3.0/../../../../arm-none-eabi/lib/thumb/libstdc++.a(tree.o)
 .text._ZStL26local_Rb_tree_rotate_rightPSt18_Rb_tree_node_baseRS0_
                0x1000907c       0x2e /home/runner/.arduino15/packages/rp2040/tools/pqt-gcc/2.2.0-d04e724/bin/../lib/gcc/arm-none-eabi/12.3.0/../../../../arm-none-eabi/lib/thumb/libstdc++.a(tree.o)
 .text._ZSt18_Rb_tree_decrementPSt18_Rb_tree_node_base
                0x100090aa        0x8 /home/runner/.arduino15/packages/rp2040/tools/pqt-gcc/2.2.0-d04e724/bin/../lib/gcc/arm-none-eabi/12.3.0/../../../../arm-none-eabi/lib/thumb/libstdc++.a(tree.o)
                0x100090aa                _ZSt18_Rb_tree_decrementPSt18_Rb_tree_node_base
 .text._ZSt29_Rb_tree_insert_and_rebalancebPSt18_Rb_tree_node_baseS0_RS_
                0x100090b2       0xc6 /home/runner/.arduino15/packages/rp2040/tools/pqt-gcc/2.2.0-d04e724/bin/../lib/gcc/arm-none-eabi/12.3.0/../../../../arm-none-eabi/lib/thumb/libstdc++.a(tree.o)
                0x100090b2                _ZSt29_Rb_tree_insert_and_rebalancebPSt18_Rb_tree_node_baseS0_RS_
 .text          0x10009178       0x14 /home/runner/.arduino15/packages/rp2040/tools/pqt-gcc/2.2.0-d04e724/bin/../lib/gcc/arm-none-eabi/12.3.0/../../../../arm-none-eabi/lib/thumb/libc.a(lib_a-calloc.o)
                0x10009178                calloc
 .text          0x1000918c       0x9a /home/runner/.arduino15/packages/rp2040/tools/pqt-gcc/2.2.0-d04e724/bin/../lib/gcc/arm-none-eabi/12.3.0/../../../../arm-none-eabi/lib/thumb/libc.a(lib_a-callocr.o)
                0x1000918c                _calloc_r
 .text          0x10009226        0x8 /home/runner/.arduino15/packages/rp2040/tools/pqt-gcc/2.2.0-d04e724/bin/../lib/gcc/arm-none-eabi/12.3.0/../../../../arm-none-eabi/lib/thumb/libc.a(lib_a-errno.o)
                0x10009226                __errno
 *fill*         0x1000922e        0x2 
 .text          0x10009230      0x238 /home/runner/.arduino15/packages/rp2040/tools/pqt-gcc/2.2.0-d04e724/bin/../lib/gcc/arm-none-eabi/12.3.0/../../../../arm-none-eabi/lib/thumb/libc.a(lib_a-findfp.o)
                0x10009278                _cleanup_r
                0x100092b8                __sfmoreglue
                0x100092e4                _cleanup
                0x100092f4                __sfp_lock_acquire
                0x10009304                __sfp_lock_release
                0x10009314                __sinit_lock_acquire
                0x10009324                __sinit_lock_release
                0x10009334                __sinit
                0x100093a8                __sfp
                0x10009438                __fp_lock_all
                0x10009450                __fp_unlock_all
 .text          0x10009468       0x70 /home/runner/.arduino15/packages/rp2040/tools/pqt-gcc/2.2.0-d04e724/bin/../lib/gcc/arm-none-eabi/12.3.0/../../../../arm-none-eabi/lib/thumb/libc.a(lib_a-fwalk.o)
                0x10009468                _fwalk
                0x1000949e                _fwalk_reent
 .text          0x100094d8       0x20 /home/runner/.arduino15/packages/rp2040/tools/pqt-gcc/2.2.0-d04e724/bin/../lib/gcc/arm-none-eabi/12.3.0/../../../../arm-none-eabi/lib/thumb/libc.a(lib_a-malloc.o)
                0x100094d8                malloc
                0x100094e8                free
 .text          0x100094f8      0x430 /home/runner/.arduino15/packages/rp2040/tools/pqt-gcc/2.2.0-d04e724/bin/../lib/gcc/arm-none-eabi/12.3.0/../../../../arm-none-eabi/lib/thumb/libc.a(lib_a-mallocr.o)
                0x100094f8                _malloc_r
 .text          0x10009928       0x20 /home/runner/.arduino15/packages/rp2040/tools/pqt-gcc/2.2.0-d04e724/bin/../lib/gcc/arm-none-eabi/12.3.0/../../../../arm-none-eabi/lib/thumb/libc.a(lib_a-mlock.o)
                0x10009928                __malloc_lock
                0x10009938                __malloc_unlock
 .text          0x10009948      0x5c4 /home/runner/.arduino15/packages/rp2040/tools/pqt-gcc/2.2.0-d04e724/bin/../lib/gcc/arm-none-eabi/12.3.0/../../../../arm-none-eabi/lib/thumb/libc.a(lib_a-nano-vfprintf_float.o)
                0x10009948                __cvt
                0x10009a1c                __exponent
                0x10009a9c                _printf_float
 .text          0x10009f0c      0x428 /home/runner/.arduino15/packages/rp2040/tools/pqt-gcc/2.2.0-d04e724/bin/../lib/gcc/arm-none-eabi/12.3.0/../../../../arm-none-eabi/lib/thumb/libc.a(lib_a-nano-vfprintf_i.o)
                0x10009f0c                _printf_common
                0x10009fea                _printf_i
 .text          0x1000a334      0x41c /home/runner/.arduino15/packages/rp2040/tools/pqt-gcc/2.2.0-d04e724/bin/../lib/gcc/arm-none-eabi/12.3.0/../../../../arm-none-eabi/lib/thumb/libc.a(lib_a-nano-vfscanf_float.o)
                0x1000a334                _scanf_float
 .text          0x1000a750       0x54 /home/runner/.arduino15/packages/rp2040/tools/pqt-gcc/2.2.0-d04e724/bin/../lib/gcc/arm-none-eabi/12.3.0/../../../../arm-none-eabi/lib/thumb/libc.a(lib_a-printf.o)
                0x1000a750                _printf_r
                0x1000a750                _iprintf_r
                0x1000a778                printf
                0x1000a778                iprintf
 .text          0x1000a7a4       0xe8 /home/runner/.arduino15/packages/rp2040/tools/pqt-gcc/2.2.0-d04e724/bin/../lib/gcc/arm-none-eabi/12.3.0/../../../../arm-none-eabi/lib/thumb/libc.a(lib_a-puts.o)
                0x1000a7a4                _puts_r
                0x1000a87c                puts
 .text          0x1000a88c       0x14 /home/runner/.arduino15/packages/rp2040/tools/pqt-gcc/2.2.0-d04e724/bin/../lib/gcc/arm-none-eabi/12.3.0/../../../../arm-none-eabi/lib/thumb/libc.a(lib_a-realloc.o)
                0x1000a88c                realloc
 .text          0x1000a8a0      0x354 /home/runner/.arduino15/packages/rp2040/tools/pqt-gcc/2.2.0-d04e724/bin/../lib/gcc/arm-none-eabi/12.3.0/../../../../arm-none-eabi/lib/thumb/libc.a(lib_a-reallocr.o)
                0x1000a8a0                _realloc_r
 .text          0x1000abf4       0x24 /home/runner/.arduino15/packages/rp2040/tools/pqt-gcc/2.2.0-d04e724/bin/../lib/gcc/arm-none-eabi/12.3.0/../../../../arm-none-eabi/lib/thumb/libc.a(lib_a-sbrkr.o)
                0x1000abf4                _sbrk_r
 .text          0x1000ac18        0x8 /home/runner/.arduino15/packages/rp2040/tools/pqt-gcc/2.2.0-d04e724/bin/../lib/gcc/arm-none-eabi/12.3.0/../../../../arm-none-eabi/lib/thumb/libc.a(lib_a-sf_nan.o)
                0x1000ac18                nanf
 .text          0x1000ac20       0x78 /home/runner/.arduino15/packages/rp2040/tools/pqt-gcc/2.2.0-d04e724/bin/../lib/gcc/arm-none-eabi/12.3.0/../../../../arm-none-eabi/lib/thumb/libc.a(lib_a-sprintf.o)
                0x1000ac20                _siprintf_r
                0x1000ac20                _sprintf_r
                0x1000ac58                sprintf
                0x1000ac58                siprintf
 .text          0x1000ac98       0x9c /home/runner/.arduino15/packages/rp2040/tools/pqt-gcc/2.2.0-d04e724/bin/../lib/gcc/arm-none-eabi/12.3.0/../../../../arm-none-eabi/lib/thumb/libc.a(lib_a-stdio.o)
                0x1000ac98                __sread
                0x1000acc0                __seofread
                0x1000acc4                __swrite
                0x1000acfc                __sseek
                0x1000ad28                __sclose
 .text          0x1000ad34       0x14 /home/runner/.arduino15/packages/rp2040/tools/pqt-gcc/2.2.0-d04e724/bin/../lib/gcc/arm-none-eabi/12.3.0/../../../../arm-none-eabi/lib/thumb/libc.a(lib_a-strcmp.o)
                0x1000ad34                strcmp
 .text          0x1000ad48        0xe /home/runner/.arduino15/packages/rp2040/tools/pqt-gcc/2.2.0-d04e724/bin/../lib/gcc/arm-none-eabi/12.3.0/../../../../arm-none-eabi/lib/thumb/libc.a(lib_a-strlen.o)
                0x1000ad48                strlen
 .text          0x1000ad56       0x22 /home/runner/.arduino15/packages/rp2040/tools/pqt-gcc/2.2.0-d04e724/bin/../lib/gcc/arm-none-eabi/12.3.0/../../../../arm-none-eabi/lib/thumb/libc.a(lib_a-strncmp.o)
                0x1000ad56                strncmp
 .text          0x1000ad78      0xe34 /home/runner/.arduino15/packages/rp2040/tools/pqt-gcc/2.2.0-d04e724/bin/../lib/gcc/arm-none-eabi/12.3.0/../../../../arm-none-eabi/lib/thumb/libc.a(lib_a-strtod.o)
                0x1000ada8                _strtod_l
                0x1000ba10                _strtod_r
                0x1000ba20                strtod_l
                0x1000ba38                strtod
                0x1000ba54                strtof_l
                0x1000bb00                strtof
 .text          0x1000bbac      0x150 /home/runner/.arduino15/packages/rp2040/tools/pqt-gcc/2.2.0-d04e724/bin/../lib/gcc/arm-none-eabi/12.3.0/../../../../arm-none-eabi/lib/thumb/libc.a(lib_a-strtol.o)
                0x1000bcc4                _strtol_r
                0x1000bccc                strtol_l
                0x1000bce4                strtol
 .text          0x1000bcfc       0x4a /home/runner/.arduino15/packages/rp2040/tools/pqt-gcc/2.2.0-d04e724/bin/../lib/gcc/arm-none-eabi/12.3.0/../../../../arm-none-eabi/lib/thumb/libc.a(lib_a-vprintf.o)
                0x1000bcfc                vprintf
                0x1000bcfc                viprintf
                0x1000bd22                _viprintf_r
                0x1000bd22                _vprintf_r
 *fill*         0x1000bd46        0x2 
 .text          0x1000bd48       0xdc /home/runner/.arduino15/packages/rp2040/tools/pqt-gcc/2.2.0-d04e724/bin/../lib/gcc/arm-none-eabi/12.3.0/../../../../arm-none-eabi/lib/thumb/libc.a(lib_a-wbuf.o)
                0x1000bd48                __swbuf_r
                0x1000be10                __swbuf
 .text          0x1000be24       0x28 /home/runner/.arduino15/packages/rp2040/tools/pqt-gcc/2.2.0-d04e724/bin/../lib/gcc/arm-none-eabi/12.3.0/../../../../arm-none-eabi/lib/thumb/libc.a(lib_a-writer.o)
                0x1000be24                _write_r
 .text          0x1000be4c       0xe0 /home/runner/.arduino15/packages/rp2040/tools/pqt-gcc/2.2.0-d04e724/bin/../lib/gcc/arm-none-eabi/12.3.0/../../../../arm-none-eabi/lib/thumb/libc.a(lib_a-wsetup.o)
                0x1000be4c                __swsetup_r
 .text          0x1000bf2c       0x24 /home/runner/.arduino15/packages/rp2040/tools/pqt-gcc/2.2.0-d04e724/bin/../lib/gcc/arm-none-eabi/12.3.0/../../../../arm-none-eabi/lib/thumb/libc.a(lib_a-closer.o)
                0x1000bf2c                _close_r
 .text          0x1000bf50      0xdc8 /home/runner/.arduino15/packages/rp2040/tools/pqt-gcc/2.2.0-d04e724/bin/../lib/gcc/arm-none-eabi/12.3.0/../../../../arm-none-eabi/lib/thumb/libc.a(lib_a-dtoa.o)
                0x1000c06c                _dtoa_r
 .text          0x1000cd18       0xf8 /home/runner/.arduino15/packages/rp2040/tools/pqt-gcc/2.2.0-d04e724/bin/../lib/gcc/arm-none-eabi/12.3.0/../../../../arm-none-eabi/lib/thumb/libc.a(lib_a-fclose.o)
                0x1000cd18                _fclose_r
                0x1000ce00                fclose
 .text          0x1000ce10      0x1cc /home/runner/.arduino15/packages/rp2040/tools/pqt-gcc/2.2.0-d04e724/bin/../lib/gcc/arm-none-eabi/12.3.0/../../../../arm-none-eabi/lib/thumb/libc.a(lib_a-fflush.o)
                0x1000ce10                __sflush_r
                0x1000cf30                _fflush_r
                0x1000cfb4                fflush
 .text          0x1000cfdc      0x20c /home/runner/.arduino15/packages/rp2040/tools/pqt-gcc/2.2.0-d04e724/bin/../lib/gcc/arm-none-eabi/12.3.0/../../../../arm-none-eabi/lib/thumb/libc.a(lib_a-freer.o)
                0x1000cfdc                _malloc_trim_r
                0x1000d078                _free_r
 .text          0x1000d1e8      0x2bc /home/runner/.arduino15/packages/rp2040/tools/pqt-gcc/2.2.0-d04e724/bin/../lib/gcc/arm-none-eabi/12.3.0/../../../../arm-none-eabi/lib/thumb/libc.a(lib_a-fvwrite.o)
                0x1000d1e8                __sfvwrite_r
 .text          0x1000d4a4      0x54c /home/runner/.arduino15/packages/rp2040/tools/pqt-gcc/2.2.0-d04e724/bin/../lib/gcc/arm-none-eabi/12.3.0/../../../../arm-none-eabi/lib/thumb/libc.a(lib_a-gdtoa-gethex.o)
                0x1000d550                __hexdig_fun
                0x1000d57a                __gethex
 .text          0x1000d9f0      0x19c /home/runner/.arduino15/packages/rp2040/tools/pqt-gcc/2.2.0-d04e724/bin/../lib/gcc/arm-none-eabi/12.3.0/../../../../arm-none-eabi/lib/thumb/libc.a(lib_a-gdtoa-hexnan.o)
                0x1000da14                __match
                0x1000da3c                __hexnan
 .text          0x1000db8c       0x64 /home/runner/.arduino15/packages/rp2040/tools/pqt-gcc/2.2.0-d04e724/bin/../lib/gcc/arm-none-eabi/12.3.0/../../../../arm-none-eabi/lib/thumb/libc.a(lib_a-locale.o)
                0x1000db8c                _setlocale_r
                0x1000dbcc                __locale_mb_cur_max
                0x1000dbdc                setlocale
 .text          0x1000dbf0       0x14 /home/runner/.arduino15/packages/rp2040/tools/pqt-gcc/2.2.0-d04e724/bin/../lib/gcc/arm-none-eabi/12.3.0/../../../../arm-none-eabi/lib/thumb/libc.a(lib_a-localeconv.o)
                0x1000dbf0                __localeconv_l
                0x1000dbf4                _localeconv_r
                0x1000dbfc                localeconv
 .text          0x1000dc04       0x28 /home/runner/.arduino15/packages/rp2040/tools/pqt-gcc/2.2.0-d04e724/bin/../lib/gcc/arm-none-eabi/12.3.0/../../../../arm-none-eabi/lib/thumb/libc.a(lib_a-lseekr.o)
                0x1000dc04                _lseek_r
 .text          0x1000dc2c       0xe8 /home/runner/.arduino15/packages/rp2040/tools/pqt-gcc/2.2.0-d04e724/bin/../lib/gcc/arm-none-eabi/12.3.0/../../../../arm-none-eabi/lib/thumb/libc.a(lib_a-makebuf.o)
                0x1000dc2c                __swhatbuf_r
                0x1000dc88                __smakebuf_r
 .text          0x1000dd14       0x38 /home/runner/.arduino15/packages/rp2040/tools/pqt-gcc/2.2.0-d04e724/bin/../lib/gcc/arm-none-eabi/12.3.0/../../../../arm-none-eabi/lib/thumb/libc.a(lib_a-mbtowc_r.o)
                0x1000dd14                _mbtowc_r
                0x1000dd28                __ascii_mbtowc
 .text          0x1000dd4c      0x9cc /home/runner/.arduino15/packages/rp2040/tools/pqt-gcc/2.2.0-d04e724/bin/../lib/gcc/arm-none-eabi/12.3.0/../../../../arm-none-eabi/lib/thumb/libc.a(lib_a-mprec.o)
                0x1000dd4c                _Balloc
                0x1000ddd4                _Bfree
                0x1000de1c                __multadd
                0x1000dea4                __s2b
                0x1000df3c                __hi0bits
                0x1000df88                __lo0bits
                0x1000dfe4                __i2b
                0x1000e014                __multiply
                0x1000e178                __pow5mult
                0x1000e230                __lshift
                0x1000e308                __mcmp
                0x1000e33e                __mdiff
                0x1000e470                __ulp
                0x1000e4b0                __b2d
                0x1000e548                __d2b
                0x1000e608                __ratio
                0x1000e65c                _mprec_log10
                0x1000e690                __copybits
                0x1000e6d2                __any_on
 .text          0x1000e718      0x3f8 /home/runner/.arduino15/packages/rp2040/tools/pqt-gcc/2.2.0-d04e724/bin/../lib/gcc/arm-none-eabi/12.3.0/../../../../arm-none-eabi/lib/thumb/libc.a(lib_a-nano-svfprintf.o)
                0x1000e718                __ssputs_r
                0x1000e7d8                __ssprint_r
                0x1000e8d8                _svfprintf_r
                0x1000e8d8                _svfiprintf_r
 .text          0x1000eb10      0x3a8 /home/runner/.arduino15/packages/rp2040/tools/pqt-gcc/2.2.0-d04e724/bin/../lib/gcc/arm-none-eabi/12.3.0/../../../../arm-none-eabi/lib/thumb/libc.a(lib_a-nano-vfprintf.o)
                0x1000eb3a                __sfputs_r
                0x1000eb82                __sprint_r
                0x1000ebf0                _vfiprintf_r
                0x1000ebf0                _vfprintf_r
                0x1000eea0                vfiprintf
                0x1000eea0                vfprintf
 .text          0x1000eeb8       0x28 /home/runner/.arduino15/packages/rp2040/tools/pqt-gcc/2.2.0-d04e724/bin/../lib/gcc/arm-none-eabi/12.3.0/../../../../arm-none-eabi/lib/thumb/libc.a(lib_a-readr.o)
                0x1000eeb8                _read_r
 .text          0x1000eee0        0xc /home/runner/.arduino15/packages/rp2040/tools/pqt-gcc/2.2.0-d04e724/bin/../lib/gcc/arm-none-eabi/12.3.0/../../../../arm-none-eabi/lib/thumb/libc.a(lib_a-s_nan.o)
                0x1000eee0                nan
 .text          0x1000eeec       0x2c /home/runner/.arduino15/packages/rp2040/tools/pqt-gcc/2.2.0-d04e724/bin/../lib/gcc/arm-none-eabi/12.3.0/../../../../arm-none-eabi/lib/thumb/libc.a(lib_a-wctomb_r.o)
                0x1000eeec                _wctomb_r
                0x1000eefc                __ascii_wctomb
 .text          0x1000ef18      0x120 /home/runner/.arduino15/packages/rp2040/tools/pqt-gcc/2.2.0-d04e724/bin/../lib/gcc/arm-none-eabi/12.3.0/../../../../arm-none-eabi/lib/thumb/libc.a(lib_a-fputwc.o)
                0x1000ef18                __fputwc
                0x1000ef94                _fputwc_r
                0x1000efea                fputwc
 .text          0x1000f038       0x24 /home/runner/.arduino15/packages/rp2040/tools/pqt-gcc/2.2.0-d04e724/bin/../lib/gcc/arm-none-eabi/12.3.0/../../../../arm-none-eabi/lib/thumb/libc.a(lib_a-fstatr.o)
                0x1000f038                _fstat_r
 .text          0x1000f05c       0x24 /home/runner/.arduino15/packages/rp2040/tools/pqt-gcc/2.2.0-d04e724/bin/../lib/gcc/arm-none-eabi/12.3.0/../../../../arm-none-eabi/lib/thumb/libc.a(lib_a-isattyr.o)
                0x1000f05c                _isatty_r
 .text          0x1000f080       0x44 /home/runner/.arduino15/packages/rp2040/tools/pqt-gcc/2.2.0-d04e724/bin/../lib/gcc/arm-none-eabi/12.3.0/../../../../arm-none-eabi/lib/thumb/libc.a(lib_a-wcrtomb.o)
                0x1000f080                _wcrtomb_r
                0x1000f0ac                wcrtomb
 .text._ZL27__getFreeRTOSRecursiveMutexP6__lock
                0x1000f0c4       0x68 /tmp/arduino/sketches/63141143C7B993DCAD91B964819F148A/core/core.a(lock.cpp.o)
 .text.__retarget_lock_init_recursive
                0x1000f12c       0x50 /tmp/arduino/sketches/63141143C7B993DCAD91B964819F148A/core/core.a(lock.cpp.o)
                0x1000f12c                __retarget_lock_init_recursive
 .text.__retarget_lock_close_recursive
                0x1000f17c        0x2 /tmp/arduino/sketches/63141143C7B993DCAD91B964819F148A/core/core.a(lock.cpp.o)
                0x1000f17c                __retarget_lock_close_recursive
 *fill*         0x1000f17e        0x2 
 .text.__retarget_lock_acquire_recursive
                0x1000f180       0x20 /tmp/arduino/sketches/63141143C7B993DCAD91B964819F148A/core/core.a(lock.cpp.o)
                0x1000f180                __retarget_lock_acquire_recursive
 .text.__retarget_lock_release_recursive
                0x1000f1a0       0x20 /tmp/arduino/sketches/63141143C7B993DCAD91B964819F148A/core/core.a(lock.cpp.o)
                0x1000f1a0                __retarget_lock_release_recursive
 .text._write   0x1000f1c0        0x4 /tmp/arduino/sketches/63141143C7B993DCAD91B964819F148A/core/core.a(posix.cpp.o)
                0x1000f1c0                _write
 .text._close   0x1000f1c4       0x10 /tmp/arduino/sketches/63141143C7B993DCAD91B964819F148A/core/core.a(posix.cpp.o)
                0x1000f1c4                _close
 .text._fstat   0x1000f1d4       0x10 /tmp/arduino/sketches/63141143C7B993DCAD91B964819F148A/core/core.a(posix.cpp.o)
                0x1000f1d4                _fstat
 .text._isatty  0x1000f1e4       0x10 /tmp/arduino/sketches/63141143C7B993DCAD91B964819F148A/core/core.a(posix.cpp.o)
                0x1000f1e4                _isatty
 .text._lseek   0x1000f1f4       0x10 /tmp/arduino/sketches/63141143C7B993DCAD91B964819F148A/core/core.a(posix.cpp.o)
                0x1000f1f4                _lseek
 .text._read    0x1000f204        0x6 /tmp/arduino/sketches/63141143C7B993DCAD91B964819F148A/core/core.a(posix.cpp.o)
                0x1000f204                _read
 *(.fini)
 *fill*         0x1000f20a        0x2 
 .fini          0x1000f20c        0x4 /home/runner/.arduino15/packages/rp2040/tools/pqt-gcc/2.2.0-d04e724/bin/../lib/gcc/arm-none-eabi/12.3.0/thumb/crti.o
                0x1000f20c                _fini
 .fini.__stub   0x1000f210      0x180 linker stubs
 *crtbegin.o(.ctors)
 *crtbegin?.o(.ctors)
 *(EXCLUDE_FILE(*crtend.o *crtend?.o) .ctors)
 *(SORT_BY_NAME(.ctors.*))
 *(.ctors)
 *crtbegin.o(.dtors)
 *crtbegin?.o(.dtors)
 *(EXCLUDE_FILE(*crtend.o *crtend?.o) .dtors)
 *(SORT_BY_NAME(.dtors.*))
 *(.dtors)
 *(.eh_frame*)
 .eh_frame      0x1000f390        0x0 /home/runner/.arduino15/packages/rp2040/tools/pqt-gcc/2.2.0-d04e724/bin/../lib/gcc/arm-none-eabi/12.3.0/thumb/crtbegin.o
                0x1000f390                        . = ALIGN (0x4)

.glue_7         0x1000f390        0x0
 .glue_7        0x1000f390        0x0 linker stubs

.glue_7t        0x1000f390        0x0
 .glue_7t       0x1000f390        0x0 linker stubs

.vfp11_veneer   0x1000f390        0x0
 .vfp11_veneer  0x1000f390        0x0 linker stubs

.v4_bx          0x1000f390        0x0
 .v4_bx         0x1000f390        0x0 linker stubs

.iplt           0x1000f390        0x0
 .iplt          0x1000f390        0x0 /home/runner/.arduino15/packages/rp2040/tools/pqt-gcc/2.2.0-d04e724/bin/../lib/gcc/arm-none-eabi/12.3.0/thumb/crtbegin.o

.rodata         0x1000f390      0x8fc
 *(EXCLUDE_FILE(*libm.a: *libc.a:*lib_a-mem*.o *libgcc.a:) .rodata* .big_const*)
 .rodata._GLOBAL__sub_I_rp2040.str1.1
                0x1000f390        0x0 /tmp/arduino/sketches/63141143C7B993DCAD91B964819F148A/core/core.a(main.cpp.o)
                                  0x1 (size before relaxing)
 .rodata.main.str1.1
                0x1000f390       0x32 /tmp/arduino/sketches/63141143C7B993DCAD91B964819F148A/core/core.a(main.cpp.o)
 .rodata._ZL14ccount_program
                0x1000f3c2        0x6 /tmp/arduino/sketches/63141143C7B993DCAD91B964819F148A/core/core.a(main.cpp.o)
 .rodata._ZL27ccount_program_instructions
                0x1000f3c8        0x4 /tmp/arduino/sketches/63141143C7B993DCAD91B964819F148A/core/core.a(main.cpp.o)
 .rodata.noInterrupts.str1.1
                0x1000f3cc       0x13 /tmp/arduino/sketches/63141143C7B993DCAD91B964819F148A/core/core.a(wiring_private.cpp.o)
 .rodata._Z10__USBStartv.str1.1
                0x1000f3df       0xc3 /tmp/arduino/sketches/63141143C7B993DCAD91B964819F148A/core/core.a(RP2040USB.cpp.o)
 .rodata.str1.1
                0x1000f4a2       0x1c /tmp/arduino/sketches/63141143C7B993DCAD91B964819F148A/core/core.a(RP2040USB.cpp.o)
                                 0x1d (size before relaxing)
 *fill*         0x1000f4be        0x2 
 .rodata._ZZ24tud_descriptor_string_cbE13usbd_desc_str
                0x1000f4c0       0x14 /tmp/arduino/sketches/63141143C7B993DCAD91B964819F148A/core/core.a(RP2040USB.cpp.o)