Archive member included to satisfy reference by file (symbol)

/tmp/arduino/sketches/C47A4579035D871DA8516B658F9637A9/core/core.a(delay.cpp.o)
                              /tmp/arduino/sketches/C47A4579035D871DA8516B658F9637A9/sketch/blink.ino.cpp.o (delay)
/tmp/arduino/sketches/C47A4579035D871DA8516B658F9637A9/core/core.a(main.cpp.o)
                              /home/runner/.arduino15/packages/rp2040/tools/pqt-gcc/2.2.0-d04e724/bin/../lib/gcc/arm-none-eabi/12.3.0/../../../../arm-none-eabi/lib/thumb/crt0.o (main)
/tmp/arduino/sketches/C47A4579035D871DA8516B658F9637A9/core/core.a(malloc-lock.cpp.o)
                              /tmp/arduino/sketches/C47A4579035D871DA8516B658F9637A9/core/core.a(main.cpp.o) (__wrap_malloc)
/tmp/arduino/sketches/C47A4579035D871DA8516B658F9637A9/core/core.a(wiring_digital.cpp.o)
                              /tmp/arduino/sketches/C47A4579035D871DA8516B658F9637A9/sketch/blink.ino.cpp.o (pinMode)
/tmp/arduino/sketches/C47A4579035D871DA8516B658F9637A9/core/core.a(wiring_private.cpp.o)
                              /tmp/arduino/sketches/C47A4579035D871DA8516B658F9637A9/core/core.a(main.cpp.o) (interrupts)
/tmp/arduino/sketches/C47A4579035D871DA8516B658F9637A9/core/core.a(CoreMutex.cpp.o)
                              /tmp/arduino/sketches/C47A4579035D871DA8516B658F9637A9/core/core.a(wiring_private.cpp.o) (_ZN9CoreMutexC1EP5mutexh)
/tmp/arduino/sketches/C47A4579035D871DA8516B658F9637A9/core/core.a(PIOProgram.cpp.o)
                              /tmp/arduino/sketches/C47A4579035D871DA8516B658F9637A9/core/core.a(main.cpp.o) (_ZN10PIOProgramC1EPK11pio_program)
/tmp/arduino/sketches/C47A4579035D871DA8516B658F9637A9/core/core.a(RP2040USB.cpp.o)
                              /tmp/arduino/sketches/C47A4579035D871DA8516B658F9637A9/core/core.a(main.cpp.o) (_Z10__USBStartv)
/tmp/arduino/sketches/C47A4579035D871DA8516B658F9637A9/core/core.a(SerialUSB.cpp.o)
                              /tmp/arduino/sketches/C47A4579035D871DA8516B658F9637A9/core/core.a(main.cpp.o) (_ZN9SerialUSB5beginEm)
/tmp/arduino/sketches/C47A4579035D871DA8516B658F9637A9/core/core.a(_freertos.cpp.o)
                              /tmp/arduino/sketches/C47A4579035D871DA8516B658F9637A9/core/core.a(CoreMutex.cpp.o) (_Z28__get_freertos_mutex_for_ptrP5mutexb)
/tmp/arduino/sketches/C47A4579035D871DA8516B658F9637A9/core/core.a(String.cpp.o)
                              /tmp/arduino/sketches/C47A4579035D871DA8516B658F9637A9/core/core.a(main.cpp.o) (_ZN7arduino6StringD1Ev)
/tmp/arduino/sketches/C47A4579035D871DA8516B658F9637A9/core/core.a(stdlib_noniso.cpp.o)
                              /tmp/arduino/sketches/C47A4579035D871DA8516B658F9637A9/core/core.a(String.cpp.o) (ltoa)
/tmp/arduino/sketches/C47A4579035D871DA8516B658F9637A9/core/core.a(wiring_analog.cpp.o)
                              /tmp/arduino/sketches/C47A4579035D871DA8516B658F9637A9/core/core.a(wiring_digital.cpp.o) (_Z13__clearADCPinh)
/home/runner/.arduino15/packages/rp2040/hardware/rp2040/3.9.2/lib/libpico.a(adc.c.obj)
                              /tmp/arduino/sketches/C47A4579035D871DA8516B658F9637A9/core/core.a(wiring_analog.cpp.o) (adc_init)
/home/runner/.arduino15/packages/rp2040/hardware/rp2040/3.9.2/lib/libpico.a(sync.c.obj)
                              /tmp/arduino/sketches/C47A4579035D871DA8516B658F9637A9/core/core.a(main.cpp.o) (next_striped_spin_lock_num)
/home/runner/.arduino15/packages/rp2040/hardware/rp2040/3.9.2/lib/libpico.a(gpio.c.obj)
                              /tmp/arduino/sketches/C47A4579035D871DA8516B658F9637A9/core/core.a(wiring_digital.cpp.o) (gpio_set_function)
/home/runner/.arduino15/packages/rp2040/hardware/rp2040/3.9.2/lib/libpico.a(irq.c.obj)
                              /tmp/arduino/sketches/C47A4579035D871DA8516B658F9637A9/core/core.a(main.cpp.o) (irq_set_enabled)
/home/runner/.arduino15/packages/rp2040/hardware/rp2040/3.9.2/lib/libpico.a(irq_handler_chain.S.obj)
                              /home/runner/.arduino15/packages/rp2040/hardware/rp2040/3.9.2/lib/libpico.a(irq.c.obj) (irq_handler_chain_slots)
/home/runner/.arduino15/packages/rp2040/hardware/rp2040/3.9.2/lib/libpico.a(mutex.c.obj)
                              /tmp/arduino/sketches/C47A4579035D871DA8516B658F9637A9/core/core.a(main.cpp.o) (mutex_init)
/home/runner/.arduino15/packages/rp2040/hardware/rp2040/3.9.2/lib/libpico.a(time.c.obj)
                              /tmp/arduino/sketches/C47A4579035D871DA8516B658F9637A9/core/core.a(RP2040USB.cpp.o) (alarm_pool_get_default)
/home/runner/.arduino15/packages/rp2040/hardware/rp2040/3.9.2/lib/libpico.a(timer.c.obj)
                              /home/runner/.arduino15/packages/rp2040/hardware/rp2040/3.9.2/lib/libpico.a(time.c.obj) (hardware_alarm_claim)
/home/runner/.arduino15/packages/rp2040/hardware/rp2040/3.9.2/lib/libpico.a(pheap.c.obj)
                              /home/runner/.arduino15/packages/rp2040/hardware/rp2040/3.9.2/lib/libpico.a(time.c.obj) (ph_post_alloc_init)
[...]
Memory Configuration

Name             Origin             Length             Attributes
FLASH            0x10000000         0x001ff000         xr
RAM              0x20000000         0x00040000         xrw
SCRATCH_X        0x20040000         0x00001000         xrw
SCRATCH_Y        0x20041000         0x00001000         xrw
*default*        0x00000000         0xffffffff

Linker script and memory map

LOAD /home/runner/.arduino15/packages/rp2040/tools/pqt-gcc/2.2.0-d04e724/bin/../lib/gcc/arm-none-eabi/12.3.0/thumb/crti.o
LOAD /home/runner/.arduino15/packages/rp2040/tools/pqt-gcc/2.2.0-d04e724/bin/../lib/gcc/arm-none-eabi/12.3.0/thumb/crtbegin.o
LOAD /home/runner/.arduino15/packages/rp2040/tools/pqt-gcc/2.2.0-d04e724/bin/../lib/gcc/arm-none-eabi/12.3.0/../../../../arm-none-eabi/lib/thumb/crt0.o
                [!provide]                        PROVIDE (_EEPROM_start = 0x101ff000)
                [!provide]                        PROVIDE (_FS_start = 0x101ff000)
                [!provide]                        PROVIDE (_FS_end = 0x101ff000)

.flash_begin    0x10000000        0x0
                0x10000000                        __flash_binary_start = .

.boot2          0x10000000      0x100
                0x10000000                        __boot2_start__ = .
 *(.boot2)
 .boot2         0x10000000      0x100 /tmp/arduino/sketches/C47A4579035D871DA8516B658F9637A9/boot2.o
                0x10000100                        __boot2_end__ = .
                0x00000001                        ASSERT (((__boot2_end__ - __boot2_start__) == 0x100), ERROR: Pico second stage bootloader must be 256 bytes in size)

.ota            0x10000100     0x25f8
 *(.OTA)
 .OTA           0x10000100     0x25f8 /home/runner/.arduino15/packages/rp2040/hardware/rp2040/3.9.2/lib/ota.o
                0x10000100                _binary_ota_bin_start
                0x100026f8                _binary_ota_bin_end

.partition      0x100026f8      0x908
                0x10002ff0                        . = (__flash_binary_start + 0x2ff0)
 *fill*         0x100026f8      0x8f8 
                0x10002ff0        0x4 LONG 0x101ff000
                0x10002ff4        0x4 LONG 0x101ff000
                0x10002ff8        0x4 LONG 0x101ff000
                0x10002ffc        0x4 LONG 0x1ff000

.text           0x10003000     0xc218
                0x10003000                        __logical_binary_start = .
 *(.vectors)
 .vectors       0x10003000       0xd4 /home/runner/.arduino15/packages/rp2040/hardware/rp2040/3.9.2/lib/libpico.a(crt0.S.obj)
                0x10003000                __vectors
                0x10003000                __VECTOR_TABLE
                0x100030c0                isr_invalid
                0x100030c0                __default_isrs_start
                0x100030c2                isr_nmi
                0x100030c4                isr_hardfault
                0x100030c6                isr_svcall
                0x100030c8                isr_pendsv
                0x100030ca                isr_systick
                0x100030cc                isr_irq30
                0x100030cc                __unhandled_user_irq
                0x100030cc                isr_irq13
                0x100030cc                isr_irq27
                0x100030cc                isr_irq31
                0x100030cc                isr_irq5
                0x100030cc                isr_irq11
                0x100030cc                isr_irq23
                0x100030cc                isr_irq18
                0x100030cc                isr_irq28
                0x100030cc                isr_irq19
                0x100030cc                isr_irq0
                0x100030cc                isr_irq6
                0x100030cc                isr_irq22
                0x100030cc                isr_irq17
                0x100030cc                isr_irq14
                0x100030cc                isr_irq2
                0x100030cc                isr_irq10
                0x100030cc                isr_irq8
                0x100030cc                isr_irq24
                0x100030cc                isr_irq1
                0x100030cc                isr_irq7
                0x100030cc                isr_irq21
                0x100030cc                isr_irq20
                0x100030cc                isr_irq15
                0x100030cc                isr_irq25
                0x100030cc                isr_irq4
                0x100030cc                isr_irq16
                0x100030cc                isr_irq29
                0x100030cc                isr_irq26
                0x100030cc                __default_isrs_end
                0x100030cc                isr_irq3
                0x100030cc                isr_irq12
                0x100030cc                isr_irq9
                0x100030d2                unhandled_user_irq_num_in_r0
 *(.binary_info_header)
 .binary_info_header
                0x100030d4        0x0 /home/runner/.arduino15/packages/rp2040/hardware/rp2040/3.9.2/lib/libpico.a(crt0.S.obj)
                0x100030d4                        __binary_info_header_end = .
 *(.reset)
 .reset         0x100030d4       0xa0 /home/runner/.arduino15/packages/rp2040/hardware/rp2040/3.9.2/lib/libpico.a(crt0.S.obj)
                0x100030d4                _entry_point
 *(.init)
 .init          0x10003174        0x4 /home/runner/.arduino15/packages/rp2040/tools/pqt-gcc/2.2.0-d04e724/bin/../lib/gcc/arm-none-eabi/12.3.0/thumb/crti.o
                0x10003174                _init
 *(EXCLUDE_FILE(*dvi.c.o *PicoDVI.cpp.o *divider.S.obj *interp.c.obj *libm.a: *libc.a:*lib_a-mem*.o *libgcc.a:) .text*)
 .text          0x10003178       0x98 /home/runner/.arduino15/packages/rp2040/tools/pqt-gcc/2.2.0-d04e724/bin/../lib/gcc/arm-none-eabi/12.3.0/thumb/crtbegin.o
 .text.setup    0x10003210        0xc /tmp/arduino/sketches/C47A4579035D871DA8516B658F9637A9/sketch/blink.ino.cpp.o
                0x10003210                setup
 .text.loop     0x1000321c       0x24 /tmp/arduino/sketches/C47A4579035D871DA8516B658F9637A9/sketch/blink.ino.cpp.o
                0x1000321c                loop
 .text.delay    0x10003240        0xc /tmp/arduino/sketches/C47A4579035D871DA8516B658F9637A9/core/core.a(delay.cpp.o)
                0x10003240                delay
 .text._ZN6RP204015_SystickHandlerEv
                0x1000324c       0x1c /tmp/arduino/sketches/C47A4579035D871DA8516B658F9637A9/core/core.a(main.cpp.o)
                0x1000324c                _ZN6RP204015_SystickHandlerEv
 .text._ZN6_MFIFO12registerCoreEv.part.0
                0x10003268       0x24 /tmp/arduino/sketches/C47A4579035D871DA8516B658F9637A9/core/core.a(main.cpp.o)
 .text.main1    0x1000328c       0x30 /tmp/arduino/sketches/C47A4579035D871DA8516B658F9637A9/core/core.a(main.cpp.o)
                0x1000328c                main1
 .text._ZN6_MFIFO5beginEi.part.0.constprop.0
                0x100032bc       0x44 /tmp/arduino/sketches/C47A4579035D871DA8516B658F9637A9/core/core.a(main.cpp.o)
 .text._ZN6RP20405beginEv
                0x10003300       0xb8 /tmp/arduino/sketches/C47A4579035D871DA8516B658F9637A9/core/core.a(main.cpp.o)
                0x10003300                _ZN6RP20405beginEv
 .text.initVariant
                0x100033b8        0x2 /tmp/arduino/sketches/C47A4579035D871DA8516B658F9637A9/core/core.a(main.cpp.o)
                0x100033b8                initVariant
 *fill*         0x100033ba        0x2 
 .text._Z6__loopv
                0x100033bc       0x30 /tmp/arduino/sketches/C47A4579035D871DA8516B658F9637A9/core/core.a(main.cpp.o)
                0x100033bc                _Z6__loopv
 .text.__wrap___getreent
                0x100033ec       0x1c /tmp/arduino/sketches/C47A4579035D871DA8516B658F9637A9/core/core.a(main.cpp.o)
                0x100033ec                __wrap___getreent
 .text.startup._GLOBAL__sub_I_rp2040
                0x10003408       0x28 /tmp/arduino/sketches/C47A4579035D871DA8516B658F9637A9/core/core.a(main.cpp.o)
 .text.startup.main
                0x10003430      0x14c /tmp/arduino/sketches/C47A4579035D871DA8516B658F9637A9/core/core.a(main.cpp.o)
                0x10003430                main
 .text.__wrap_malloc
                0x1000357c       0x18 /tmp/arduino/sketches/C47A4579035D871DA8516B658F9637A9/core/core.a(malloc-lock.cpp.o)
                0x1000357c                __wrap_malloc
 .text.__wrap_calloc
                0x10003594       0x1c /tmp/arduino/sketches/C47A4579035D871DA8516B658F9637A9/core/core.a(malloc-lock.cpp.o)
                0x10003594                __wrap_calloc
 .text.__wrap_realloc
                0x100035b0       0x1c /tmp/arduino/sketches/C47A4579035D871DA8516B658F9637A9/core/core.a(malloc-lock.cpp.o)
                0x100035b0                __wrap_realloc
 .text.__wrap_free
                0x100035cc       0x14 /tmp/arduino/sketches/C47A4579035D871DA8516B658F9637A9/core/core.a(malloc-lock.cpp.o)
                0x100035cc                __wrap_free
 .text.__pinMode
                0x100035e0       0xb0 /tmp/arduino/sketches/C47A4579035D871DA8516B658F9637A9/core/core.a(wiring_digital.cpp.o)
                0x100035e0                __pinMode
                0x100035e0                pinMode
 .text.__digitalWrite
                0x10003690       0x44 /tmp/arduino/sketches/C47A4579035D871DA8516B658F9637A9/core/core.a(wiring_digital.cpp.o)
                0x10003690                digitalWrite
                0x10003690                __digitalWrite
 .text.interrupts
                0x100036d4       0x30 /tmp/arduino/sketches/C47A4579035D871DA8516B658F9637A9/core/core.a(wiring_private.cpp.o)
                0x100036d4                interrupts
 .text.noInterrupts
                0x10003704       0x3c /tmp/arduino/sketches/C47A4579035D871DA8516B658F9637A9/core/core.a(wiring_private.cpp.o)
                0x10003704                noInterrupts
 .text.startup._GLOBAL__sub_I_interrupts
                0x10003740       0x1c /tmp/arduino/sketches/C47A4579035D871DA8516B658F9637A9/core/core.a(wiring_private.cpp.o)
 .text._ZN9CoreMutexC2EP5mutexh
                0x1000375c       0x68 /tmp/arduino/sketches/C47A4579035D871DA8516B658F9637A9/core/core.a(CoreMutex.cpp.o)
                0x1000375c                _ZN9CoreMutexC2EP5mutexh
                0x1000375c                _ZN9CoreMutexC1EP5mutexh
 .text._ZN9CoreMutexD2Ev
                0x100037c4       0x44 /tmp/arduino/sketches/C47A4579035D871DA8516B658F9637A9/core/core.a(CoreMutex.cpp.o)
                0x100037c4                _ZN9CoreMutexD2Ev
                0x100037c4                _ZN9CoreMutexD1Ev
 .text._ZN10PIOProgramC2EPK11pio_program
                0x10003808        0xc /tmp/arduino/sketches/C47A4579035D871DA8516B658F9637A9/core/core.a(PIOProgram.cpp.o)
                0x10003808                _ZN10PIOProgramC1EPK11pio_program
                0x10003808                _ZN10PIOProgramC2EPK11pio_program
 .text._ZN10PIOProgram7prepareEPP8pio_hw_tPiS3_
                0x10003814      0x198 /tmp/arduino/sketches/C47A4579035D871DA8516B658F9637A9/core/core.a(PIOProgram.cpp.o)
                0x10003814                _ZN10PIOProgram7prepareEPP8pio_hw_tPiS3_
 .text.startup._GLOBAL__sub_I__ZN10PIOProgramC2EPK11pio_program
                0x100039ac       0x2c /tmp/arduino/sketches/C47A4579035D871DA8516B658F9637A9/core/core.a(PIOProgram.cpp.o)
 .text._ZL10timer_tasklPv
                0x100039d8       0x18 /tmp/arduino/sketches/C47A4579035D871DA8516B658F9637A9/core/core.a(RP2040USB.cpp.o)
 .text._ZL7usb_irqv
                0x100039f0       0x28 /tmp/arduino/sketches/C47A4579035D871DA8516B658F9637A9/core/core.a(RP2040USB.cpp.o)
 .text.tud_descriptor_device_cb
                0x10003a18       0xb8 /tmp/arduino/sketches/C47A4579035D871DA8516B658F9637A9/core/core.a(RP2040USB.cpp.o)
                0x10003a18                tud_descriptor_device_cb
 .text._Z20__SetupDescHIDReportv
                0x10003ad0      0x1cc /tmp/arduino/sketches/C47A4579035D871DA8516B658F9637A9/core/core.a(RP2040USB.cpp.o)
                0x10003ad0                _Z20__SetupDescHIDReportv
 .text.tud_hid_descriptor_report_cb
                0x10003c9c        0xc /tmp/arduino/sketches/C47A4579035D871DA8516B658F9637A9/core/core.a(RP2040USB.cpp.o)
                0x10003c9c                tud_hid_descriptor_report_cb
 .text.tud_descriptor_configuration_cb
                0x10003ca8        0xc /tmp/arduino/sketches/C47A4579035D871DA8516B658F9637A9/core/core.a(RP2040USB.cpp.o)
                0x10003ca8                tud_descriptor_configuration_cb
 .text._Z20__SetupUSBDescriptorv
                0x10003cb4      0x1c0 /tmp/arduino/sketches/C47A4579035D871DA8516B658F9637A9/core/core.a(RP2040USB.cpp.o)
                0x10003cb4                _Z20__SetupUSBDescriptorv
 .text.tud_descriptor_string_cb
                0x10003e74       0x68 /tmp/arduino/sketches/C47A4579035D871DA8516B658F9637A9/core/core.a(RP2040USB.cpp.o)
                0x10003e74                tud_descriptor_string_cb
 .text._Z10__USBStartv
                0x10003edc       0x9c /tmp/arduino/sketches/C47A4579035D871DA8516B658F9637A9/core/core.a(RP2040USB.cpp.o)
                0x10003edc                _Z10__USBStartv
 .text.tud_hid_get_report_cb
                0x10003f78        0x4 /tmp/arduino/sketches/C47A4579035D871DA8516B658F9637A9/core/core.a(RP2040USB.cpp.o)
                0x10003f78                tud_hid_get_report_cb
 .text.tud_hid_set_report_cb
                0x10003f7c        0x2 /tmp/arduino/sketches/C47A4579035D871DA8516B658F9637A9/core/core.a(RP2040USB.cpp.o)
                0x10003f7c                tud_hid_set_report_cb
 .text.tud_msc_read10_cb
                0x10003f7e        0x6 /tmp/arduino/sketches/C47A4579035D871DA8516B658F9637A9/core/core.a(RP2040USB.cpp.o)
                0x10003f7e                tud_msc_read10_cb
 .text.tud_msc_test_unit_ready_cb
                0x10003f84        0x4 /tmp/arduino/sketches/C47A4579035D871DA8516B658F9637A9/core/core.a(RP2040USB.cpp.o)
                0x10003f84                tud_msc_test_unit_ready_cb
 .text.tud_msc_write10_cb
                0x10003f88        0x6 /tmp/arduino/sketches/C47A4579035D871DA8516B658F9637A9/core/core.a(RP2040USB.cpp.o)
                0x10003f88                tud_msc_write10_cb
 .text.tud_msc_scsi_cb
                0x10003f8e        0x4 /tmp/arduino/sketches/C47A4579035D871DA8516B658F9637A9/core/core.a(RP2040USB.cpp.o)
                0x10003f8e                tud_msc_scsi_cb
 .text.tud_msc_capacity_cb
                0x10003f92        0x8 /tmp/arduino/sketches/C47A4579035D871DA8516B658F9637A9/core/core.a(RP2040USB.cpp.o)
                0x10003f92                tud_msc_capacity_cb
 .text.tud_msc_inquiry_cb
                0x10003f9a        0xa /tmp/arduino/sketches/C47A4579035D871DA8516B658F9637A9/core/core.a(RP2040USB.cpp.o)
                0x10003f9a                tud_msc_inquiry_cb
 .text._ZN9SerialUSB5beginEmt
                0x10003fa4        0xa /tmp/arduino/sketches/C47A4579035D871DA8516B658F9637A9/core/core.a(SerialUSB.cpp.o)
                0x10003fa4                _ZN9SerialUSB5beginEmt
 .text._ZN9SerialUSB5beginEm
                0x10003fae        0xc /tmp/arduino/sketches/C47A4579035D871DA8516B658F9637A9/core/core.a(SerialUSB.cpp.o)
                0x10003fae                _ZN9SerialUSB5beginEm
 .text._ZN9SerialUSB3endEv
                0x10003fba        0x2 /tmp/arduino/sketches/C47A4579035D871DA8516B658F9637A9/core/core.a(SerialUSB.cpp.o)
                0x10003fba                _ZN9SerialUSB3endEv
 .text._ZN9SerialUSB5writeEh
                0x10003fbc       0x14 /tmp/arduino/sketches/C47A4579035D871DA8516B658F9637A9/core/core.a(SerialUSB.cpp.o)
                0x10003fbc                _ZN9SerialUSB5writeEh
 .text._ZN9SerialUSB4peekEv
                0x10003fd0       0x50 /tmp/arduino/sketches/C47A4579035D871DA8516B658F9637A9/core/core.a(SerialUSB.cpp.o)
                0x10003fd0                _ZN9SerialUSB4peekEv
 .text._ZN9SerialUSB9availableEv
                0x10004020       0x44 /tmp/arduino/sketches/C47A4579035D871DA8516B658F9637A9/core/core.a(SerialUSB.cpp.o)
                0x10004020                _ZN9SerialUSB9availableEv
 .text._ZN9SerialUSB17availableForWriteEv
                0x10004064       0x44 /tmp/arduino/sketches/C47A4579035D871DA8516B658F9637A9/core/core.a(SerialUSB.cpp.o)
                0x10004064                _ZN9SerialUSB17availableForWriteEv
 .text._ZL16CheckSerialResetv
                0x100040a8       0x74 /tmp/arduino/sketches/C47A4579035D871DA8516B658F9637A9/core/core.a(SerialUSB.cpp.o)
 .text._ZN9SerialUSB4readEv
                0x1000411c       0x5c /tmp/arduino/sketches/C47A4579035D871DA8516B658F9637A9/core/core.a(SerialUSB.cpp.o)
                0x1000411c                _ZN9SerialUSB4readEv
 .text._ZN9SerialUSB5flushEv
                0x10004178       0x40 /tmp/arduino/sketches/C47A4579035D871DA8516B658F9637A9/core/core.a(SerialUSB.cpp.o)
                0x10004178                _ZN9SerialUSB5flushEv
 .text._ZN9SerialUSBcvbEv
                0x100041b8       0x40 /tmp/arduino/sketches/C47A4579035D871DA8516B658F9637A9/core/core.a(SerialUSB.cpp.o)
                0x100041b8                _ZN9SerialUSBcvbEv
 .text._ZN9SerialUSB5writeEPKhj
                0x100041f8       0xf4 /tmp/arduino/sketches/C47A4579035D871DA8516B658F9637A9/core/core.a(SerialUSB.cpp.o)
                0x100041f8                _ZN9SerialUSB5writeEPKhj
 .text._Z18__USBInstallSerialv
                0x100042ec        0x2 /tmp/arduino/sketches/C47A4579035D871DA8516B658F9637A9/core/core.a(SerialUSB.cpp.o)
                0x100042ec                _Z18__USBInstallSerialv
 *fill*         0x100042ee        0x2 
 .text.tud_cdc_line_state_cb
                0x100042f0       0x18 /tmp/arduino/sketches/C47A4579035D871DA8516B658F9637A9/core/core.a(SerialUSB.cpp.o)
                0x100042f0                tud_cdc_line_state_cb
 .text.tud_cdc_line_coding_cb
                0x10004308       0x24 /tmp/arduino/sketches/C47A4579035D871DA8516B658F9637A9/core/core.a(SerialUSB.cpp.o)
                0x10004308                tud_cdc_line_coding_cb
 .text._ZN7arduino14serialEventRunEv
                0x1000432c       0x20 /tmp/arduino/sketches/C47A4579035D871DA8516B658F9637A9/core/core.a(SerialUSB.cpp.o)
                0x1000432c                _ZN7arduino14serialEventRunEv
 .text.startup._GLOBAL__sub_I__Z18__USBInstallSerialv
                0x1000434c       0x1c /tmp/arduino/sketches/C47A4579035D871DA8516B658F9637A9/core/core.a(SerialUSB.cpp.o)
 .text._Z28__get_freertos_mutex_for_ptrP5mutexb
                0x10004368       0x64 /tmp/arduino/sketches/C47A4579035D871DA8516B658F9637A9/core/core.a(_freertos.cpp.o)
                0x10004368                _Z28__get_freertos_mutex_for_ptrP5mutexb
 .text._ZN7arduino6String10invalidateEv
                0x100043cc       0x18 /tmp/arduino/sketches/C47A4579035D871DA8516B658F9637A9/core/core.a(String.cpp.o)
                0x100043cc                _ZN7arduino6String10invalidateEv
 .text._ZN7arduino6String12changeBufferEj
                0x100043e4       0x18 /tmp/arduino/sketches/C47A4579035D871DA8516B658F9637A9/core/core.a(String.cpp.o)
                0x100043e4                _ZN7arduino6String12changeBufferEj
 .text._ZN7arduino6String7reserveEj
                0x100043fc       0x28 /tmp/arduino/sketches/C47A4579035D871DA8516B658F9637A9/core/core.a(String.cpp.o)
                0x100043fc                _ZN7arduino6String7reserveEj
 .text._ZN7arduino6String4copyEPKcj
                0x10004424       0x32 /tmp/arduino/sketches/C47A4579035D871DA8516B658F9637A9/core/core.a(String.cpp.o)
                0x10004424                _ZN7arduino6String4copyEPKcj
 .text._ZN7arduino6StringC2EPKc
                0x10004456       0x26 /tmp/arduino/sketches/C47A4579035D871DA8516B658F9637A9/core/core.a(String.cpp.o)
                0x10004456                _ZN7arduino6StringC1EPKc
                0x10004456                _ZN7arduino6StringC2EPKc
 .text._Z13__clearADCPinh
                0x1000447c       0x14 /tmp/arduino/sketches/C47A4579035D871DA8516B658F9637A9/core/core.a(wiring_analog.cpp.o)
                0x1000447c                _Z13__clearADCPinh
 .text.spin_locks_reset
                0x10004490       0x1c /home/runner/.arduino15/packages/rp2040/hardware/rp2040/3.9.2/lib/libpico.a(sync.c.obj)
                0x10004490                spin_locks_reset
 .text.next_striped_spin_lock_num
                0x100044ac       0x18 /home/runner/.arduino15/packages/rp2040/hardware/rp2040/3.9.2/lib/libpico.a(sync.c.obj)
                0x100044ac                next_striped_spin_lock_num
 .text.spin_lock_claim_unused
                0x100044c4       0x20 /home/runner/.arduino15/packages/rp2040/hardware/rp2040/3.9.2/lib/libpico.a(sync.c.obj)
                0x100044c4                spin_lock_claim_unused
 .text.gpio_set_function
                0x100044e4       0x2c /home/runner/.arduino15/packages/rp2040/hardware/rp2040/3.9.2/lib/libpico.a(gpio.c.obj)
                0x100044e4                gpio_set_function
 .text.gpio_set_pulls
                0x10004510       0x24 /home/runner/.arduino15/packages/rp2040/hardware/rp2040/3.9.2/lib/libpico.a(gpio.c.obj)
                0x10004510                gpio_set_pulls
 .text.gpio_set_drive_strength
                0x10004534       0x20 /home/runner/.arduino15/packages/rp2040/hardware/rp2040/3.9.2/lib/libpico.a(gpio.c.obj)
                0x10004534                gpio_set_drive_strength
 .text.gpio_init
                0x10004554       0x16 /home/runner/.arduino15/packages/rp2040/hardware/rp2040/3.9.2/lib/libpico.a(gpio.c.obj)
                0x10004554                gpio_init
 *fill*         0x1000456a        0x2 
 .text.set_raw_irq_handler_and_unlock
                0x1000456c       0x28 /home/runner/.arduino15/packages/rp2040/hardware/rp2040/3.9.2/lib/libpico.a(irq.c.obj)
 .text.irq_is_enabled
                0x10004594       0x18 /home/runner/.arduino15/packages/rp2040/hardware/rp2040/3.9.2/lib/libpico.a(irq.c.obj)
                0x10004594                irq_is_enabled
 .text.irq_set_mask_enabled
                0x100045ac       0x20 /home/runner/.arduino15/packages/rp2040/hardware/rp2040/3.9.2/lib/libpico.a(irq.c.obj)
                0x100045ac                irq_set_mask_enabled
 .text.irq_set_enabled
                0x100045cc        0xe /home/runner/.arduino15/packages/rp2040/hardware/rp2040/3.9.2/lib/libpico.a(irq.c.obj)
                0x100045cc                irq_set_enabled
 *fill*         0x100045da        0x2 
 .text.irq_set_pending
                0x100045dc       0x10 /home/runner/.arduino15/packages/rp2040/hardware/rp2040/3.9.2/lib/libpico.a(irq.c.obj)
                0x100045dc                irq_set_pending
 .text.irq_get_vtable_handler
                0x100045ec       0x10 /home/runner/.arduino15/packages/rp2040/hardware/rp2040/3.9.2/lib/libpico.a(irq.c.obj)
                0x100045ec                irq_get_vtable_handler
 .text.irq_set_exclusive_handler
                0x100045fc       0x40 /home/runner/.arduino15/packages/rp2040/hardware/rp2040/3.9.2/lib/libpico.a(irq.c.obj)
                0x100045fc                irq_set_exclusive_handler
 .text.irq_add_shared_handler
                0x1000463c      0x1a0 /home/runner/.arduino15/packages/rp2040/hardware/rp2040/3.9.2/lib/libpico.a(irq.c.obj)
                0x1000463c                irq_add_shared_handler
 .text.irq_remove_handler
                0x100047dc      0x164 /home/runner/.arduino15/packages/rp2040/hardware/rp2040/3.9.2/lib/libpico.a(irq.c.obj)
                0x100047dc                irq_remove_handler
 .text.irq_add_tail_to_free_list
                0x10004940       0xa0 /home/runner/.arduino15/packages/rp2040/hardware/rp2040/3.9.2/lib/libpico.a(irq.c.obj)
                0x10004940                irq_add_tail_to_free_list
 .text.irq_init_priorities
                0x100049e0       0x24 /home/runner/.arduino15/packages/rp2040/hardware/rp2040/3.9.2/lib/libpico.a(irq.c.obj)
                0x100049e0                irq_init_priorities
 .text.user_irq_claim_unused
                0x10004a04       0x28 /home/runner/.arduino15/packages/rp2040/hardware/rp2040/3.9.2/lib/libpico.a(irq.c.obj)
                0x10004a04                user_irq_claim_unused
 .text.mutex_init
                0x10004a2c       0x1a /home/runner/.arduino15/packages/rp2040/hardware/rp2040/3.9.2/lib/libpico.a(mutex.c.obj)
                0x10004a2c                mutex_init
 .text.recursive_mutex_init
                0x10004a46       0x1a /home/runner/.arduino15/packages/rp2040/hardware/rp2040/3.9.2/lib/libpico.a(mutex.c.obj)
                0x10004a46                recursive_mutex_init
 .text.time_reached
                0x10004a60       0x28 /home/runner/.arduino15/packages/rp2040/hardware/rp2040/3.9.2/lib/libpico.a(time.c.obj)
 .text.timer_pool_entry_comparator
                0x10004a88       0x30 /home/runner/.arduino15/packages/rp2040/hardware/rp2040/3.9.2/lib/libpico.a(time.c.obj)
                0x10004a88                timer_pool_entry_comparator
 .text.alarm_pool_post_alloc_init
                0x10004ab8       0x40 /home/runner/.arduino15/packages/rp2040/hardware/rp2040/3.9.2/lib/libpico.a(time.c.obj)
 .text.sleep_until_callback
                0x10004af8       0x30 /home/runner/.arduino15/packages/rp2040/hardware/rp2040/3.9.2/lib/libpico.a(time.c.obj)
 .text.ph_add_child_node.isra.0
                0x10004b28       0x20 /home/runner/.arduino15/packages/rp2040/hardware/rp2040/3.9.2/lib/libpico.a(time.c.obj)
 .text.add_alarm_under_lock
                0x10004b48       0xcc /home/runner/.arduino15/packages/rp2040/hardware/rp2040/3.9.2/lib/libpico.a(time.c.obj)
 .text.alarm_pool_alarm_callback
                0x10004c14      0x18c /home/runner/.arduino15/packages/rp2040/hardware/rp2040/3.9.2/lib/libpico.a(time.c.obj)
 .text.alarm_pool_init_default
                0x10004da0       0x3c /home/runner/.arduino15/packages/rp2040/hardware/rp2040/3.9.2/lib/libpico.a(time.c.obj)
                0x10004da0                alarm_pool_init_default
 .text.alarm_pool_get_default
                0x10004ddc        0x8 /home/runner/.arduino15/packages/rp2040/hardware/rp2040/3.9.2/lib/libpico.a(time.c.obj)
                0x10004ddc                alarm_pool_get_default
 .text.alarm_pool_add_alarm_at
                0x10004de4       0xd4 /home/runner/.arduino15/packages/rp2040/hardware/rp2040/3.9.2/lib/libpico.a(time.c.obj)
                0x10004de4                alarm_pool_add_alarm_at
 .text.alarm_pool_cancel_alarm
                0x10004eb8       0x6a /home/runner/.arduino15/packages/rp2040/hardware/rp2040/3.9.2/lib/libpico.a(time.c.obj)
                0x10004eb8                alarm_pool_cancel_alarm
 *fill*         0x10004f22        0x2 
 .text.sleep_until
                0x10004f24       0x98 /home/runner/.arduino15/packages/rp2040/hardware/rp2040/3.9.2/lib/libpico.a(time.c.obj)
                0x10004f24                sleep_until
 .text.sleep_us
                0x10004fbc       0x28 /home/runner/.arduino15/packages/rp2040/hardware/rp2040/3.9.2/lib/libpico.a(time.c.obj)
                0x10004fbc                sleep_us
 .text.sleep_ms
                0x10004fe4       0x14 /home/runner/.arduino15/packages/rp2040/hardware/rp2040/3.9.2/lib/libpico.a(time.c.obj)
                0x10004fe4                sleep_ms
 .text.best_effort_wfe_or_timeout
                0x10004ff8       0x44 /home/runner/.arduino15/packages/rp2040/hardware/rp2040/3.9.2/lib/libpico.a(time.c.obj)
                0x10004ff8                best_effort_wfe_or_timeout
 .text.hardware_alarm_irq_handler
                0x1000503c       0xac /home/runner/.arduino15/packages/rp2040/hardware/rp2040/3.9.2/lib/libpico.a(timer.c.obj)
 .text.hardware_alarm_claim
                0x100050e8       0x18 /home/runner/.arduino15/packages/rp2040/hardware/rp2040/3.9.2/lib/libpico.a(timer.c.obj)
                0x100050e8                hardware_alarm_claim
 .text.time_us_64
                0x10005100       0x14 /home/runner/.arduino15/packages/rp2040/hardware/rp2040/3.9.2/lib/libpico.a(timer.c.obj)
                0x10005100                time_us_64
 .text.busy_wait_until
                0x10005114       0x1c /home/runner/.arduino15/packages/rp2040/hardware/rp2040/3.9.2/lib/libpico.a(timer.c.obj)
                0x10005114                busy_wait_until
 .text.busy_wait_us
                0x10005130       0x2c /home/runner/.arduino15/packages/rp2040/hardware/rp2040/3.9.2/lib/libpico.a(timer.c.obj)
                0x10005130                busy_wait_us
 .text.busy_wait_us_32
                0x1000515c       0x20 /home/runner/.arduino15/packages/rp2040/hardware/rp2040/3.9.2/lib/libpico.a(timer.c.obj)
                0x1000515c                busy_wait_us_32
 .text.busy_wait_ms
                0x1000517c       0x2c /home/runner/.arduino15/packages/rp2040/hardware/rp2040/3.9.2/lib/libpico.a(timer.c.obj)
                0x1000517c                busy_wait_ms
 .text.hardware_alarm_set_callback
                0x100051a8       0x9c /home/runner/.arduino15/packages/rp2040/hardware/rp2040/3.9.2/lib/libpico.a(timer.c.obj)
                0x100051a8                hardware_alarm_set_callback
 .text.hardware_alarm_set_target
                0x10005244       0xc0 /home/runner/.arduino15/packages/rp2040/hardware/rp2040/3.9.2/lib/libpico.a(timer.c.obj)
                0x10005244                hardware_alarm_set_target
 .text.hardware_alarm_cancel
                0x10005304       0x40 /home/runner/.arduino15/packages/rp2040/hardware/rp2040/3.9.2/lib/libpico.a(timer.c.obj)
                0x10005304                hardware_alarm_cancel
 .text.ph_add_child_node.isra.0
                0x10005344       0x20 /home/runner/.arduino15/packages/rp2040/hardware/rp2040/3.9.2/lib/libpico.a(pheap.c.obj)
 .text.ph_merge_nodes
                0x10005364       0x36 /home/runner/.arduino15/packages/rp2040/hardware/rp2040/3.9.2/lib/libpico.a(pheap.c.obj)
 .text.ph_clear
                0x1000539a       0x34 /home/runner/.arduino15/packages/rp2040/hardware/rp2040/3.9.2/lib/libpico.a(pheap.c.obj)
                0x1000539a                ph_clear
 .text.ph_post_alloc_init
                0x100053ce        0xe /home/runner/.arduino15/packages/rp2040/hardware/rp2040/3.9.2/lib/libpico.a(pheap.c.obj)
                0x100053ce                ph_post_alloc_init
 .text.ph_merge_two_pass
                0x100053dc       0x48 /home/runner/.arduino15/packages/rp2040/hardware/rp2040/3.9.2/lib/libpico.a(pheap.c.obj)
                0x100053dc                ph_merge_two_pass
 .text.ph_remove_any_head
                0x10005424       0x52 /home/runner/.arduino15/packages/rp2040/hardware/rp2040/3.9.2/lib/libpico.a(pheap.c.obj)
 .text.ph_remove_head
                0x10005476       0x14 /home/runner/.arduino15/packages/rp2040/hardware/rp2040/3.9.2/lib/libpico.a(pheap.c.obj)
                0x10005476                ph_remove_head
 .text.ph_remove_and_free_node
                0x1000548a       0x6e /home/runner/.arduino15/packages/rp2040/hardware/rp2040/3.9.2/lib/libpico.a(pheap.c.obj)
                0x1000548a                ph_remove_and_free_node
 .text.queue_init_with_spinlock
                0x100054f8       0x22 /home/runner/.arduino15/packages/rp2040/hardware/rp2040/3.9.2/lib/libpico.a(queue.c.obj)
                0x100054f8                queue_init_with_spinlock
 *fill*         0x1000551a        0x2 
 .text.clock_configure
                0x1000551c       0xec /home/runner/.arduino15/packages/rp2040/hardware/rp2040/3.9.2/lib/libpico.a(clocks.c.obj)
                0x1000551c                clock_configure
 .text.clocks_init
                0x10005608       0xf4 /home/runner/.arduino15/packages/rp2040/hardware/rp2040/3.9.2/lib/libpico.a(clocks.c.obj)
                0x10005608                clocks_init
 .text.pll_init
                0x100056fc       0x9c /home/runner/.arduino15/packages/rp2040/hardware/rp2040/3.9.2/lib/libpico.a(pll.c.obj)
                0x100056fc                pll_init
 .text.watchdog_start_tick
                0x10005798       0x10 /home/runner/.arduino15/packages/rp2040/hardware/rp2040/3.9.2/lib/libpico.a(watchdog.c.obj)
                0x10005798                watchdog_start_tick
 .text.xosc_init
                0x100057a8       0x28 /home/runner/.arduino15/packages/rp2040/hardware/rp2040/3.9.2/lib/libpico.a(xosc.c.obj)
                0x100057a8                xosc_init
 .text.exception_get_vtable_handler
                0x100057d0       0x10 /home/runner/.arduino15/packages/rp2040/hardware/rp2040/3.9.2/lib/libpico.a(exception.c.obj)
                0x100057d0                exception_get_vtable_handler
 .text.exception_set_exclusive_handler
                0x100057e0       0x48 /home/runner/.arduino15/packages/rp2040/hardware/rp2040/3.9.2/lib/libpico.a(exception.c.obj)
                0x100057e0                exception_set_exclusive_handler
 .text.rom_func_lookup
                0x10005828       0x10 /home/runner/.arduino15/packages/rp2040/hardware/rp2040/3.9.2/lib/libpico.a(bootrom.c.obj)
                0x10005828                rom_func_lookup
 .text.rom_data_lookup
                0x10005838       0x10 /home/runner/.arduino15/packages/rp2040/hardware/rp2040/3.9.2/lib/libpico.a(bootrom.c.obj)
                0x10005838                rom_data_lookup
 .text.rom_funcs_lookup
                0x10005848       0x26 /home/runner/.arduino15/packages/rp2040/hardware/rp2040/3.9.2/lib/libpico.a(bootrom.c.obj)
                0x10005848                rom_funcs_lookup
 *fill*         0x1000586e        0x2 
 .text._pio_find_offset_for_program.isra.0
                0x10005870       0x48 /home/runner/.arduino15/packages/rp2040/hardware/rp2040/3.9.2/lib/libpico.a(pio.c.obj)
 .text._pio_add_program_at_offset
                0x100058b8       0x84 /home/runner/.arduino15/packages/rp2040/hardware/rp2040/3.9.2/lib/libpico.a(pio.c.obj)
 .text.pio_claim_unused_sm
                0x1000593c       0x34 /home/runner/.arduino15/packages/rp2040/hardware/rp2040/3.9.2/lib/libpico.a(pio.c.obj)
                0x1000593c                pio_claim_unused_sm
 .text.pio_can_add_program
                0x10005970       0x2a /home/runner/.arduino15/packages/rp2040/hardware/rp2040/3.9.2/lib/libpico.a(pio.c.obj)
                0x10005970                pio_can_add_program
 *fill*         0x1000599a        0x2 
 .text.pio_add_program
                0x1000599c       0x3c /home/runner/.arduino15/packages/rp2040/hardware/rp2040/3.9.2/lib/libpico.a(pio.c.obj)
                0x1000599c                pio_add_program
 .text.pio_sm_init
                0x100059d8       0x8c /home/runner/.arduino15/packages/rp2040/hardware/rp2040/3.9.2/lib/libpico.a(pio.c.obj)
                0x100059d8                pio_sm_init
 .text          0x10005a64       0x10 /home/runner/.arduino15/packages/rp2040/hardware/rp2040/3.9.2/lib/libpico.a(bit_ops_aeabi.S.obj)
 .text.__wrap___aeabi_darithmetic
                0x10005a74       0x80 /home/runner/.arduino15/packages/rp2040/hardware/rp2040/3.9.2/lib/libpico.a(double_aeabi.S.obj)
                0x10005a74                __wrap___aeabi_drsub
                0x10005a7a                __wrap___aeabi_dsub
                0x10005a8c                __wrap___aeabi_dadd
                0x10005a9e                __wrap___aeabi_ddiv
                0x10005ada                __wrap___aeabi_dmul
 .text.__wrap___aeabi_cdcmple
                0x10005af4       0x6c /home/runner/.arduino15/packages/rp2040/hardware/rp2040/3.9.2/lib/libpico.a(double_aeabi.S.obj)
                0x10005af4                __wrap___aeabi_cdrcmple
                0x10005b04                __wrap___aeabi_cdcmple
                0x10005b04                __wrap___aeabi_cdcmpeq
 .text.__wrap___aeabi_dcmpeq
                0x10005b60       0x10 /home/runner/.arduino15/packages/rp2040/hardware/rp2040/3.9.2/lib/libpico.a(double_aeabi.S.obj)
                0x10005b60                __wrap___aeabi_dcmpeq
 .text.__wrap___aeabi_dcmplt
                0x10005b70        0xc /home/runner/.arduino15/packages/rp2040/hardware/rp2040/3.9.2/lib/libpico.a(double_aeabi.S.obj)
                0x10005b70                __wrap___aeabi_dcmplt
 .text.__wrap___aeabi_dcmple
                0x10005b7c       0x10 /home/runner/.arduino15/packages/rp2040/hardware/rp2040/3.9.2/lib/libpico.a(double_aeabi.S.obj)
                0x10005b7c                __wrap___aeabi_dcmple
 .text.__wrap___aeabi_dcmpge
                0x10005b8c       0x10 /home/runner/.arduino15/packages/rp2040/hardware/rp2040/3.9.2/lib/libpico.a(double_aeabi.S.obj)
                0x10005b8c                __wrap___aeabi_dcmpge
 .text.__wrap___aeabi_dcmpgt
                0x10005b9c        0xa /home/runner/.arduino15/packages/rp2040/hardware/rp2040/3.9.2/lib/libpico.a(double_aeabi.S.obj)
                0x10005b9c                __wrap___aeabi_dcmpgt
 .text.__wrap___aeabi_dcmpun
                0x10005ba6       0x1c /home/runner/.arduino15/packages/rp2040/hardware/rp2040/3.9.2/lib/libpico.a(double_aeabi.S.obj)
                0x10005ba6                __wrap___aeabi_dcmpun
 *fill*         0x10005bc2        0x2 
 .text.__wrap___aeabi_i2d
                0x10005bc4       0x38 /home/runner/.arduino15/packages/rp2040/hardware/rp2040/3.9.2/lib/libpico.a(double_aeabi.S.obj)
                0x10005bc4                __wrap___aeabi_ui2d
                0x10005bcc                __wrap___aeabi_i2d
 .text.__wrap___aeabi_d2iz
                0x10005bfc       0x48 /home/runner/.arduino15/packages/rp2040/hardware/rp2040/3.9.2/lib/libpico.a(double_aeabi.S.obj)
                0x10005bfc                __wrap___aeabi_d2iz
                0x10005bfc                double2int_z
 .text.__wrap___aeabi_d2uiz
                0x10005c44       0x18 /home/runner/.arduino15/packages/rp2040/hardware/rp2040/3.9.2/lib/libpico.a(double_aeabi.S.obj)
                0x10005c44                double2uint
                0x10005c44                __wrap___aeabi_d2uiz
 .text.__wrap___aeabi_l2d
                0x10005c5c       0x18 /home/runner/.arduino15/packages/rp2040/hardware/rp2040/3.9.2/lib/libpico.a(double_aeabi.S.obj)
                0x10005c5c                __wrap___aeabi_l2d
 .text.__wrap___aeabi_d2lz
                0x10005c74       0x26 /home/runner/.arduino15/packages/rp2040/hardware/rp2040/3.9.2/lib/libpico.a(double_aeabi.S.obj)
                0x10005c74                __wrap___aeabi_d2lz
                0x10005c74                double2int64_z
 *fill*         0x10005c9a        0x2 
 .text.double2int64
                0x10005c9c       0x18 /home/runner/.arduino15/packages/rp2040/hardware/rp2040/3.9.2/lib/libpico.a(double_aeabi.S.obj)
                0x10005c9c                double2int64
 .text.double2ufix64
                0x10005cb4       0x18 /home/runner/.arduino15/packages/rp2040/hardware/rp2040/3.9.2/lib/libpico.a(double_aeabi.S.obj)
                0x10005cb4                double2ufix64
 .text.__wrap___aeabi_d2f
                0x10005ccc       0x18 /home/runner/.arduino15/packages/rp2040/hardware/rp2040/3.9.2/lib/libpico.a(double_aeabi.S.obj)
                0x10005ccc                __wrap___aeabi_d2f
 .text.__aeabi_double_init
                0x10005ce4       0x58 /home/runner/.arduino15/packages/rp2040/hardware/rp2040/3.9.2/lib/libpico.a(double_init_rom.c.obj)
                0x10005ce4                __aeabi_double_init
 .text.double_table_shim_on_use_helper
                0x10005d3c       0x2c /home/runner/.arduino15/packages/rp2040/hardware/rp2040/3.9.2/lib/libpico.a(double_v1_rom_shim.S.obj)
                0x10005d3c                double_table_shim_on_use_helper
 .text.__wrap___aeabi_dsub
                0x10005d68       0x10 /home/runner/.arduino15/packages/rp2040/hardware/rp2040/3.9.2/lib/libpico.a(double_v1_rom_shim.S.obj)
                0x10005d68                drsub_shim
                0x10005d6e                dsub_shim
 .text.dadd_shim
                0x10005d78      0x15c /home/runner/.arduino15/packages/rp2040/hardware/rp2040/3.9.2/lib/libpico.a(double_v1_rom_shim.S.obj)
                0x10005d78                dadd_shim
 .text.dmul_shim
                0x10005ed4      0x15c /home/runner/.arduino15/packages/rp2040/hardware/rp2040/3.9.2/lib/libpico.a(double_v1_rom_shim.S.obj)
                0x10005ed4                dmul_shim
 .text.ddiv_shim
                0x10006030      0x1b0 /home/runner/.arduino15/packages/rp2040/hardware/rp2040/3.9.2/lib/libpico.a(double_v1_rom_shim.S.obj)
                0x10006030                ddiv_shim
 .text.double2uint_shim
                0x100061e0        0xe /home/runner/.arduino15/packages/rp2040/hardware/rp2040/3.9.2/lib/libpico.a(double_v1_rom_shim.S.obj)
                0x100061e0                double2uint_shim
                0x100061e2                double2ufix_shim
 .text.double2int64_shim
                0x100061ee       0x1a /home/runner/.arduino15/packages/rp2040/hardware/rp2040/3.9.2/lib/libpico.a(double_v1_rom_shim.S.obj)
                0x100061ee                double2int64_shim
                0x100061f0                double2fix64_shim
 .text.double2uint64_shim
                0x10006208       0x70 /home/runner/.arduino15/packages/rp2040/hardware/rp2040/3.9.2/lib/libpico.a(double_v1_rom_shim.S.obj)
                0x10006208                double2uint64_shim
                0x1000620a                double2ufix64_shim
                0x1000622a                d2fix_a
 .text.double2float_shim
                0x10006278       0x5c /home/runner/.arduino15/packages/rp2040/hardware/rp2040/3.9.2/lib/libpico.a(double_v1_rom_shim.S.obj)
                0x10006278                double2float_shim
 .text.x2double_shims
                0x100062d4       0x90 /home/runner/.arduino15/packages/rp2040/hardware/rp2040/3.9.2/lib/libpico.a(double_v1_rom_shim.S.obj)
                0x100062d4                uint2double_shim
                0x100062d6                ufix2double_shim
                0x100062dc                int2double_shim
                0x100062de                fix2double_shim
                0x100062e4                uint642double_shim
                0x100062e6                ufix642double_shim
                0x100062ec                int642double_shim
                0x100062ee                fix642double_shim
 .text.dunpacks
                0x10006364       0x3c /home/runner/.arduino15/packages/rp2040/hardware/rp2040/3.9.2/lib/libpico.a(double_v1_rom_shim.S.obj)
                0x10006364                dunpacks
 .text.__wrap___aeabi_cfcmple
                0x100063a0       0x50 /home/runner/.arduino15/packages/rp2040/hardware/rp2040/3.9.2/lib/libpico.a(float_aeabi.S.obj)
                0x100063a0                __wrap___aeabi_cfrcmple
                0x100063ac                __wrap___aeabi_cfcmpeq
                0x100063ac                __wrap___aeabi_cfcmple
 .text.__wrap___aeabi_fcmple
                0x100063f0       0x10 /home/runner/.arduino15/packages/rp2040/hardware/rp2040/3.9.2/lib/libpico.a(float_aeabi.S.obj)
                0x100063f0                __wrap___aeabi_fcmple
 .text.__wrap___aeabi_fcmpun
                0x10006400       0x18 /home/runner/.arduino15/packages/rp2040/hardware/rp2040/3.9.2/lib/libpico.a(float_aeabi.S.obj)
                0x10006400                __wrap___aeabi_fcmpun
 .text.__aeabi_float_init
                0x10006418       0x5c /home/runner/.arduino15/packages/rp2040/hardware/rp2040/3.9.2/lib/libpico.a(float_init_rom.c.obj)
                0x10006418                __aeabi_float_init
 .text.float_table_shim_on_use_helper
                0x10006474       0x2c /home/runner/.arduino15/packages/rp2040/hardware/rp2040/3.9.2/lib/libpico.a(float_v1_rom_shim.S.obj)
                0x10006474                float_table_shim_on_use_helper
 .text.__aeabi_lmul
                0x100064a0       0x32 /home/runner/.arduino15/packages/rp2040/hardware/rp2040/3.9.2/lib/libpico.a(pico_int64_ops_aeabi.S.obj)
                0x100064a0                __wrap___aeabi_lmul
 *fill*         0x100064d2        0x2 
 .text          0x100064d4       0x10 /home/runner/.arduino15/packages/rp2040/hardware/rp2040/3.9.2/lib/libpico.a(mem_ops_aeabi.S.obj)
                0x100064d4                __aeabi_mem_init
 .text.memset   0x100064e4        0xc /home/runner/.arduino15/packages/rp2040/hardware/rp2040/3.9.2/lib/libpico.a(mem_ops_aeabi.S.obj)
                0x100064e4                __wrap_memset
 .text.memcpy   0x100064f0        0xc /home/runner/.arduino15/packages/rp2040/hardware/rp2040/3.9.2/lib/libpico.a(mem_ops_aeabi.S.obj)
                0x100064f0                __wrap___aeabi_memcpy
                0x100064f0                __wrap_memcpy
 .text.multicore_fifo_pop_blocking_inline
                0x100064fc       0x14 /home/runner/.arduino15/packages/rp2040/hardware/rp2040/3.9.2/lib/libpico.a(multicore.c.obj)
 .text.core1_trampoline
                0x10006510        0x2 /home/runner/.arduino15/packages/rp2040/hardware/rp2040/3.9.2/lib/libpico.a(multicore.c.obj)
 .text.core1_wrapper
                0x10006512        0xc /home/runner/.arduino15/packages/rp2040/hardware/rp2040/3.9.2/lib/libpico.a(multicore.c.obj)
                0x10006512                core1_wrapper
 .text.multicore_fifo_push_blocking_inline
                0x1000651e       0x12 /home/runner/.arduino15/packages/rp2040/hardware/rp2040/3.9.2/lib/libpico.a(multicore.c.obj)
 .text.multicore_fifo_pop_blocking
                0x10006530        0x8 /home/runner/.arduino15/packages/rp2040/hardware/rp2040/3.9.2/lib/libpico.a(multicore.c.obj)
                0x10006530                multicore_fifo_pop_blocking
 .text.multicore_launch_core1_raw
                0x10006538       0x6a /home/runner/.arduino15/packages/rp2040/hardware/rp2040/3.9.2/lib/libpico.a(multicore.c.obj)
                0x10006538                multicore_launch_core1_raw
 *fill*         0x100065a2        0x2 
 .text.multicore_launch_core1_with_stack
                0x100065a4       0x34 /home/runner/.arduino15/packages/rp2040/hardware/rp2040/3.9.2/lib/libpico.a(multicore.c.obj)
                0x100065a4                multicore_launch_core1_with_stack
 .text.multicore_launch_core1
                0x100065d8       0x20 /home/runner/.arduino15/packages/rp2040/hardware/rp2040/3.9.2/lib/libpico.a(multicore.c.obj)
                0x100065d8                multicore_launch_core1
 .text.startup._retrieve_unique_id_on_boot
                0x100065f8       0x10 /home/runner/.arduino15/packages/rp2040/hardware/rp2040/3.9.2/lib/libpico.a(unique_id.c.obj)
 .text.pico_get_unique_board_id_string
                0x10006608       0x3c /home/runner/.arduino15/packages/rp2040/hardware/rp2040/3.9.2/lib/libpico.a(unique_id.c.obj)
                0x10006608                pico_get_unique_board_id_string
 .text.runtime_init
                0x10006644       0xcc /home/runner/.arduino15/packages/rp2040/hardware/rp2040/3.9.2/lib/libpico.a(runtime.c.obj)
                0x10006644                runtime_init
 .text._exit    0x10006710        0x4 /home/runner/.arduino15/packages/rp2040/hardware/rp2040/3.9.2/lib/libpico.a(runtime.c.obj)
                0x10006710                _exit
 .text._sbrk    0x10006714       0x30 /home/runner/.arduino15/packages/rp2040/hardware/rp2040/3.9.2/lib/libpico.a(runtime.c.obj)
                0x10006714                _sbrk
 .text.exit     0x10006744        0x6 /home/runner/.arduino15/packages/rp2040/hardware/rp2040/3.9.2/lib/libpico.a(runtime.c.obj)
                0x10006744                exit
 *fill*         0x1000674a        0x2 
 .text.__assert_func
                0x1000674c       0x34 /home/runner/.arduino15/packages/rp2040/hardware/rp2040/3.9.2/lib/libpico.a(runtime.c.obj)
                0x1000674c                __assert_func
 .text.panic    0x10006780       0x30 /home/runner/.arduino15/packages/rp2040/hardware/rp2040/3.9.2/lib/libpico.a(runtime.c.obj)
                0x10006780                panic
 .text.hard_assertion_failure
                0x100067b0        0xc /home/runner/.arduino15/packages/rp2040/hardware/rp2040/3.9.2/lib/libpico.a(runtime.c.obj)
                0x100067b0                hard_assertion_failure
 .text._Znwj    0x100067bc        0x8 /home/runner/.arduino15/packages/rp2040/hardware/rp2040/3.9.2/lib/libpico.a(new_delete.cpp.obj)
                0x100067bc                _Znwj
 .text.set_sys_clock_pll
                0x100067c4       0x78 /home/runner/.arduino15/packages/rp2040/hardware/rp2040/3.9.2/lib/libpico.a(stdlib.c.obj)
                0x100067c4                set_sys_clock_pll
 .text.check_sys_clock_khz
                0x1000683c       0x78 /home/runner/.arduino15/packages/rp2040/hardware/rp2040/3.9.2/lib/libpico.a(stdlib.c.obj)
                0x1000683c                check_sys_clock_khz
 .text.critical_section_exit
                0x100068b4       0x10 /home/runner/.arduino15/packages/rp2040/hardware/rp2040/3.9.2/lib/libpico.a(usbd.c.obj)
 .text.get_driver
                0x100068c4       0x40 /home/runner/.arduino15/packages/rp2040/hardware/rp2040/3.9.2/lib/libpico.a(usbd.c.obj)
 .text.critical_section_enter_blocking
                0x10006904       0x16 /home/runner/.arduino15/packages/rp2040/hardware/rp2040/3.9.2/lib/libpico.a(usbd.c.obj)
 .text.invoke_class_control
                0x1000691a       0x1a /home/runner/.arduino15/packages/rp2040/hardware/rp2040/3.9.2/lib/libpico.a(usbd.c.obj)
 .text.configuration_reset
                0x10006934       0x54 /home/runner/.arduino15/packages/rp2040/hardware/rp2040/3.9.2/lib/libpico.a(usbd.c.obj)
 .text.tud_mounted
                0x10006988       0x10 /home/runner/.arduino15/packages/rp2040/hardware/rp2040/3.9.2/lib/libpico.a(usbd.c.obj)
                0x10006988                tud_mounted
 .text.tud_suspended
                0x10006998       0x10 /home/runner/.arduino15/packages/rp2040/hardware/rp2040/3.9.2/lib/libpico.a(usbd.c.obj)
                0x10006998                tud_suspended
 .text.tud_inited
                0x100069a8       0x14 /home/runner/.arduino15/packages/rp2040/hardware/rp2040/3.9.2/lib/libpico.a(usbd.c.obj)
                0x100069a8                tud_inited
 .text.tud_init
                0x100069bc       0x9c /home/runner/.arduino15/packages/rp2040/hardware/rp2040/3.9.2/lib/libpico.a(usbd.c.obj)
                0x100069bc                tud_init
 .text.usbd_edpt_open
                0x10006a58       0x34 /home/runner/.arduino15/packages/rp2040/hardware/rp2040/3.9.2/lib/libpico.a(usbd.c.obj)
                0x10006a58                usbd_edpt_open
 .text.usbd_open_edpt_pair
                0x10006a8c       0x4c /home/runner/.arduino15/packages/rp2040/hardware/rp2040/3.9.2/lib/libpico.a(usbd.c.obj)
                0x10006a8c                usbd_open_edpt_pair
 .text.usbd_edpt_claim
                0x10006ad8       0x24 /home/runner/.arduino15/packages/rp2040/hardware/rp2040/3.9.2/lib/libpico.a(usbd.c.obj)
                0x10006ad8                usbd_edpt_claim
 .text.usbd_edpt_release
                0x10006afc       0x24 /home/runner/.arduino15/packages/rp2040/hardware/rp2040/3.9.2/lib/libpico.a(usbd.c.obj)
                0x10006afc                usbd_edpt_release
 .text.usbd_edpt_xfer
                0x10006b20       0x48 /home/runner/.arduino15/packages/rp2040/hardware/rp2040/3.9.2/lib/libpico.a(usbd.c.obj)
                0x10006b20                usbd_edpt_xfer
 .text.usbd_edpt_busy
                0x10006b68       0x1c /home/runner/.arduino15/packages/rp2040/hardware/rp2040/3.9.2/lib/libpico.a(usbd.c.obj)
                0x10006b68                usbd_edpt_busy
 .text.usbd_edpt_stall
                0x10006b84       0x3c /home/runner/.arduino15/packages/rp2040/hardware/rp2040/3.9.2/lib/libpico.a(usbd.c.obj)
                0x10006b84                usbd_edpt_stall
 .text.usbd_edpt_clear_stall
                0x10006bc0       0x3c /home/runner/.arduino15/packages/rp2040/hardware/rp2040/3.9.2/lib/libpico.a(usbd.c.obj)
                0x10006bc0                usbd_edpt_clear_stall
 .text.usbd_edpt_stalled
                0x10006bfc       0x1c /home/runner/.arduino15/packages/rp2040/hardware/rp2040/3.9.2/lib/libpico.a(usbd.c.obj)
                0x10006bfc                usbd_edpt_stalled
 .text.tud_task_ext
                0x10006c18      0x528 /home/runner/.arduino15/packages/rp2040/hardware/rp2040/3.9.2/lib/libpico.a(usbd.c.obj)
                0x10006c18                tud_task_ext
 .text._data_stage_xact
                0x10007140       0x58 /home/runner/.arduino15/packages/rp2040/hardware/rp2040/3.9.2/lib/libpico.a(usbd_control.c.obj)
 .text._status_stage_xact.isra.0
                0x10007198       0x12 /home/runner/.arduino15/packages/rp2040/hardware/rp2040/3.9.2/lib/libpico.a(usbd_control.c.obj)
 *fill*         0x100071aa        0x2 
 .text.tud_control_status
                0x100071ac       0x24 /home/runner/.arduino15/packages/rp2040/hardware/rp2040/3.9.2/lib/libpico.a(usbd_control.c.obj)
                0x100071ac                tud_control_status
 .text.tud_control_xfer
                0x100071d0       0x50 /home/runner/.arduino15/packages/rp2040/hardware/rp2040/3.9.2/lib/libpico.a(usbd_control.c.obj)
                0x100071d0                tud_control_xfer
 .text.usbd_control_reset
                0x10007220       0x14 /home/runner/.arduino15/packages/rp2040/hardware/rp2040/3.9.2/lib/libpico.a(usbd_control.c.obj)
                0x10007220                usbd_control_reset
 .text.usbd_control_set_complete_callback
                0x10007234        0xc /home/runner/.arduino15/packages/rp2040/hardware/rp2040/3.9.2/lib/libpico.a(usbd_control.c.obj)
                0x10007234                usbd_control_set_complete_callback
 .text.usbd_control_set_request
                0x10007240       0x1c /home/runner/.arduino15/packages/rp2040/hardware/rp2040/3.9.2/lib/libpico.a(usbd_control.c.obj)
                0x10007240                usbd_control_set_request
 .text.usbd_control_xfer_cb
                0x1000725c       0xa4 /home/runner/.arduino15/packages/rp2040/hardware/rp2040/3.9.2/lib/libpico.a(usbd_control.c.obj)
                0x1000725c                usbd_control_xfer_cb
 .text._prep_out_transaction.isra.0
                0x10007300       0x42 /home/runner/.arduino15/packages/rp2040/hardware/rp2040/3.9.2/lib/libpico.a(cdc_device.c.obj)
 *fill*         0x10007342        0x2 
 .text.tud_cdc_n_connected
                0x10007344       0x30 /home/runner/.arduino15/packages/rp2040/hardware/rp2040/3.9.2/lib/libpico.a(cdc_device.c.obj)
                0x10007344                tud_cdc_n_connected
 .text.tud_cdc_n_available
                0x10007374       0x18 /home/runner/.arduino15/packages/rp2040/hardware/rp2040/3.9.2/lib/libpico.a(cdc_device.c.obj)
                0x10007374                tud_cdc_n_available
 .text.tud_cdc_n_read
                0x1000738c       0x28 /home/runner/.arduino15/packages/rp2040/hardware/rp2040/3.9.2/lib/libpico.a(cdc_device.c.obj)
                0x1000738c                tud_cdc_n_read
 .text.tud_cdc_n_peek
                0x100073b4       0x18 /home/runner/.arduino15/packages/rp2040/hardware/rp2040/3.9.2/lib/libpico.a(cdc_device.c.obj)
                0x100073b4                tud_cdc_n_peek
 .text.tud_cdc_n_write_flush
                0x100073cc       0x78 /home/runner/.arduino15/packages/rp2040/hardware/rp2040/3.9.2/lib/libpico.a(cdc_device.c.obj)
                0x100073cc                tud_cdc_n_write_flush
 .text.tud_cdc_n_write
                0x10007444       0x30 /home/runner/.arduino15/packages/rp2040/hardware/rp2040/3.9.2/lib/libpico.a(cdc_device.c.obj)
                0x10007444                tud_cdc_n_write
 .text.tud_cdc_n_write_available
                0x10007474       0x18 /home/runner/.arduino15/packages/rp2040/hardware/rp2040/3.9.2/lib/libpico.a(cdc_device.c.obj)
                0x10007474                tud_cdc_n_write_available
 .text.cdcd_init
                0x1000748c       0x7c /home/runner/.arduino15/packages/rp2040/hardware/rp2040/3.9.2/lib/libpico.a(cdc_device.c.obj)
                0x1000748c                cdcd_init
 .text.cdcd_reset
                0x10007508       0x30 /home/runner/.arduino15/packages/rp2040/hardware/rp2040/3.9.2/lib/libpico.a(cdc_device.c.obj)
                0x10007508                cdcd_reset
 .text.cdcd_open
                0x10007538       0xa0 /home/runner/.arduino15/packages/rp2040/hardware/rp2040/3.9.2/lib/libpico.a(cdc_device.c.obj)
                0x10007538                cdcd_open
 .text.cdcd_control_xfer_cb
                0x100075d8       0xd8 /home/runner/.arduino15/packages/rp2040/hardware/rp2040/3.9.2/lib/libpico.a(cdc_device.c.obj)
                0x100075d8                cdcd_control_xfer_cb
 .text.cdcd_xfer_cb
                0x100076b0       0xec /home/runner/.arduino15/packages/rp2040/hardware/rp2040/3.9.2/lib/libpico.a(cdc_device.c.obj)
                0x100076b0                cdcd_xfer_cb
 .text.hidd_reset
                0x1000779c       0x14 /home/runner/.arduino15/packages/rp2040/hardware/rp2040/3.9.2/lib/libpico.a(hid_device.c.obj)
                0x1000779c                hidd_reset
 .text.hidd_init
                0x100077b0        0xa /home/runner/.arduino15/packages/rp2040/hardware/rp2040/3.9.2/lib/libpico.a(hid_device.c.obj)
                0x100077b0                hidd_init
 *fill*         0x100077ba        0x2 
 .text.hidd_open
                0x100077bc       0xb4 /home/runner/.arduino15/packages/rp2040/hardware/rp2040/3.9.2/lib/libpico.a(hid_device.c.obj)
                0x100077bc                hidd_open
 .text.hidd_control_xfer_cb
                0x10007870      0x1e0 /home/runner/.arduino15/packages/rp2040/hardware/rp2040/3.9.2/lib/libpico.a(hid_device.c.obj)
                0x10007870                hidd_control_xfer_cb
 .text.hidd_xfer_cb
                0x10007a50       0x7c /home/runner/.arduino15/packages/rp2040/hardware/rp2040/3.9.2/lib/libpico.a(hid_device.c.obj)
                0x10007a50                hidd_xfer_cb
 .text.fail_scsi_op.constprop.0
                0x10007acc       0x54 /home/runner/.arduino15/packages/rp2040/hardware/rp2040/3.9.2/lib/libpico.a(msc_device.c.obj)
 .text.proc_write10_cmd.constprop.0
                0x10007b20       0x54 /home/runner/.arduino15/packages/rp2040/hardware/rp2040/3.9.2/lib/libpico.a(msc_device.c.obj)
 .text.proc_read10_cmd.constprop.0
                0x10007b74       0xb0 /home/runner/.arduino15/packages/rp2040/hardware/rp2040/3.9.2/lib/libpico.a(msc_device.c.obj)
 .text.rdwr10_validate_cmd
                0x10007c24       0x58 /home/runner/.arduino15/packages/rp2040/hardware/rp2040/3.9.2/lib/libpico.a(msc_device.c.obj)
                0x10007c24                rdwr10_validate_cmd
 .text.mscd_init
                0x10007c7c       0x14 /home/runner/.arduino15/packages/rp2040/hardware/rp2040/3.9.2/lib/libpico.a(msc_device.c.obj)
                0x10007c7c                mscd_init
 .text.mscd_reset
                0x10007c90       0x14 /home/runner/.arduino15/packages/rp2040/hardware/rp2040/3.9.2/lib/libpico.a(msc_device.c.obj)
                0x10007c90                mscd_reset
 .text.mscd_open
                0x10007ca4       0x68 /home/runner/.arduino15/packages/rp2040/hardware/rp2040/3.9.2/lib/libpico.a(msc_device.c.obj)
                0x10007ca4                mscd_open
 .text.mscd_control_xfer_cb
                0x10007d0c      0x130 /home/runner/.arduino15/packages/rp2040/hardware/rp2040/3.9.2/lib/libpico.a(msc_device.c.obj)
                0x10007d0c                mscd_control_xfer_cb
 .text.mscd_xfer_cb
                0x10007e3c      0x4e8 /home/runner/.arduino15/packages/rp2040/hardware/rp2040/3.9.2/lib/libpico.a(msc_device.c.obj)
                0x10007e3c                mscd_xfer_cb
 .text.tusb_init
                0x10008324        0xa /home/runner/.arduino15/packages/rp2040/hardware/rp2040/3.9.2/lib/libpico.a(tusb.c.obj)
                0x10008324                tusb_init
 .text.tusb_inited
                0x1000832e        0x8 /home/runner/.arduino15/packages/rp2040/hardware/rp2040/3.9.2/lib/libpico.a(tusb.c.obj)
                0x1000832e                tusb_inited
 .text.tu_edpt_claim
                0x10008336       0x50 /home/runner/.arduino15/packages/rp2040/hardware/rp2040/3.9.2/lib/libpico.a(tusb.c.obj)
                0x10008336                tu_edpt_claim
 .text.tu_edpt_release
                0x10008386       0x36 /home/runner/.arduino15/packages/rp2040/hardware/rp2040/3.9.2/lib/libpico.a(tusb.c.obj)
                0x10008386                tu_edpt_release
 .text.tu_edpt_validate
                0x100083bc       0x60 /home/runner/.arduino15/packages/rp2040/hardware/rp2040/3.9.2/lib/libpico.a(tusb.c.obj)
                0x100083bc                tu_edpt_validate
 .text.tu_edpt_bind_driver
                0x1000841c       0x26 /home/runner/.arduino15/packages/rp2040/hardware/rp2040/3.9.2/lib/libpico.a(tusb.c.obj)
                0x1000841c                tu_edpt_bind_driver
 .text.advance_index
                0x10008442       0x16 /home/runner/.arduino15/packages/rp2040/hardware/rp2040/3.9.2/lib/libpico.a(tusb_fifo.c.obj)
 .text._tu_fifo_peek
                0x10008458       0x4c /home/runner/.arduino15/packages/rp2040/hardware/rp2040/3.9.2/lib/libpico.a(tusb_fifo.c.obj)
 .text._ff_pull_const_addr
                0x100084a4       0x58 /home/runner/.arduino15/packages/rp2040/hardware/rp2040/3.9.2/lib/libpico.a(tusb_fifo.c.obj)
 .text._tu_fifo_peek_n
                0x100084fc      0x11e /home/runner/.arduino15/packages/rp2040/hardware/rp2040/3.9.2/lib/libpico.a(tusb_fifo.c.obj)
 .text._tu_fifo_read_n
                0x1000861a       0x4a /home/runner/.arduino15/packages/rp2040/hardware/rp2040/3.9.2/lib/libpico.a(tusb_fifo.c.obj)
 .text._ff_push_const_addr
                0x10008664       0x48 /home/runner/.arduino15/packages/rp2040/hardware/rp2040/3.9.2/lib/libpico.a(tusb_fifo.c.obj)
 .text._tu_fifo_write_n.part.0
                0x100086ac      0x1a0 /home/runner/.arduino15/packages/rp2040/hardware/rp2040/3.9.2/lib/libpico.a(tusb_fifo.c.obj)
 .text.tu_fifo_config
                0x1000884c       0x64 /home/runner/.arduino15/packages/rp2040/hardware/rp2040/3.9.2/lib/libpico.a(tusb_fifo.c.obj)
                0x1000884c                tu_fifo_config
 .text.tu_fifo_count
                0x100088b0       0x28 /home/runner/.arduino15/packages/rp2040/hardware/rp2040/3.9.2/lib/libpico.a(tusb_fifo.c.obj)
                0x100088b0                tu_fifo_count
 .text.tu_fifo_empty
                0x100088d8        0xe /home/runner/.arduino15/packages/rp2040/hardware/rp2040/3.9.2/lib/libpico.a(tusb_fifo.c.obj)
                0x100088d8                tu_fifo_empty
 .text.tu_fifo_full
                0x100088e6       0x26 /home/runner/.arduino15/packages/rp2040/hardware/rp2040/3.9.2/lib/libpico.a(tusb_fifo.c.obj)
                0x100088e6                tu_fifo_full
 .text.tu_fifo_remaining
                0x1000890c       0x28 /home/runner/.arduino15/packages/rp2040/hardware/rp2040/3.9.2/lib/libpico.a(tusb_fifo.c.obj)
                0x1000890c                tu_fifo_remaining
 .text.tu_fifo_read
                0x10008934       0x42 /home/runner/.arduino15/packages/rp2040/hardware/rp2040/3.9.2/lib/libpico.a(tusb_fifo.c.obj)
                0x10008934                tu_fifo_read
 .text.tu_fifo_read_n
                0x10008976        0xa /home/runner/.arduino15/packages/rp2040/hardware/rp2040/3.9.2/lib/libpico.a(tusb_fifo.c.obj)
                0x10008976                tu_fifo_read_n
 .text.tu_fifo_peek
                0x10008980       0x34 /home/runner/.arduino15/packages/rp2040/hardware/rp2040/3.9.2/lib/libpico.a(tusb_fifo.c.obj)
                0x10008980                tu_fifo_peek
 .text.tu_fifo_write
                0x100089b4       0x64 /home/runner/.arduino15/packages/rp2040/hardware/rp2040/3.9.2/lib/libpico.a(tusb_fifo.c.obj)
                0x100089b4                tu_fifo_write
 .text.tu_fifo_write_n
                0x10008a18       0x12 /home/runner/.arduino15/packages/rp2040/hardware/rp2040/3.9.2/lib/libpico.a(tusb_fifo.c.obj)
                0x10008a18                tu_fifo_write_n
 .text.tu_fifo_clear
                0x10008a2a       0x3e /home/runner/.arduino15/packages/rp2040/hardware/rp2040/3.9.2/lib/libpico.a(tusb_fifo.c.obj)
                0x10008a2a                tu_fifo_clear
 .text.tu_fifo_set_overwritable
                0x10008a68       0x46 /home/runner/.arduino15/packages/rp2040/hardware/rp2040/3.9.2/lib/libpico.a(tusb_fifo.c.obj)
                0x10008a68                tu_fifo_set_overwritable
 *fill*         0x10008aae        0x2 
 .text.running_on_fpga
                0x10008ab0       0x10 /home/runner/.arduino15/packages/rp2040/hardware/rp2040/3.9.2/lib/libpico.a(platform.c.obj)
                0x10008ab0                running_on_fpga
 .text.hw_claim_lock
                0x10008ac0       0x18 /home/runner/.arduino15/packages/rp2040/hardware/rp2040/3.9.2/lib/libpico.a(claim.c.obj)
                0x10008ac0                hw_claim_lock
 .text.hw_claim_unlock
                0x10008ad8       0x14 /home/runner/.arduino15/packages/rp2040/hardware/rp2040/3.9.2/lib/libpico.a(claim.c.obj)
                0x10008ad8                hw_claim_unlock
 .text.hw_is_claimed
                0x10008aec       0x16 /home/runner/.arduino15/packages/rp2040/hardware/rp2040/3.9.2/lib/libpico.a(claim.c.obj)
                0x10008aec                hw_is_claimed
 .text.hw_claim_or_assert
                0x10008b02       0x3a /home/runner/.arduino15/packages/rp2040/hardware/rp2040/3.9.2/lib/libpico.a(claim.c.obj)
                0x10008b02                hw_claim_or_assert
 .text.hw_claim_unused_from_range
                0x10008b3c       0x52 /home/runner/.arduino15/packages/rp2040/hardware/rp2040/3.9.2/lib/libpico.a(claim.c.obj)
                0x10008b3c                hw_claim_unused_from_range
 *fill*         0x10008b8e        0x2 
 .text.lock_init
                0x10008b90       0x10 /home/runner/.arduino15/packages/rp2040/hardware/rp2040/3.9.2/lib/libpico.a(lock_core.c.obj)
                0x10008b90                lock_init
 .text.critical_section_init_with_lock_num
                0x10008ba0       0x14 /home/runner/.arduino15/packages/rp2040/hardware/rp2040/3.9.2/lib/libpico.a(critical_section.c.obj)
                0x10008ba0                critical_section_init_with_lock_num
 .text.critical_section_init
                0x10008bb4       0x14 /home/runner/.arduino15/packages/rp2040/hardware/rp2040/3.9.2/lib/libpico.a(critical_section.c.obj)
                0x10008bb4                critical_section_init
 .text.flash_get_unique_id
                0x10008bc8       0x42 /home/runner/.arduino15/packages/rp2040/hardware/rp2040/3.9.2/lib/libpico.a(flash.c.obj)
                0x10008bc8                flash_get_unique_id
 *fill*         0x10008c0a        0x2 
 .text.hw_endpoint_init
                0x10008c0c       0xd8 /home/runner/.arduino15/packages/rp2040/hardware/rp2040/3.9.2/lib/libpico.a(dcd_rp2040.c.obj)
 .text.dcd_int_enable
                0x10008ce4        0xc /home/runner/.arduino15/packages/rp2040/hardware/rp2040/3.9.2/lib/libpico.a(dcd_rp2040.c.obj)
                0x10008ce4                dcd_int_enable
 .text.dcd_set_address
                0x10008cf0       0x14 /home/runner/.arduino15/packages/rp2040/hardware/rp2040/3.9.2/lib/libpico.a(dcd_rp2040.c.obj)
                0x10008cf0                dcd_set_address
 .text.dcd_connect
                0x10008d04       0x10 /home/runner/.arduino15/packages/rp2040/hardware/rp2040/3.9.2/lib/libpico.a(dcd_rp2040.c.obj)
                0x10008d04                dcd_connect
 .text.dcd_init
                0x10008d14       0x64 /home/runner/.arduino15/packages/rp2040/hardware/rp2040/3.9.2/lib/libpico.a(dcd_rp2040.c.obj)
                0x10008d14                dcd_init
 .text.dcd_edpt0_status_complete
                0x10008d78       0x18 /home/runner/.arduino15/packages/rp2040/hardware/rp2040/3.9.2/lib/libpico.a(dcd_rp2040.c.obj)
                0x10008d78                dcd_edpt0_status_complete
 .text.dcd_edpt_open
                0x10008d90       0x20 /home/runner/.arduino15/packages/rp2040/hardware/rp2040/3.9.2/lib/libpico.a(dcd_rp2040.c.obj)
                0x10008d90                dcd_edpt_open
 .text.dcd_edpt_close_all
                0x10008db0        0x8 /home/runner/.arduino15/packages/rp2040/hardware/rp2040/3.9.2/lib/libpico.a(dcd_rp2040.c.obj)
                0x10008db0                dcd_edpt_close_all
 .text.dcd_edpt_xfer
                0x10008db8       0x24 /home/runner/.arduino15/packages/rp2040/hardware/rp2040/3.9.2/lib/libpico.a(dcd_rp2040.c.obj)
                0x10008db8                dcd_edpt_xfer
 .text.dcd_edpt_stall
                0x10008ddc       0x34 /home/runner/.arduino15/packages/rp2040/hardware/rp2040/3.9.2/lib/libpico.a(dcd_rp2040.c.obj)
                0x10008ddc                dcd_edpt_stall
 .text.dcd_edpt_clear_stall
                0x10008e10       0x2c /home/runner/.arduino15/packages/rp2040/hardware/rp2040/3.9.2/lib/libpico.a(dcd_rp2040.c.obj)
                0x10008e10                dcd_edpt_clear_stall
 .text.rp2040_usb_init
                0x10008e3c       0x4c /home/runner/.arduino15/packages/rp2040/hardware/rp2040/3.9.2/lib/libpico.a(rp2040_usb.c.obj)
                0x10008e3c                rp2040_usb_init
 .text.hw_endpoint_xfer_start
                0x10008e88       0x3c /home/runner/.arduino15/packages/rp2040/hardware/rp2040/3.9.2/lib/libpico.a(rp2040_usb.c.obj)
                0x10008e88                hw_endpoint_xfer_start
 .text._ZStL23local_Rb_tree_decrementPSt18_Rb_tree_node_base
                0x10008ec4       0x32 /home/runner/.arduino15/packages/rp2040/tools/pqt-gcc/2.2.0-d04e724/bin/../lib/gcc/arm-none-eabi/12.3.0/../../../../arm-none-eabi/lib/thumb/libstdc++.a(tree.o)
 .text._ZStL25local_Rb_tree_rotate_leftPSt18_Rb_tree_node_baseRS0_
                0x10008ef6       0x2e /home/runner/.arduino15/packages/rp2040/tools/pqt-gcc/2.2.0-d04e724/bin/../lib/gcc/arm-none-eabi/12.3.0/../../../../arm-none-eabi/lib/thumb/libstdc++.a(tree.o)
 .text._ZStL26local_Rb_tree_rotate_rightPSt18_Rb_tree_node_baseRS0_
                0x10008f24       0x2e /home/runner/.arduino15/packages/rp2040/tools/pqt-gcc/2.2.0-d04e724/bin/../lib/gcc/arm-none-eabi/12.3.0/../../../../arm-none-eabi/lib/thumb/libstdc++.a(tree.o)
 .text._ZSt18_Rb_tree_decrementPSt18_Rb_tree_node_base
                0x10008f52        0x8 /home/runner/.arduino15/packages/rp2040/tools/pqt-gcc/2.2.0-d04e724/bin/../lib/gcc/arm-none-eabi/12.3.0/../../../../arm-none-eabi/lib/thumb/libstdc++.a(tree.o)
                0x10008f52                _ZSt18_Rb_tree_decrementPSt18_Rb_tree_node_base
 .text._ZSt29_Rb_tree_insert_and_rebalancebPSt18_Rb_tree_node_baseS0_RS_
                0x10008f5a       0xc6 /home/runner/.arduino15/packages/rp2040/tools/pqt-gcc/2.2.0-d04e724/bin/../lib/gcc/arm-none-eabi/12.3.0/../../../../arm-none-eabi/lib/thumb/libstdc++.a(tree.o)
                0x10008f5a                _ZSt29_Rb_tree_insert_and_rebalancebPSt18_Rb_tree_node_baseS0_RS_
 .text          0x10009020       0x14 /home/runner/.arduino15/packages/rp2040/tools/pqt-gcc/2.2.0-d04e724/bin/../lib/gcc/arm-none-eabi/12.3.0/../../../../arm-none-eabi/lib/thumb/libc.a(lib_a-calloc.o)
                0x10009020                calloc
 .text          0x10009034       0x9a /home/runner/.arduino15/packages/rp2040/tools/pqt-gcc/2.2.0-d04e724/bin/../lib/gcc/arm-none-eabi/12.3.0/../../../../arm-none-eabi/lib/thumb/libc.a(lib_a-callocr.o)
                0x10009034                _calloc_r
 .text          0x100090ce        0x8 /home/runner/.arduino15/packages/rp2040/tools/pqt-gcc/2.2.0-d04e724/bin/../lib/gcc/arm-none-eabi/12.3.0/../../../../arm-none-eabi/lib/thumb/libc.a(lib_a-errno.o)
                0x100090ce                __errno
 *fill*         0x100090d6        0x2 
 .text          0x100090d8      0x238 /home/runner/.arduino15/packages/rp2040/tools/pqt-gcc/2.2.0-d04e724/bin/../lib/gcc/arm-none-eabi/12.3.0/../../../../arm-none-eabi/lib/thumb/libc.a(lib_a-findfp.o)
                0x10009120                _cleanup_r
                0x10009160                __sfmoreglue
                0x1000918c                _cleanup
                0x1000919c                __sfp_lock_acquire
                0x100091ac                __sfp_lock_release
                0x100091bc                __sinit_lock_acquire
                0x100091cc                __sinit_lock_release
                0x100091dc                __sinit
                0x10009250                __sfp
                0x100092e0                __fp_lock_all
                0x100092f8                __fp_unlock_all
 .text          0x10009310       0x70 /home/runner/.arduino15/packages/rp2040/tools/pqt-gcc/2.2.0-d04e724/bin/../lib/gcc/arm-none-eabi/12.3.0/../../../../arm-none-eabi/lib/thumb/libc.a(lib_a-fwalk.o)
                0x10009310                _fwalk
                0x10009346                _fwalk_reent
 .text          0x10009380       0x20 /home/runner/.arduino15/packages/rp2040/tools/pqt-gcc/2.2.0-d04e724/bin/../lib/gcc/arm-none-eabi/12.3.0/../../../../arm-none-eabi/lib/thumb/libc.a(lib_a-malloc.o)
                0x10009380                malloc
                0x10009390                free
 .text          0x100093a0      0x430 /home/runner/.arduino15/packages/rp2040/tools/pqt-gcc/2.2.0-d04e724/bin/../lib/gcc/arm-none-eabi/12.3.0/../../../../arm-none-eabi/lib/thumb/libc.a(lib_a-mallocr.o)
                0x100093a0                _malloc_r
 .text          0x100097d0       0x20 /home/runner/.arduino15/packages/rp2040/tools/pqt-gcc/2.2.0-d04e724/bin/../lib/gcc/arm-none-eabi/12.3.0/../../../../arm-none-eabi/lib/thumb/libc.a(lib_a-mlock.o)
                0x100097d0                __malloc_lock
                0x100097e0                __malloc_unlock
 .text          0x100097f0      0x5c4 /home/runner/.arduino15/packages/rp2040/tools/pqt-gcc/2.2.0-d04e724/bin/../lib/gcc/arm-none-eabi/12.3.0/../../../../arm-none-eabi/lib/thumb/libc.a(lib_a-nano-vfprintf_float.o)
                0x100097f0                __cvt
                0x100098c4                __exponent
                0x10009944                _printf_float
 .text          0x10009db4      0x428 /home/runner/.arduino15/packages/rp2040/tools/pqt-gcc/2.2.0-d04e724/bin/../lib/gcc/arm-none-eabi/12.3.0/../../../../arm-none-eabi/lib/thumb/libc.a(lib_a-nano-vfprintf_i.o)
                0x10009db4                _printf_common
                0x10009e92                _printf_i
 .text          0x1000a1dc      0x41c /home/runner/.arduino15/packages/rp2040/tools/pqt-gcc/2.2.0-d04e724/bin/../lib/gcc/arm-none-eabi/12.3.0/../../../../arm-none-eabi/lib/thumb/libc.a(lib_a-nano-vfscanf_float.o)
                0x1000a1dc                _scanf_float
 .text          0x1000a5f8       0x54 /home/runner/.arduino15/packages/rp2040/tools/pqt-gcc/2.2.0-d04e724/bin/../lib/gcc/arm-none-eabi/12.3.0/../../../../arm-none-eabi/lib/thumb/libc.a(lib_a-printf.o)
                0x1000a5f8                _printf_r
                0x1000a5f8                _iprintf_r
                0x1000a620                printf
                0x1000a620                iprintf
 .text          0x1000a64c       0xe8 /home/runner/.arduino15/packages/rp2040/tools/pqt-gcc/2.2.0-d04e724/bin/../lib/gcc/arm-none-eabi/12.3.0/../../../../arm-none-eabi/lib/thumb/libc.a(lib_a-puts.o)
                0x1000a64c                _puts_r
                0x1000a724                puts
 .text          0x1000a734       0x14 /home/runner/.arduino15/packages/rp2040/tools/pqt-gcc/2.2.0-d04e724/bin/../lib/gcc/arm-none-eabi/12.3.0/../../../../arm-none-eabi/lib/thumb/libc.a(lib_a-realloc.o)
                0x1000a734                realloc
 .text          0x1000a748      0x354 /home/runner/.arduino15/packages/rp2040/tools/pqt-gcc/2.2.0-d04e724/bin/../lib/gcc/arm-none-eabi/12.3.0/../../../../arm-none-eabi/lib/thumb/libc.a(lib_a-reallocr.o)
                0x1000a748                _realloc_r
 .text          0x1000aa9c       0x24 /home/runner/.arduino15/packages/rp2040/tools/pqt-gcc/2.2.0-d04e724/bin/../lib/gcc/arm-none-eabi/12.3.0/../../../../arm-none-eabi/lib/thumb/libc.a(lib_a-sbrkr.o)
                0x1000aa9c                _sbrk_r
 .text          0x1000aac0        0x8 /home/runner/.arduino15/packages/rp2040/tools/pqt-gcc/2.2.0-d04e724/bin/../lib/gcc/arm-none-eabi/12.3.0/../../../../arm-none-eabi/lib/thumb/libc.a(lib_a-sf_nan.o)
                0x1000aac0                nanf
 .text          0x1000aac8       0x78 /home/runner/.arduino15/packages/rp2040/tools/pqt-gcc/2.2.0-d04e724/bin/../lib/gcc/arm-none-eabi/12.3.0/../../../../arm-none-eabi/lib/thumb/libc.a(lib_a-sprintf.o)
                0x1000aac8                _siprintf_r
                0x1000aac8                _sprintf_r
                0x1000ab00                sprintf
                0x1000ab00                siprintf
 .text          0x1000ab40       0x9c /home/runner/.arduino15/packages/rp2040/tools/pqt-gcc/2.2.0-d04e724/bin/../lib/gcc/arm-none-eabi/12.3.0/../../../../arm-none-eabi/lib/thumb/libc.a(lib_a-stdio.o)
                0x1000ab40                __sread
                0x1000ab68                __seofread
                0x1000ab6c                __swrite
                0x1000aba4                __sseek
                0x1000abd0                __sclose
 .text          0x1000abdc       0x14 /home/runner/.arduino15/packages/rp2040/tools/pqt-gcc/2.2.0-d04e724/bin/../lib/gcc/arm-none-eabi/12.3.0/../../../../arm-none-eabi/lib/thumb/libc.a(lib_a-strcmp.o)
                0x1000abdc                strcmp
 .text          0x1000abf0        0xe /home/runner/.arduino15/packages/rp2040/tools/pqt-gcc/2.2.0-d04e724/bin/../lib/gcc/arm-none-eabi/12.3.0/../../../../arm-none-eabi/lib/thumb/libc.a(lib_a-strlen.o)
                0x1000abf0                strlen
 .text          0x1000abfe       0x22 /home/runner/.arduino15/packages/rp2040/tools/pqt-gcc/2.2.0-d04e724/bin/../lib/gcc/arm-none-eabi/12.3.0/../../../../arm-none-eabi/lib/thumb/libc.a(lib_a-strncmp.o)
                0x1000abfe                strncmp
 .text          0x1000ac20      0xe34 /home/runner/.arduino15/packages/rp2040/tools/pqt-gcc/2.2.0-d04e724/bin/../lib/gcc/arm-none-eabi/12.3.0/../../../../arm-none-eabi/lib/thumb/libc.a(lib_a-strtod.o)
                0x1000ac50                _strtod_l
                0x1000b8b8                _strtod_r
                0x1000b8c8                strtod_l
                0x1000b8e0                strtod
                0x1000b8fc                strtof_l
                0x1000b9a8                strtof
 .text          0x1000ba54      0x150 /home/runner/.arduino15/packages/rp2040/tools/pqt-gcc/2.2.0-d04e724/bin/../lib/gcc/arm-none-eabi/12.3.0/../../../../arm-none-eabi/lib/thumb/libc.a(lib_a-strtol.o)
                0x1000bb6c                _strtol_r
                0x1000bb74                strtol_l
                0x1000bb8c                strtol
 .text          0x1000bba4       0x4a /home/runner/.arduino15/packages/rp2040/tools/pqt-gcc/2.2.0-d04e724/bin/../lib/gcc/arm-none-eabi/12.3.0/../../../../arm-none-eabi/lib/thumb/libc.a(lib_a-vprintf.o)
                0x1000bba4                vprintf
                0x1000bba4                viprintf
                0x1000bbca                _viprintf_r
                0x1000bbca                _vprintf_r
 *fill*         0x1000bbee        0x2 
 .text          0x1000bbf0       0xdc /home/runner/.arduino15/packages/rp2040/tools/pqt-gcc/2.2.0-d04e724/bin/../lib/gcc/arm-none-eabi/12.3.0/../../../../arm-none-eabi/lib/thumb/libc.a(lib_a-wbuf.o)
                0x1000bbf0                __swbuf_r
                0x1000bcb8                __swbuf
 .text          0x1000bccc       0x28 /home/runner/.arduino15/packages/rp2040/tools/pqt-gcc/2.2.0-d04e724/bin/../lib/gcc/arm-none-eabi/12.3.0/../../../../arm-none-eabi/lib/thumb/libc.a(lib_a-writer.o)
                0x1000bccc                _write_r
 .text          0x1000bcf4       0xe0 /home/runner/.arduino15/packages/rp2040/tools/pqt-gcc/2.2.0-d04e724/bin/../lib/gcc/arm-none-eabi/12.3.0/../../../../arm-none-eabi/lib/thumb/libc.a(lib_a-wsetup.o)
                0x1000bcf4                __swsetup_r
 .text          0x1000bdd4       0x24 /home/runner/.arduino15/packages/rp2040/tools/pqt-gcc/2.2.0-d04e724/bin/../lib/gcc/arm-none-eabi/12.3.0/../../../../arm-none-eabi/lib/thumb/libc.a(lib_a-closer.o)
                0x1000bdd4                _close_r
 .text          0x1000bdf8      0xdc8 /home/runner/.arduino15/packages/rp2040/tools/pqt-gcc/2.2.0-d04e724/bin/../lib/gcc/arm-none-eabi/12.3.0/../../../../arm-none-eabi/lib/thumb/libc.a(lib_a-dtoa.o)
                0x1000bf14                _dtoa_r
 .text          0x1000cbc0       0xf8 /home/runner/.arduino15/packages/rp2040/tools/pqt-gcc/2.2.0-d04e724/bin/../lib/gcc/arm-none-eabi/12.3.0/../../../../arm-none-eabi/lib/thumb/libc.a(lib_a-fclose.o)
                0x1000cbc0                _fclose_r
                0x1000cca8                fclose
 .text          0x1000ccb8      0x1cc /home/runner/.arduino15/packages/rp2040/tools/pqt-gcc/2.2.0-d04e724/bin/../lib/gcc/arm-none-eabi/12.3.0/../../../../arm-none-eabi/lib/thumb/libc.a(lib_a-fflush.o)
                0x1000ccb8                __sflush_r
                0x1000cdd8                _fflush_r
                0x1000ce5c                fflush
 .text          0x1000ce84      0x20c /home/runner/.arduino15/packages/rp2040/tools/pqt-gcc/2.2.0-d04e724/bin/../lib/gcc/arm-none-eabi/12.3.0/../../../../arm-none-eabi/lib/thumb/libc.a(lib_a-freer.o)
                0x1000ce84                _malloc_trim_r
                0x1000cf20                _free_r
 .text          0x1000d090      0x2bc /home/runner/.arduino15/packages/rp2040/tools/pqt-gcc/2.2.0-d04e724/bin/../lib/gcc/arm-none-eabi/12.3.0/../../../../arm-none-eabi/lib/thumb/libc.a(lib_a-fvwrite.o)
                0x1000d090                __sfvwrite_r
 .text          0x1000d34c      0x54c /home/runner/.arduino15/packages/rp2040/tools/pqt-gcc/2.2.0-d04e724/bin/../lib/gcc/arm-none-eabi/12.3.0/../../../../arm-none-eabi/lib/thumb/libc.a(lib_a-gdtoa-gethex.o)
                0x1000d3f8                __hexdig_fun
                0x1000d422                __gethex
 .text          0x1000d898      0x19c /home/runner/.arduino15/packages/rp2040/tools/pqt-gcc/2.2.0-d04e724/bin/../lib/gcc/arm-none-eabi/12.3.0/../../../../arm-none-eabi/lib/thumb/libc.a(lib_a-gdtoa-hexnan.o)
                0x1000d8bc                __match
                0x1000d8e4                __hexnan
 .text          0x1000da34       0x64 /home/runner/.arduino15/packages/rp2040/tools/pqt-gcc/2.2.0-d04e724/bin/../lib/gcc/arm-none-eabi/12.3.0/../../../../arm-none-eabi/lib/thumb/libc.a(lib_a-locale.o)
                0x1000da34                _setlocale_r
                0x1000da74                __locale_mb_cur_max
                0x1000da84                setlocale
 .text          0x1000da98       0x14 /home/runner/.arduino15/packages/rp2040/tools/pqt-gcc/2.2.0-d04e724/bin/../lib/gcc/arm-none-eabi/12.3.0/../../../../arm-none-eabi/lib/thumb/libc.a(lib_a-localeconv.o)
                0x1000da98                __localeconv_l
                0x1000da9c                _localeconv_r
                0x1000daa4                localeconv
 .text          0x1000daac       0x28 /home/runner/.arduino15/packages/rp2040/tools/pqt-gcc/2.2.0-d04e724/bin/../lib/gcc/arm-none-eabi/12.3.0/../../../../arm-none-eabi/lib/thumb/libc.a(lib_a-lseekr.o)
                0x1000daac                _lseek_r
 .text          0x1000dad4       0xe8 /home/runner/.arduino15/packages/rp2040/tools/pqt-gcc/2.2.0-d04e724/bin/../lib/gcc/arm-none-eabi/12.3.0/../../../../arm-none-eabi/lib/thumb/libc.a(lib_a-makebuf.o)
                0x1000dad4                __swhatbuf_r
                0x1000db30                __smakebuf_r
 .text          0x1000dbbc       0x38 /home/runner/.arduino15/packages/rp2040/tools/pqt-gcc/2.2.0-d04e724/bin/../lib/gcc/arm-none-eabi/12.3.0/../../../../arm-none-eabi/lib/thumb/libc.a(lib_a-mbtowc_r.o)
                0x1000dbbc                _mbtowc_r
                0x1000dbd0                __ascii_mbtowc
 .text          0x1000dbf4      0x9cc /home/runner/.arduino15/packages/rp2040/tools/pqt-gcc/2.2.0-d04e724/bin/../lib/gcc/arm-none-eabi/12.3.0/../../../../arm-none-eabi/lib/thumb/libc.a(lib_a-mprec.o)
                0x1000dbf4                _Balloc
                0x1000dc7c                _Bfree
                0x1000dcc4                __multadd
                0x1000dd4c                __s2b
                0x1000dde4                __hi0bits
                0x1000de30                __lo0bits
                0x1000de8c                __i2b
                0x1000debc                __multiply
                0x1000e020                __pow5mult
                0x1000e0d8                __lshift
                0x1000e1b0                __mcmp
                0x1000e1e6                __mdiff
                0x1000e318                __ulp
                0x1000e358                __b2d
                0x1000e3f0                __d2b
                0x1000e4b0                __ratio
                0x1000e504                _mprec_log10
                0x1000e538                __copybits
                0x1000e57a                __any_on
 .text          0x1000e5c0      0x3f8 /home/runner/.arduino15/packages/rp2040/tools/pqt-gcc/2.2.0-d04e724/bin/../lib/gcc/arm-none-eabi/12.3.0/../../../../arm-none-eabi/lib/thumb/libc.a(lib_a-nano-svfprintf.o)
                0x1000e5c0                __ssputs_r
                0x1000e680                __ssprint_r
                0x1000e780                _svfprintf_r
                0x1000e780                _svfiprintf_r
 .text          0x1000e9b8      0x3a8 /home/runner/.arduino15/packages/rp2040/tools/pqt-gcc/2.2.0-d04e724/bin/../lib/gcc/arm-none-eabi/12.3.0/../../../../arm-none-eabi/lib/thumb/libc.a(lib_a-nano-vfprintf.o)
                0x1000e9e2                __sfputs_r
                0x1000ea2a                __sprint_r
                0x1000ea98                _vfiprintf_r
                0x1000ea98                _vfprintf_r
                0x1000ed48                vfiprintf
                0x1000ed48                vfprintf
 .text          0x1000ed60       0x28 /home/runner/.arduino15/packages/rp2040/tools/pqt-gcc/2.2.0-d04e724/bin/../lib/gcc/arm-none-eabi/12.3.0/../../../../arm-none-eabi/lib/thumb/libc.a(lib_a-readr.o)
                0x1000ed60                _read_r
 .text          0x1000ed88        0xc /home/runner/.arduino15/packages/rp2040/tools/pqt-gcc/2.2.0-d04e724/bin/../lib/gcc/arm-none-eabi/12.3.0/../../../../arm-none-eabi/lib/thumb/libc.a(lib_a-s_nan.o)
                0x1000ed88                nan
 .text          0x1000ed94       0x2c /home/runner/.arduino15/packages/rp2040/tools/pqt-gcc/2.2.0-d04e724/bin/../lib/gcc/arm-none-eabi/12.3.0/../../../../arm-none-eabi/lib/thumb/libc.a(lib_a-wctomb_r.o)
                0x1000ed94                _wctomb_r
                0x1000eda4                __ascii_wctomb
 .text          0x1000edc0      0x120 /home/runner/.arduino15/packages/rp2040/tools/pqt-gcc/2.2.0-d04e724/bin/../lib/gcc/arm-none-eabi/12.3.0/../../../../arm-none-eabi/lib/thumb/libc.a(lib_a-fputwc.o)
                0x1000edc0                __fputwc
                0x1000ee3c                _fputwc_r
                0x1000ee92                fputwc
 .text          0x1000eee0       0x24 /home/runner/.arduino15/packages/rp2040/tools/pqt-gcc/2.2.0-d04e724/bin/../lib/gcc/arm-none-eabi/12.3.0/../../../../arm-none-eabi/lib/thumb/libc.a(lib_a-fstatr.o)
                0x1000eee0                _fstat_r
 .text          0x1000ef04       0x24 /home/runner/.arduino15/packages/rp2040/tools/pqt-gcc/2.2.0-d04e724/bin/../lib/gcc/arm-none-eabi/12.3.0/../../../../arm-none-eabi/lib/thumb/libc.a(lib_a-isattyr.o)
                0x1000ef04                _isatty_r
 .text          0x1000ef28       0x44 /home/runner/.arduino15/packages/rp2040/tools/pqt-gcc/2.2.0-d04e724/bin/../lib/gcc/arm-none-eabi/12.3.0/../../../../arm-none-eabi/lib/thumb/libc.a(lib_a-wcrtomb.o)
                0x1000ef28                _wcrtomb_r
                0x1000ef54                wcrtomb
 .text._ZL27__getFreeRTOSRecursiveMutexP6__lock
                0x1000ef6c       0x68 /tmp/arduino/sketches/C47A4579035D871DA8516B658F9637A9/core/core.a(lock.cpp.o)
 .text.__retarget_lock_init_recursive
                0x1000efd4       0x50 /tmp/arduino/sketches/C47A4579035D871DA8516B658F9637A9/core/core.a(lock.cpp.o)
                0x1000efd4                __retarget_lock_init_recursive
 .text.__retarget_lock_close_recursive
                0x1000f024        0x2 /tmp/arduino/sketches/C47A4579035D871DA8516B658F9637A9/core/core.a(lock.cpp.o)
                0x1000f024                __retarget_lock_close_recursive
 *fill*         0x1000f026        0x2 
 .text.__retarget_lock_acquire_recursive
                0x1000f028       0x20 /tmp/arduino/sketches/C47A4579035D871DA8516B658F9637A9/core/core.a(lock.cpp.o)
                0x1000f028                __retarget_lock_acquire_recursive
 .text.__retarget_lock_release_recursive
                0x1000f048       0x20 /tmp/arduino/sketches/C47A4579035D871DA8516B658F9637A9/core/core.a(lock.cpp.o)
                0x1000f048                __retarget_lock_release_recursive
 .text._write   0x1000f068        0x4 /tmp/arduino/sketches/C47A4579035D871DA8516B658F9637A9/core/core.a(posix.cpp.o)
                0x1000f068                _write
 .text._close   0x1000f06c       0x10 /tmp/arduino/sketches/C47A4579035D871DA8516B658F9637A9/core/core.a(posix.cpp.o)
                0x1000f06c                _close
 .text._fstat   0x1000f07c       0x10 /tmp/arduino/sketches/C47A4579035D871DA8516B658F9637A9/core/core.a(posix.cpp.o)
                0x1000f07c                _fstat
 .text._isatty  0x1000f08c       0x10 /tmp/arduino/sketches/C47A4579035D871DA8516B658F9637A9/core/core.a(posix.cpp.o)
                0x1000f08c                _isatty
 .text._lseek   0x1000f09c       0x10 /tmp/arduino/sketches/C47A4579035D871DA8516B658F9637A9/core/core.a(posix.cpp.o)
                0x1000f09c                _lseek
 .text._read    0x1000f0ac        0x6 /tmp/arduino/sketches/C47A4579035D871DA8516B658F9637A9/core/core.a(posix.cpp.o)
                0x1000f0ac                _read
 *(.fini)
 *fill*         0x1000f0b2        0x2 
 .fini          0x1000f0b4        0x4 /home/runner/.arduino15/packages/rp2040/tools/pqt-gcc/2.2.0-d04e724/bin/../lib/gcc/arm-none-eabi/12.3.0/thumb/crti.o
                0x1000f0b4                _fini
 .fini.__stub   0x1000f0b8      0x160 linker stubs
 *crtbegin.o(.ctors)
 *crtbegin?.o(.ctors)
 *(EXCLUDE_FILE(*crtend.o *crtend?.o) .ctors)
 *(SORT_BY_NAME(.ctors.*))
 *(.ctors)
 *crtbegin.o(.dtors)
 *crtbegin?.o(.dtors)
 *(EXCLUDE_FILE(*crtend.o *crtend?.o) .dtors)
 *(SORT_BY_NAME(.dtors.*))
 *(.dtors)
 *(.eh_frame*)
 .eh_frame      0x1000f218        0x0 /home/runner/.arduino15/packages/rp2040/tools/pqt-gcc/2.2.0-d04e724/bin/../lib/gcc/arm-none-eabi/12.3.0/thumb/crtbegin.o
                0x1000f218                        . = ALIGN (0x4)

.glue_7         0x1000f218        0x0
 .glue_7        0x1000f218        0x0 linker stubs

.glue_7t        0x1000f218        0x0
 .glue_7t       0x1000f218        0x0 linker stubs

.vfp11_veneer   0x1000f218        0x0
 .vfp11_veneer  0x1000f218        0x0 linker stubs

.v4_bx          0x1000f218        0x0
 .v4_bx         0x1000f218        0x0 linker stubs

.iplt           0x1000f218        0x0
 .iplt          0x1000f218        0x0 /home/runner/.arduino15/packages/rp2040/tools/pqt-gcc/2.2.0-d04e724/bin/../lib/gcc/arm-none-eabi/12.3.0/thumb/crtbegin.o

.rodata         0x1000f218      0x8fc
 *(EXCLUDE_FILE(*libm.a: *libc.a:*lib_a-mem*.o *libgcc.a:) .rodata* .big_const*)
 .rodata._GLOBAL__sub_I_rp2040.str1.1
                0x1000f218        0x0 /tmp/arduino/sketches/C47A4579035D871DA8516B658F9637A9/core/core.a(main.cpp.o)
                                  0x1 (size before relaxing)
 .rodata.main.str1.1
                0x1000f218       0x32 /tmp/arduino/sketches/C47A4579035D871DA8516B658F9637A9/core/core.a(main.cpp.o)
 .rodata._ZL14ccount_program
                0x1000f24a        0x6 /tmp/arduino/sketches/C47A4579035D871DA8516B658F9637A9/core/core.a(main.cpp.o)
 .rodata._ZL27ccount_program_instructions
                0x1000f250        0x4 /tmp/arduino/sketches/C47A4579035D871DA8516B658F9637A9/core/core.a(main.cpp.o)
 .rodata.noInterrupts.str1.1
                0x1000f254       0x13 /tmp/arduino/sketches/C47A4579035D871DA8516B658F9637A9/core/core.a(wiring_private.cpp.o)
 .rodata._Z10__USBStartv.str1.1
                0x1000f267       0xc3 /tmp/arduino/sketches/C47A4579035D871DA8516B658F9637A9/core/core.a(RP2040USB.cpp.o)
 .rodata.str1.1
                0x1000f32a       0x1c /tmp/arduino/sketches/C47A4579035D871DA8516B658F9637A9/core/core.a(RP2040USB.cpp.o)
                                 0x1d (size before relaxing)
 *fill*         0x1000f346        0x2 
 .rodata._ZZ24tud_descriptor_string_cbE13usbd_desc_str
                0x1000f348       0x14 /tmp/arduino/sketches/C47A4579035D871DA8516B658F9637A9/core/core.a(RP2040USB.cpp.o)
 .rodata        0x1000f35c      0x1dc /tmp/arduino/sketches/C47A4579035D871DA8516B658F9637A9/core/core.a(RP2040USB.cpp.o)
 .rodata._ZTV9SerialUSB
                0x1000f538       0x34 /tmp/arduino/sketches/C47A4579035D871DA8516B658F9637A9/core/core.a(SerialUSB.cpp.o)
                0x1000f538                _ZTV9SerialUSB
 .rodata.spin_lock_claim_unused.str1.1
                0x1000f56c       0x1b /home/runner/.arduino15/packages/rp2040/hardware/rp2040/3.9.2/lib/libpico.a(sync.c.obj)
 .rodata.user_irq_claim_unused.str1.1
                0x1000f587       0x1b /home/runner/.arduino15/packages/rp2040/hardware/rp2040/3.9.2/lib/libpico.a(irq.c.obj)
 .rodata.hardware_alarm_claim.str1.1
                0x1000f5a2       0x22 /home/runner/.arduino15/packages/rp2040/hardware/rp2040/3.9.2/lib/libpico.a(timer.c.obj)
 .rodata._pio_add_program_at_offset.str1.1
                0x1000f5c4       0x11 /home/runner/.arduino15/packages/rp2040/hardware/rp2040/3.9.2/lib/libpico.a(pio.c.obj)
 .rodata.pio_claim_unused_sm.str1.1
                0x1000f5d5       0x24 /home/runner/.arduino15/packages/rp2040/hardware/rp2040/3.9.2/lib/libpico.a(pio.c.obj)
 .rodata.__assert_func.str1.1
                0x1000f5f9       0x3c /home/runner/.arduino15/packages/rp2040/hardware/rp2040/3.9.2/lib/libpico.a(runtime.c.obj)
                                 0x3d (size before relaxing)
 .rodata.panic.str1.1